Archive member included because of file (symbol)

../../mri/mri.ar(mri.o)       LPC176x/gcc4mbed.o (__mriInit)
../../mri/mri.ar(packet.o)    ../../mri/mri.ar(mri.o) (__mriPacket_Init)
../../mri/mri.ar(token.o)     ../../mri/mri.ar(mri.o) (__mriToken_Init)
../../mri/mri.ar(try_catch.o)
                              ../../mri/mri.ar(mri.o) (__mriExceptionCode)
../../mri/mri.ar(cortex-m.o)  ../../mri/mri.ar(mri.o) (__mriPlatform_IsSingleStepping)
../../mri/mri.ar(lpc176x_uart.o)
                              ../../mri/mri.ar(mri.o) (__mriPlatform_CommHasReceiveData)
../../mri/mri.ar(lpc176x.o)   ../../mri/mri.ar(lpc176x_uart.o) (__mriLpc176xState)
../../mri/mri.ar(mbed1768.o)  ../../mri/mri.ar(mri.o) (__mriPlatform_Init)
../../mri/mri.ar(semihost.o)  ../../mri/mri.ar(mri.o) (__mriSemihost_IsDebuggeeMakingSemihostCall)
../../mri/mri.ar(semihost_newlib.o)
                              ../../mri/mri.ar(semihost.o) (__mriSemihost_HandleNewlibSemihostRequest)
../../mri/mri.ar(semihost_mbed.o)
                              ../../mri/mri.ar(semihost.o) (__mriSemihost_HandleMbedSemihostRequest)
../../mri/mri.ar(cortex-m_asm.o)
                              ../../mri/mri.ar(cortex-m.o) (__mriGetIPSR)
../../mri/mri.ar(mbed1768_asm.o)
                              ../../mri/mri.ar(mbed1768.o) (__mriDisableMbed)
../../mri/mri.ar(newlib_asm.o)
                              LPC176x/gcc4mbed.o (__mriNewlib_SemihostWrite)
../../mri/mri.ar(buffer.o)    ../../mri/mri.ar(mri.o) (__mriBuffer_Init)
../../mri/mri.ar(cmd_break_watch.o)
                              ../../mri/mri.ar(mri.o) (__mriCmd_HandleBreakpointWatchpointSetCommand)
../../mri/mri.ar(cmd_common.o)
                              ../../mri/mri.ar(cmd_break_watch.o) (__mriCmd_ReadUIntegerArgument)
../../mri/mri.ar(cmd_continue.o)
                              ../../mri/mri.ar(mri.o) (__mriCmd_HandleContinueCommand)
../../mri/mri.ar(cmd_file.o)  ../../mri/mri.ar(semihost_newlib.o) (__mriIssueGdbFileOpenRequest)
../../mri/mri.ar(cmd_memory.o)
                              ../../mri/mri.ar(mri.o) (__mriCmd_HandleMemoryReadCommand)
../../mri/mri.ar(cmd_query.o)
                              ../../mri/mri.ar(mri.o) (__mriCmd_HandleQueryCommand)
../../mri/mri.ar(cmd_registers.o)
                              ../../mri/mri.ar(mri.o) (__mriCmd_Send_T_StopResponse)
../../mri/mri.ar(cmd_step.o)  ../../mri/mri.ar(mri.o) (__mriCmd_HandleSingleStepCommand)
../../mri/mri.ar(gdb_console.o)
                              ../../mri/mri.ar(cortex-m.o) (__mriGdbConsole_WriteString)
../../mri/mri.ar(memory.o)    ../../mri/mri.ar(cmd_memory.o) (__mriMem_ReadMemoryIntoHexBuffer)
../../external/mbed/LPC1768/GCC_ARM/libmbed.a(analogin_api.o)
                              LPC176x/./main.o (analogin_init)
../../external/mbed/LPC1768/GCC_ARM/libmbed.a(analogout_api.o)
                              LPC176x/./main.o (analogout_init)
../../external/mbed/LPC1768/GCC_ARM/libmbed.a(gpio_api.o)
                              LPC176x/./main.o (gpio_init)
../../external/mbed/LPC1768/GCC_ARM/libmbed.a(pinmap.o)
                              ../../external/mbed/LPC1768/GCC_ARM/libmbed.a(gpio_api.o) (pin_function)
../../external/mbed/LPC1768/GCC_ARM/libmbed.a(exit.o)
                              LPC176x/gcc4mbed.o (exit)
../../external/mbed/LPC1768/GCC_ARM/libmbed.a(mbed_interface.o)
                              ../../external/mbed/LPC1768/GCC_ARM/libmbed.a(exit.o) (mbed_interface_connected)
../../external/mbed/LPC1768/GCC_ARM/libmbed.a(pinmap_common.o)
                              ../../external/mbed/LPC1768/GCC_ARM/libmbed.a(analogin_api.o) (pinmap_pinout)
../../external/mbed/LPC1768/GCC_ARM/libmbed.a(semihost_api.o)
                              ../../external/mbed/LPC1768/GCC_ARM/libmbed.a(exit.o) (semihost_exit)
../../external/mbed/LPC1768/GCC_ARM/libmbed.a(wait_api.o)
                              LPC176x/./main.o (wait)
../../external/mbed/LPC1768/GCC_ARM/libmbed.a(Serial.o)
                              LPC176x/./main.o (mbed::Serial::Serial(PinName, PinName, char const*))
../../external/mbed/LPC1768/GCC_ARM/libmbed.a(stdio.o)
                              LPC176x/gcc4mbed.o (_write)
../../external/mbed/LPC1768/GCC_ARM/libmbed.a(Stream.o)
                              ../../external/mbed/LPC1768/GCC_ARM/libmbed.a(Serial.o) (mbed::Stream::close())
../../external/mbed/LPC1768/GCC_ARM/libmbed.a(board.o)
                              ../../external/mbed/LPC1768/GCC_ARM/libmbed.a(exit.o) (mbed_die)
../../external/mbed/LPC1768/GCC_ARM/libmbed.a(serial_api.o)
                              ../../external/mbed/LPC1768/GCC_ARM/libmbed.a(Serial.o) (serial_baud)
../../external/mbed/LPC1768/GCC_ARM/libmbed.a(us_ticker_api.o)
                              ../../external/mbed/LPC1768/GCC_ARM/libmbed.a(wait_api.o) (us_ticker_read)
../../external/mbed/LPC1768/GCC_ARM/libmbed.a(FileLike.o)
                              ../../external/mbed/LPC1768/GCC_ARM/libmbed.a(Stream.o) (mbed::FileLike::~FileLike())
[...]
Memory Configuration

Name             Origin             Length             Attributes
FLASH            0x0000000000000000 0x0000000000080000 xr
RAM              0x00000000100000c8 0x0000000000007f38 xrw
USB_RAM          0x000000002007c000 0x0000000000004000 xrw
ETH_RAM          0x0000000020080000 0x0000000000004000 xrw
*default*        0x0000000000000000 0xffffffffffffffff

Linker script and memory map

LOAD /Users/donghee/Downloads/gcc-arm-none-eabi-4_8-2014q2/bin/../lib/gcc/arm-none-eabi/4.8.4/armv7-m/crti.o
LOAD /Users/donghee/Downloads/gcc-arm-none-eabi-4_8-2014q2/bin/../lib/gcc/arm-none-eabi/4.8.4/armv7-m/crtbegin.o
LOAD LPC176x/./main.o
LOAD LPC176x/gcc4mbed.o
LOAD ../../mri/mri.ar
LOAD ../../external/mbed/LPC1768/GCC_ARM/startup_LPC17xx.o
LOAD ../../external/mbed/LPC1768/GCC_ARM/cmsis_nvic.o
LOAD ../../external/mbed/LPC1768/GCC_ARM/core_cm3.o
LOAD ../../external/mbed/LPC1768/GCC_ARM/system_LPC17xx.o
LOAD ../../external/mbed/LPC1768/GCC_ARM/libmbed.a
LOAD /Users/donghee/Downloads/gcc-arm-none-eabi-4_8-2014q2/bin/../lib/gcc/arm-none-eabi/4.8.4/../../../../arm-none-eabi/lib/armv7-m/libstdc++_s.a
LOAD /Users/donghee/Downloads/gcc-arm-none-eabi-4_8-2014q2/bin/../lib/gcc/arm-none-eabi/4.8.4/../../../../arm-none-eabi/lib/armv7-m/libsupc++_s.a
LOAD /Users/donghee/Downloads/gcc-arm-none-eabi-4_8-2014q2/bin/../lib/gcc/arm-none-eabi/4.8.4/armv7-m/libgcc.a
LOAD /Users/donghee/Downloads/gcc-arm-none-eabi-4_8-2014q2/bin/../lib/gcc/arm-none-eabi/4.8.4/../../../../arm-none-eabi/lib/armv7-m/libc_s.a
LOAD /Users/donghee/Downloads/gcc-arm-none-eabi-4_8-2014q2/bin/../lib/gcc/arm-none-eabi/4.8.4/armv7-m/libgcc.a
LOAD /Users/donghee/Downloads/gcc-arm-none-eabi-4_8-2014q2/bin/../lib/gcc/arm-none-eabi/4.8.4/../../../../arm-none-eabi/lib/armv7-m/libc_s.a
LOAD /Users/donghee/Downloads/gcc-arm-none-eabi-4_8-2014q2/bin/../lib/gcc/arm-none-eabi/4.8.4/../../../../arm-none-eabi/lib/armv7-m/libnosys.a
LOAD /Users/donghee/Downloads/gcc-arm-none-eabi-4_8-2014q2/bin/../lib/gcc/arm-none-eabi/4.8.4/../../../../arm-none-eabi/lib/armv7-m/libstdc++.a
LOAD /Users/donghee/Downloads/gcc-arm-none-eabi-4_8-2014q2/bin/../lib/gcc/arm-none-eabi/4.8.4/../../../../arm-none-eabi/lib/armv7-m/libm.a
START GROUP
LOAD /Users/donghee/Downloads/gcc-arm-none-eabi-4_8-2014q2/bin/../lib/gcc/arm-none-eabi/4.8.4/armv7-m/libgcc.a
LOAD /Users/donghee/Downloads/gcc-arm-none-eabi-4_8-2014q2/bin/../lib/gcc/arm-none-eabi/4.8.4/../../../../arm-none-eabi/lib/armv7-m/libc.a
END GROUP
LOAD /Users/donghee/Downloads/gcc-arm-none-eabi-4_8-2014q2/bin/../lib/gcc/arm-none-eabi/4.8.4/armv7-m/crtend.o
LOAD /Users/donghee/Downloads/gcc-arm-none-eabi-4_8-2014q2/bin/../lib/gcc/arm-none-eabi/4.8.4/armv7-m/crtn.o

.text           0x0000000000000000     0xca8c
 *(.isr_vector)
 .isr_vector    0x0000000000000000       0xcc ../../external/mbed/LPC1768/GCC_ARM/startup_LPC17xx.o
                0x0000000000000000                __isr_vector
 *(.text*)
 .text          0x00000000000000cc       0x54 /Users/donghee/Downloads/gcc-arm-none-eabi-4_8-2014q2/bin/../lib/gcc/arm-none-eabi/4.8.4/armv7-m/crtbegin.o
 .text.NVIC_EnableIRQ
                0x0000000000000120       0x30 LPC176x/./main.o
 .text.NVIC_DisableIRQ
                0x0000000000000150       0x34 LPC176x/./main.o
 .text.gpio_write
                0x0000000000000184       0x30 LPC176x/./main.o
 .text._ZN4mbed10DigitalOutC2E7PinName
                0x00000000000001b4       0x20 LPC176x/./main.o
                0x00000000000001b4                mbed::DigitalOut::DigitalOut(PinName)
                0x00000000000001b4                mbed::DigitalOut::DigitalOut(PinName)
 .text._ZN4mbed10DigitalOut5writeEi
                0x00000000000001d4       0x1c LPC176x/./main.o
                0x00000000000001d4                mbed::DigitalOut::write(int)
 .text._ZN4mbed10DigitalOutaSEi
                0x00000000000001f0       0x1c LPC176x/./main.o
                0x00000000000001f0                mbed::DigitalOut::operator=(int)
 .text._ZN4mbed8AnalogInC2E7PinName
                0x000000000000020c       0x20 LPC176x/./main.o
                0x000000000000020c                mbed::AnalogIn::AnalogIn(PinName)
                0x000000000000020c                mbed::AnalogIn::AnalogIn(PinName)
 .text._ZN4mbed8AnalogIn4readEv
                0x000000000000022c       0x1c LPC176x/./main.o
                0x000000000000022c                mbed::AnalogIn::read()
 .text._ZN4mbed8AnalogIncvfEv
                0x0000000000000248       0x18 LPC176x/./main.o
                0x0000000000000248                mbed::AnalogIn::operator float()
 .text._ZN4mbed9AnalogOutC2E7PinName
                0x0000000000000260       0x20 LPC176x/./main.o
                0x0000000000000260                mbed::AnalogOut::AnalogOut(PinName)
                0x0000000000000260                mbed::AnalogOut::AnalogOut(PinName)
 .text._ZN4mbed9AnalogOut5writeEf
                0x0000000000000280       0x1c LPC176x/./main.o
                0x0000000000000280                mbed::AnalogOut::write(float)
 .text._ZN4mbed9AnalogOutaSEf
                0x000000000000029c       0x1c LPC176x/./main.o
                0x000000000000029c                mbed::AnalogOut::operator=(float)
 .text._Z4pushf
                0x00000000000002b8       0x3c LPC176x/./main.o
                0x00000000000002b8                push(float)
 .text._Z4turnf
                0x00000000000002f4       0x3c LPC176x/./main.o
                0x00000000000002f4                turn(float)
 .text._Z5_stopv
                0x0000000000000330       0x38 LPC176x/./main.o
                0x0000000000000330                _stop()
 .text._Z6_breakv
                0x0000000000000368       0x38 LPC176x/./main.o
                0x0000000000000368                _break()
 .text._Z4pullf
                0x00000000000003a0       0x3c LPC176x/./main.o
                0x00000000000003a0                pull(float)
 .text._Z9send_linev
                0x00000000000003dc      0x14c LPC176x/./main.o
                0x00000000000003dc                send_line()
 .text._Z9read_linev
                0x0000000000000528       0xc0 LPC176x/./main.o
                0x0000000000000528                read_line()
 .text._Z12Rx_interruptv
                0x00000000000005e8       0xa0 LPC176x/./main.o
                0x00000000000005e8                Rx_interrupt()
 .text._Z12Tx_interruptv
                0x0000000000000688       0x84 LPC176x/./main.o
                0x0000000000000688                Tx_interrupt()
 .text._Z21init_serial_interruptv
                0x000000000000070c       0x30 LPC176x/./main.o
                0x000000000000070c                init_serial_interrupt()
 .text._Z13parse_commandPc
                0x000000000000073c       0x5c LPC176x/./main.o
                0x000000000000073c                parse_command(char*)
 .text._Z10parse_argsPc
                0x0000000000000798       0x64 LPC176x/./main.o
                0x0000000000000798                parse_args(char*)
 *fill*         0x00000000000007fc        0x4 
 .text._Z7execute9COMMAND_ti
                0x0000000000000800       0x88 LPC176x/./main.o
                0x0000000000000800                execute(COMMAND_t, int)
 .text._Z14read_voltage24v
                0x0000000000000888       0x80 LPC176x/./main.o
                0x0000000000000888                read_voltage24()
 .text._Z14read_voltage48v
                0x0000000000000908       0x74 LPC176x/./main.o
                0x0000000000000908                read_voltage48()
 *fill*         0x000000000000097c        0x4 
 .text._Z8read_potv
                0x0000000000000980       0x80 LPC176x/./main.o
                0x0000000000000980                read_pot()
 .text.main     0x0000000000000a00       0x64 LPC176x/./main.o
                0x0000000000000a00                main
 .text._ZN4mbed6SerialD2Ev
                0x0000000000000a64       0x3c LPC176x/./main.o
                0x0000000000000a64                mbed::Serial::~Serial()
                0x0000000000000a64                mbed::Serial::~Serial()
 .text._ZN4mbed6SerialD1Ev
                0x0000000000000aa0        0x8 LPC176x/./main.o
                0x0000000000000aa0                non-virtual thunk to mbed::Serial::~Serial()
 .text._ZN4mbed6SerialD0Ev
                0x0000000000000aa8       0x28 LPC176x/./main.o
                0x0000000000000aa8                mbed::Serial::~Serial()
                0x0000000000000ac8                non-virtual thunk to mbed::Serial::~Serial()
 .text._Z41__static_initialization_and_destruction_0ii
                0x0000000000000ad0       0xdc LPC176x/./main.o
 .text._GLOBAL__sub_I_pc
                0x0000000000000bac       0x10 LPC176x/./main.o
 .text._start   0x0000000000000bbc       0x44 LPC176x/gcc4mbed.o
                0x0000000000000bbc                _start
 .text.__wrap__read
                0x0000000000000c00       0x34 LPC176x/gcc4mbed.o
                0x0000000000000c00                __wrap__read
 .text.__wrap__write
                0x0000000000000c34       0x34 LPC176x/gcc4mbed.o
                0x0000000000000c34                __wrap__write
 .text.__wrap__isatty
                0x0000000000000c68       0x24 LPC176x/gcc4mbed.o
                0x0000000000000c68                __wrap__isatty
 .text.__wrap_semihost_connected
                0x0000000000000c8c       0x14 LPC176x/gcc4mbed.o
                0x0000000000000c8c                __wrap_semihost_connected
 .text.abort    0x0000000000000ca0        0xc LPC176x/gcc4mbed.o
                0x0000000000000ca0                abort
 .text.__cxa_pure_virtual
                0x0000000000000cac        0x8 LPC176x/gcc4mbed.o
                0x0000000000000cac                __cxa_pure_virtual
 .text.__mriInit
                0x0000000000000cb4       0x50 ../../mri/mri.ar(mri.o)
                0x0000000000000cb4                __mriInit
 .text.__mriCore_InitBuffer
                0x0000000000000d04       0x20 ../../mri/mri.ar(mri.o)
                0x0000000000000d04                __mriCore_InitBuffer
 .text.__mriCore_PrepareStringResponse
                0x0000000000000d24       0x18 ../../mri/mri.ar(mri.o)
                0x0000000000000d24                __mriCore_PrepareStringResponse
 .text.__mriCore_WasControlCFlagSentFromGdb
                0x0000000000000d3c       0x10 ../../mri/mri.ar(mri.o)
                0x0000000000000d3c                __mriCore_WasControlCFlagSentFromGdb
 .text.__mriCore_IsWaitingForGdbToConnect
                0x0000000000000d4c       0x1c ../../mri/mri.ar(mri.o)
                0x0000000000000d4c                __mriCore_IsWaitingForGdbToConnect
 .text.__mriCore_RecordControlCFlagSentFromGdb
                0x0000000000000d68       0x18 ../../mri/mri.ar(mri.o)
                0x0000000000000d68                __mriCore_RecordControlCFlagSentFromGdb
 .text.__mriCore_WasSemihostCallCancelledByGdb
                0x0000000000000d80       0x14 ../../mri/mri.ar(mri.o)
                0x0000000000000d80                __mriCore_WasSemihostCallCancelledByGdb
 .text.__mriCore_FlagSemihostCallAsHandled
                0x0000000000000d94       0x24 ../../mri/mri.ar(mri.o)
                0x0000000000000d94                __mriCore_FlagSemihostCallAsHandled
 .text.__mriCore_IsFirstException
                0x0000000000000db8       0x10 ../../mri/mri.ar(mri.o)
                0x0000000000000db8                __mriCore_IsFirstException
 .text.__mriCore_SetSignalValue
                0x0000000000000dc8        0xc ../../mri/mri.ar(mri.o)
                0x0000000000000dc8                __mriCore_SetSignalValue
 .text.__mriCore_GetSignalValue
                0x0000000000000dd4        0xc ../../mri/mri.ar(mri.o)
                0x0000000000000dd4                __mriCore_GetSignalValue
 .text.__mriCore_SetSemihostReturnValues
                0x0000000000000de0        0xc ../../mri/mri.ar(mri.o)
                0x0000000000000de0                __mriCore_SetSemihostReturnValues
 .text.__mriCore_GetSemihostReturnCode
                0x0000000000000dec        0xc ../../mri/mri.ar(mri.o)
                0x0000000000000dec                __mriCore_GetSemihostReturnCode
 .text.__mriCore_GetBuffer
                0x0000000000000df8        0x8 ../../mri/mri.ar(mri.o)
                0x0000000000000df8                __mriCore_GetBuffer
 .text.__mriCore_GetInitializedBuffer
                0x0000000000000e00       0x10 ../../mri/mri.ar(mri.o)
                0x0000000000000e00                __mriCore_GetInitializedBuffer
 .text.__mriCore_SendPacketToGdb
                0x0000000000000e10       0x38 ../../mri/mri.ar(mri.o)
                0x0000000000000e10                __mriCore_SendPacketToGdb
 .text.__mriCore_GdbCommandHandlingLoop
                0x0000000000000e48       0x64 ../../mri/mri.ar(mri.o)
                0x0000000000000e48                __mriCore_GdbCommandHandlingLoop
 .text.__mriDebugException
                0x0000000000000eac       0x94 ../../mri/mri.ar(mri.o)
                0x0000000000000eac                __mriDebugException
 .text.HexCharToNibble
                0x0000000000000f40       0x3c ../../mri/mri.ar(packet.o)
 .text.__mriPacket_Init
                0x0000000000000f7c        0x8 ../../mri/mri.ar(packet.o)
                0x0000000000000f7c                __mriPacket_Init
 .text.__mriPacket_GetFromGDB
                0x0000000000000f84       0xa2 ../../mri/mri.ar(packet.o)
                0x0000000000000f84                __mriPacket_GetFromGDB
 *fill*         0x0000000000001026        0x2 
 .text.__mriPacket_SendToGDB
                0x0000000000001028       0x6c ../../mri/mri.ar(packet.o)
                0x0000000000001028                __mriPacket_SendToGDB
 .text.__mriToken_InitWith
                0x0000000000001094       0x1a ../../mri/mri.ar(token.o)
                0x0000000000001094                __mriToken_InitWith
 *fill*         0x00000000000010ae        0x2 
 .text.__mriToken_Init
                0x00000000000010b0        0xc ../../mri/mri.ar(token.o)
                0x00000000000010b0                __mriToken_Init
 .text.__mriToken_SplitString
                0x00000000000010bc       0xc4 ../../mri/mri.ar(token.o)
                0x00000000000010bc                __mriToken_SplitString
 .text.__mriToken_MatchingString
                0x0000000000001180       0x2c ../../mri/mri.ar(token.o)
                0x0000000000001180                __mriToken_MatchingString
 .text.__mriToken_MatchingStringPrefix
                0x00000000000011ac       0x2e ../../mri/mri.ar(token.o)
                0x00000000000011ac                __mriToken_MatchingStringPrefix
 *fill*         0x00000000000011da        0x2 
 .text.NVIC_SetPriority
                0x00000000000011dc       0x2c ../../mri/mri.ar(cortex-m.o)
 .text.findDWTComparator
                0x0000000000001208       0x50 ../../mri/mri.ar(cortex-m.o)
 .text.getFPBCodeComparatorCount
                0x0000000000001258       0x18 ../../mri/mri.ar(cortex-m.o)
 .text.isMPUNotPresent
                0x0000000000001270       0x18 ../../mri/mri.ar(cortex-m.o)
 .text.prepareToAccessMPURegion
                0x0000000000001288       0x1c ../../mri/mri.ar(cortex-m.o)
 .text.sendRegisterForTResponse
                0x00000000000012a4       0x30 ../../mri/mri.ar(cortex-m.o)
 .text.displayMemFaultCauseToGdbConsole
                0x00000000000012d4       0xa4 ../../mri/mri.ar(cortex-m.o)
 .text.displayBusFaultCauseToGdbConsole
                0x0000000000001378       0xb4 ../../mri/mri.ar(cortex-m.o)
 .text.displayUsageFaultCauseToGdbConsole
                0x000000000000142c       0x84 ../../mri/mri.ar(cortex-m.o)
 .text.calculateFPBComparatorValue
                0x00000000000014b0       0x40 ../../mri/mri.ar(cortex-m.o)
 .text.findFPBBreakpointComparator
                0x00000000000014f0       0x34 ../../mri/mri.ar(cortex-m.o)
 .text.__mriPlatform_DisableSingleStep
                0x0000000000001524       0x24 ../../mri/mri.ar(cortex-m.o)
                0x0000000000001524                __mriPlatform_DisableSingleStep
 .text.__mriCortexMInit
                0x0000000000001548       0xbc ../../mri/mri.ar(cortex-m.o)
                0x0000000000001548                __mriCortexMInit
 .text.__mriPlatform_EnableSingleStep
                0x0000000000001604       0x68 ../../mri/mri.ar(cortex-m.o)
                0x0000000000001604                __mriPlatform_EnableSingleStep
 .text.__mriPlatform_IsSingleStepping
                0x000000000000166c       0x10 ../../mri/mri.ar(cortex-m.o)
                0x000000000000166c                __mriPlatform_IsSingleStepping
 .text.__mriPlatform_GetPacketBuffer
                0x000000000000167c        0x8 ../../mri/mri.ar(cortex-m.o)
                0x000000000000167c                __mriPlatform_GetPacketBuffer
 .text.__mriPlatform_GetPacketBufferSize
                0x0000000000001684        0x4 ../../mri/mri.ar(cortex-m.o)
                0x0000000000001684                __mriPlatform_GetPacketBufferSize
 .text.__mriPlatform_DetermineCauseOfException
                0x0000000000001688       0x6c ../../mri/mri.ar(cortex-m.o)
                0x0000000000001688                __mriPlatform_DetermineCauseOfException
 .text.__mriPlatform_DisplayFaultCauseToGdbConsole
                0x00000000000016f4       0x8c ../../mri/mri.ar(cortex-m.o)
                0x00000000000016f4                __mriPlatform_DisplayFaultCauseToGdbConsole
 .text.__mriPlatform_EnteringDebugger
                0x0000000000001780       0xfc ../../mri/mri.ar(cortex-m.o)
                0x0000000000001780                __mriPlatform_EnteringDebugger
 .text.__mriPlatform_LeavingDebugger
                0x000000000000187c       0xa4 ../../mri/mri.ar(cortex-m.o)
                0x000000000000187c                __mriPlatform_LeavingDebugger
 .text.__mriPlatform_GetProgramCounter
                0x0000000000001920        0xc ../../mri/mri.ar(cortex-m.o)
                0x0000000000001920                __mriPlatform_GetProgramCounter
 .text.__mriPlatform_SetProgramCounter
                0x000000000000192c        0xc ../../mri/mri.ar(cortex-m.o)
                0x000000000000192c                __mriPlatform_SetProgramCounter
 .text.__mriPlatform_AdvanceProgramCounterToNextInstruction
                0x0000000000001938       0x34 ../../mri/mri.ar(cortex-m.o)
                0x0000000000001938                __mriPlatform_AdvanceProgramCounterToNextInstruction
 .text.__mriPlatform_IsCurrentInstructionHardcodedBreakpoint
                0x000000000000196c       0x18 ../../mri/mri.ar(cortex-m.o)
                0x000000000000196c                __mriPlatform_IsCurrentInstructionHardcodedBreakpoint
 .text.__mriPlatform_WasProgramCounterModifiedByUser
                0x0000000000001984       0x18 ../../mri/mri.ar(cortex-m.o)
                0x0000000000001984                __mriPlatform_WasProgramCounterModifiedByUser
 .text.__mriPlatform_TypeOfCurrentInstruction
                0x000000000000199c       0x28 ../../mri/mri.ar(cortex-m.o)
                0x000000000000199c                __mriPlatform_TypeOfCurrentInstruction
 .text.__mriPlatform_GetSemihostCallParameters
                0x00000000000019c4       0x24 ../../mri/mri.ar(cortex-m.o)
                0x00000000000019c4                __mriPlatform_GetSemihostCallParameters
 .text.__mriPlatform_SetSemihostCallReturnValue
                0x00000000000019e8        0xc ../../mri/mri.ar(cortex-m.o)
                0x00000000000019e8                __mriPlatform_SetSemihostCallReturnValue
 .text.__mriPlatform_WasMemoryFaultEncountered
                0x00000000000019f4       0x24 ../../mri/mri.ar(cortex-m.o)
                0x00000000000019f4                __mriPlatform_WasMemoryFaultEncountered
 .text.__mriPlatform_WriteTResponseRegistersToBuffer
                0x0000000000001a18       0x3c ../../mri/mri.ar(cortex-m.o)
                0x0000000000001a18                __mriPlatform_WriteTResponseRegistersToBuffer
 .text.__mriPlatform_CopyContextToBuffer
                0x0000000000001a54       0x20 ../../mri/mri.ar(cortex-m.o)
                0x0000000000001a54                __mriPlatform_CopyContextToBuffer
 .text.__mriPlatform_CopyContextFromBuffer
                0x0000000000001a74       0x38 ../../mri/mri.ar(cortex-m.o)
                0x0000000000001a74                __mriPlatform_CopyContextFromBuffer
 .text.__mriPlatform_SetHardwareBreakpoint
                0x0000000000001aac       0x70 ../../mri/mri.ar(cortex-m.o)
                0x0000000000001aac                __mriPlatform_SetHardwareBreakpoint
 .text.__mriPlatform_ClearHardwareBreakpoint
                0x0000000000001b1c       0x38 ../../mri/mri.ar(cortex-m.o)
                0x0000000000001b1c                __mriPlatform_ClearHardwareBreakpoint
 .text.__mriPlatform_SetHardwareWatchpoint
                0x0000000000001b54       0x8c ../../mri/mri.ar(cortex-m.o)
                0x0000000000001b54                __mriPlatform_SetHardwareWatchpoint
 .text.__mriPlatform_ClearHardwareWatchpoint
                0x0000000000001be0       0x50 ../../mri/mri.ar(cortex-m.o)
                0x0000000000001be0                __mriPlatform_ClearHardwareWatchpoint
 .text.__mriPlatform_GetTargetXmlSize
                0x0000000000001c30        0x6 ../../mri/mri.ar(cortex-m.o)
                0x0000000000001c30                __mriPlatform_GetTargetXmlSize
 *fill*         0x0000000000001c36        0x2 
 .text.__mriPlatform_GetTargetXml
                0x0000000000001c38        0x8 ../../mri/mri.ar(cortex-m.o)
                0x0000000000001c38                __mriPlatform_GetTargetXml
 .text.__mriPlatform_CommUartIndex
                0x0000000000001c40       0x1c ../../mri/mri.ar(lpc176x_uart.o)
                0x0000000000001c40                __mriPlatform_CommUartIndex
 .text.__mriPlatform_CommHasReceiveData
                0x0000000000001c5c       0x14 ../../mri/mri.ar(lpc176x_uart.o)
                0x0000000000001c5c                __mriPlatform_CommHasReceiveData
 .text.__mriPlatform_CommReceiveChar
                0x0000000000001c70       0x18 ../../mri/mri.ar(lpc176x_uart.o)
                0x0000000000001c70                __mriPlatform_CommReceiveChar
 .text.__mriPlatform_CommSendChar
                0x0000000000001c88       0x18 ../../mri/mri.ar(lpc176x_uart.o)
                0x0000000000001c88                __mriPlatform_CommSendChar
 .text.__mriPlatform_CommCausedInterrupt
                0x0000000000001ca0       0x1a ../../mri/mri.ar(lpc176x_uart.o)
                0x0000000000001ca0                __mriPlatform_CommCausedInterrupt
 *fill*         0x0000000000001cba        0x2 
 .text.__mriPlatform_CommClearInterrupt
                0x0000000000001cbc       0x10 ../../mri/mri.ar(lpc176x_uart.o)
                0x0000000000001cbc                __mriPlatform_CommClearInterrupt
 .text.__mriPlatform_CommSharingWithApplication
                0x0000000000001ccc       0x10 ../../mri/mri.ar(lpc176x_uart.o)
                0x0000000000001ccc                __mriPlatform_CommSharingWithApplication
 .text.__mriPlatform_CommShouldWaitForGdbConnect
                0x0000000000001cdc       0x18 ../../mri/mri.ar(lpc176x_uart.o)
                0x0000000000001cdc                __mriPlatform_CommShouldWaitForGdbConnect
 .text.__mriPlatform_CommIsWaitingForGdbToConnect
                0x0000000000001cf4       0x1c ../../mri/mri.ar(lpc176x_uart.o)
                0x0000000000001cf4                __mriPlatform_CommIsWaitingForGdbToConnect
 .text.__mriPlatform_CommPrepareToWaitForGdbConnection
                0x0000000000001d10       0x18 ../../mri/mri.ar(lpc176x_uart.o)
                0x0000000000001d10                __mriPlatform_CommPrepareToWaitForGdbConnection
 .text.__mriLpc176xUart_Init
                0x0000000000001d28      0x2b4 ../../mri/mri.ar(lpc176x_uart.o)
                0x0000000000001d28                __mriLpc176xUart_Init
 .text.__mriPlatform_CommWaitForReceiveDataToStop
                0x0000000000001fdc       0x5c ../../mri/mri.ar(lpc176x_uart.o)
                0x0000000000001fdc                __mriPlatform_CommWaitForReceiveDataToStop
 .text.__mriLpc176x_Init
                0x0000000000002038       0x38 ../../mri/mri.ar(lpc176x.o)
                0x0000000000002038                __mriLpc176x_Init
 .text.__mriPlatform_GetDeviceMemoryMapXmlSize
                0x0000000000002070        0x6 ../../mri/mri.ar(lpc176x.o)
                0x0000000000002070                __mriPlatform_GetDeviceMemoryMapXmlSize
 *fill*         0x0000000000002076        0x2 
 .text.__mriPlatform_GetDeviceMemoryMapXml
                0x0000000000002078        0x8 ../../mri/mri.ar(lpc176x.o)
                0x0000000000002078                __mriPlatform_GetDeviceMemoryMapXml
 .text.__mriPlatform_Init
                0x0000000000002080       0x88 ../../mri/mri.ar(mbed1768.o)
                0x0000000000002080                __mriPlatform_Init
 .text.__mriMbed1768_GetMbedUid
                0x0000000000002108        0x8 ../../mri/mri.ar(mbed1768.o)
                0x0000000000002108                __mriMbed1768_GetMbedUid
 .text.__mriSemihost_IsDebuggeeMakingSemihostCall
                0x0000000000002110       0x14 ../../mri/mri.ar(semihost.o)
                0x0000000000002110                __mriSemihost_IsDebuggeeMakingSemihostCall
 .text.__mriSemihost_HandleSemihostRequest
                0x0000000000002124       0x2c ../../mri/mri.ar(semihost.o)
                0x0000000000002124                __mriSemihost_HandleSemihostRequest
 .text.__mriSemihost_HandleNewlibSemihostRequest
                0x0000000000002150       0xfc ../../mri/mri.ar(semihost_newlib.o)
                0x0000000000002150                __mriSemihost_HandleNewlibSemihostRequest
 .text.convertBytesTransferredToBytesNotTransferred
                0x000000000000224c       0x18 ../../mri/mri.ar(semihost_mbed.o)
 .text.__mriSemihost_HandleMbedSemihostRequest
                0x0000000000002264      0x130 ../../mri/mri.ar(semihost_mbed.o)
                0x0000000000002264                __mriSemihost_HandleMbedSemihostRequest
 .text          0x0000000000002394      0x184 ../../mri/mri.ar(cortex-m_asm.o)
                0x0000000000002394                __mriGetIPSR
                0x000000000000239a                __mriSetBASEPRI
                0x00000000000023a0                __mriGetBASEPRI
                0x00000000000023a6                __mriDSB
                0x00000000000023ac                __mriISB
                0x00000000000024da                HardFault_Handler
                0x00000000000024dc                MemManage_Handler
                0x00000000000024de                BusFault_Handler
                0x00000000000024e0                UsageFault_Handler
                0x00000000000024e2                DebugMon_Handler
                0x00000000000024e4                UART0_IRQHandler
                0x00000000000024e6                UART1_IRQHandler
                0x00000000000024e8                UART2_IRQHandler
                0x00000000000024ea                UART3_IRQHandler
 .text          0x0000000000002518       0x2c ../../mri/mri.ar(mbed1768_asm.o)
                0x0000000000002518                __mriDisableMbed
                0x0000000000002530                __mriGetMbedUid
 .text          0x0000000000002544       0x24 ../../mri/mri.ar(newlib_asm.o)
                0x0000000000002544                __mriNewlib_SemihostWrite
                0x0000000000002548                __mriNewlib_SemihostRead
                0x000000000000254c                __mriNewLib_SemihostOpen
                0x0000000000002550                __mriNewLib_SemihostRename
                0x0000000000002554                __mriNewLib_SemihostUnlink
                0x0000000000002558                __mriNewLib_SemihostStat
                0x000000000000255c                __mriNewlib_SemihostLSeek
                0x0000000000002560                __mriNewlib_SemihostClose
                0x0000000000002564                __mriNewlib_SemihostFStat
 .text.HexCharToNibble
                0x0000000000002568       0x3c ../../mri/mri.ar(buffer.o)
 .text.__mriBuffer_Init
                0x00000000000025a4        0xa ../../mri/mri.ar(buffer.o)
                0x00000000000025a4                __mriBuffer_Init
 .text.__mriBuffer_Reset
                0x00000000000025ae        0x6 ../../mri/mri.ar(buffer.o)
                0x00000000000025ae                __mriBuffer_Reset
 .text.__mriBuffer_SetEndOfBuffer
                0x00000000000025b4        0x6 ../../mri/mri.ar(buffer.o)
                0x00000000000025b4                __mriBuffer_SetEndOfBuffer
 .text.__mriBuffer_BytesLeft
                0x00000000000025ba       0x10 ../../mri/mri.ar(buffer.o)
                0x00000000000025ba                __mriBuffer_BytesLeft
 *fill*         0x00000000000025ca        0x2 
 .text.throwExceptionAndFlagBufferOverrunIfBufferLeftIsSmallerThan
                0x00000000000025cc       0x28 ../../mri/mri.ar(buffer.o)
 .text.__mriBuffer_OverrunDetected
                0x00000000000025f4        0xe ../../mri/mri.ar(buffer.o)
                0x00000000000025f4                __mriBuffer_OverrunDetected
 *fill*         0x0000000000002602        0x2 
 .text.__mriBuffer_WriteChar
                0x0000000000002604       0x24 ../../mri/mri.ar(buffer.o)
                0x0000000000002604                __mriBuffer_WriteChar
 .text.__mriBuffer_ReadChar
                0x0000000000002628       0x28 ../../mri/mri.ar(buffer.o)
                0x0000000000002628                __mriBuffer_ReadChar
 .text.__mriBuffer_WriteByteAsHex
                0x0000000000002650       0x38 ../../mri/mri.ar(buffer.o)
                0x0000000000002650                __mriBuffer_WriteByteAsHex
 .text.__mriBuffer_ReadByteAsHex
                0x0000000000002688       0x48 ../../mri/mri.ar(buffer.o)
                0x0000000000002688                __mriBuffer_ReadByteAsHex
 .text.__mriBuffer_WriteSizedString
                0x00000000000026d0       0x30 ../../mri/mri.ar(buffer.o)
                0x00000000000026d0                __mriBuffer_WriteSizedString
 .text.__mriBuffer_WriteString
                0x0000000000002700       0x1a ../../mri/mri.ar(buffer.o)
                0x0000000000002700                __mriBuffer_WriteString
 *fill*         0x000000000000271a        0x2 
 .text.__mriBuffer_ReadUIntegerAsHex
                0x000000000000271c       0x64 ../../mri/mri.ar(buffer.o)
                0x000000000000271c                __mriBuffer_ReadUIntegerAsHex
 .text.__mriBuffer_WriteUIntegerAsHex
                0x0000000000002780       0x58 ../../mri/mri.ar(buffer.o)
                0x0000000000002780                __mriBuffer_WriteUIntegerAsHex
 .text.__mriBuffer_WriteIntegerAsHex
                0x00000000000027d8       0x30 ../../mri/mri.ar(buffer.o)
                0x00000000000027d8                __mriBuffer_WriteIntegerAsHex
 .text.__mriBuffer_IsNextCharEqualTo
                0x0000000000002808       0x34 ../../mri/mri.ar(buffer.o)
                0x0000000000002808                __mriBuffer_IsNextCharEqualTo
 .text.__mriBuffer_ReadIntegerAsHex
                0x000000000000283c       0x54 ../../mri/mri.ar(buffer.o)
                0x000000000000283c                __mriBuffer_ReadIntegerAsHex
 .text.__mriBuffer_MatchesString
                0x0000000000002890       0x60 ../../mri/mri.ar(buffer.o)
                0x0000000000002890                __mriBuffer_MatchesString
 .text.handleBreakpointWatchpointException
                0x00000000000028f0       0x28 ../../mri/mri.ar(cmd_break_watch.o)
 .text.parseBreakpointWatchpointCommandArguments
                0x0000000000002918       0x4c ../../mri/mri.ar(cmd_break_watch.o)
 .text.handleWatchpointRemoveCommand
                0x0000000000002964       0x30 ../../mri/mri.ar(cmd_break_watch.o)
 .text.handleWatchpointSetCommand
                0x0000000000002994       0x30 ../../mri/mri.ar(cmd_break_watch.o)
 .text.__mriCmd_HandleBreakpointWatchpointSetCommand
                0x00000000000029c4       0x6c ../../mri/mri.ar(cmd_break_watch.o)
                0x00000000000029c4                __mriCmd_HandleBreakpointWatchpointSetCommand
 .text.__mriCmd_HandleBreakpointWatchpointRemoveCommand
                0x0000000000002a30       0x6c ../../mri/mri.ar(cmd_break_watch.o)
                0x0000000000002a30                __mriCmd_HandleBreakpointWatchpointRemoveCommand
 .text.__mriCmd_ReadUIntegerArgument
                0x0000000000002a9c       0x1c ../../mri/mri.ar(cmd_common.o)
                0x0000000000002a9c                __mriCmd_ReadUIntegerArgument
 .text.__mriCmd_ThrowIfNextCharIsNotEqualTo
                0x0000000000002ab8       0x1c ../../mri/mri.ar(cmd_common.o)
                0x0000000000002ab8                __mriCmd_ThrowIfNextCharIsNotEqualTo
 .text.__mriCmd_ReadAddressAndLengthArguments
                0x0000000000002ad4       0x30 ../../mri/mri.ar(cmd_common.o)
                0x0000000000002ad4                __mriCmd_ReadAddressAndLengthArguments
 .text.__mriCmd_ReadAddressAndLengthArgumentsWithColon
                0x0000000000002b04       0x24 ../../mri/mri.ar(cmd_common.o)
                0x0000000000002b04                __mriCmd_ReadAddressAndLengthArgumentsWithColon
 .text.__mriCmd_HandleContinueCommand
                0x0000000000002b28       0x3c ../../mri/mri.ar(cmd_continue.o)
                0x0000000000002b28                __mriCmd_HandleContinueCommand
 .text.processGdbFileResponseCommands
                0x0000000000002b64       0x28 ../../mri/mri.ar(cmd_file.o)
 .text.__mriIssueGdbFileOpenRequest
                0x0000000000002b8c       0x5c ../../mri/mri.ar(cmd_file.o)
                0x0000000000002b8c                __mriIssueGdbFileOpenRequest
 .text.__mriIssueGdbFileWriteRequest
                0x0000000000002be8       0x48 ../../mri/mri.ar(cmd_file.o)
                0x0000000000002be8                __mriIssueGdbFileWriteRequest
 .text.__mriIssueGdbFileReadRequest
                0x0000000000002c30       0x48 ../../mri/mri.ar(cmd_file.o)
                0x0000000000002c30                __mriIssueGdbFileReadRequest
 .text.__mriIssueGdbFileCloseRequest
                0x0000000000002c78       0x28 ../../mri/mri.ar(cmd_file.o)
                0x0000000000002c78                __mriIssueGdbFileCloseRequest
 .text.__mriIssueGdbFileSeekRequest
                0x0000000000002ca0       0x48 ../../mri/mri.ar(cmd_file.o)
                0x0000000000002ca0                __mriIssueGdbFileSeekRequest
 .text.__mriIssueGdbFileFStatRequest
                0x0000000000002ce8       0x3c ../../mri/mri.ar(cmd_file.o)
                0x0000000000002ce8                __mriIssueGdbFileFStatRequest
 .text.__mriIssueGdbFileUnlinkRequest
                0x0000000000002d24       0x3c ../../mri/mri.ar(cmd_file.o)
                0x0000000000002d24                __mriIssueGdbFileUnlinkRequest
 .text.__mriIssueGdbFileStatRequest
                0x0000000000002d60       0x50 ../../mri/mri.ar(cmd_file.o)
                0x0000000000002d60                __mriIssueGdbFileStatRequest
 .text.__mriIssueGdbFileRenameRequest
                0x0000000000002db0       0x68 ../../mri/mri.ar(cmd_file.o)
                0x0000000000002db0                __mriIssueGdbFileRenameRequest
 .text.__mriHandleFileIOCommand
                0x0000000000002e18       0x48 ../../mri/mri.ar(cmd_file.o)
                0x0000000000002e18                __mriHandleFileIOCommand
 .text.__mriCmd_HandleMemoryReadCommand
                0x0000000000002e60       0x3c ../../mri/mri.ar(cmd_memory.o)
                0x0000000000002e60                __mriCmd_HandleMemoryReadCommand
 .text.__mriCmd_HandleMemoryWriteCommand
                0x0000000000002e9c       0x48 ../../mri/mri.ar(cmd_memory.o)
                0x0000000000002e9c                __mriCmd_HandleMemoryWriteCommand
 .text.__mriCmd_HandleBinaryMemoryWriteCommand
                0x0000000000002ee4       0x64 ../../mri/mri.ar(cmd_memory.o)
                0x0000000000002ee4                __mriCmd_HandleBinaryMemoryWriteCommand
 .text.handleQueryTransferReadCommand
                0x0000000000002f48       0x5e ../../mri/mri.ar(cmd_query.o)
 *fill*         0x0000000000002fa6        0x2 
 .text.readQueryTransferReadArguments
                0x0000000000002fa8       0x9c ../../mri/mri.ar(cmd_query.o)
 .text.__mriCmd_HandleQueryCommand
                0x0000000000003044      0x100 ../../mri/mri.ar(cmd_query.o)
                0x0000000000003044                __mriCmd_HandleQueryCommand
 .text.__mriCmd_Send_T_StopResponse
                0x0000000000003144       0x28 ../../mri/mri.ar(cmd_registers.o)
                0x0000000000003144                __mriCmd_Send_T_StopResponse
 .text.__mriCmd_HandleRegisterReadCommand
                0x000000000000316c        0xe ../../mri/mri.ar(cmd_registers.o)
                0x000000000000316c                __mriCmd_HandleRegisterReadCommand
 *fill*         0x000000000000317a        0x2 
 .text.__mriCmd_HandleRegisterWriteCommand
                0x000000000000317c       0x2c ../../mri/mri.ar(cmd_registers.o)
                0x000000000000317c                __mriCmd_HandleRegisterWriteCommand
 .text.__mriCmd_HandleSingleStepCommand
                0x00000000000031a8       0x1a ../../mri/mri.ar(cmd_step.o)
                0x00000000000031a8                __mriCmd_HandleSingleStepCommand
 .text.__mriGdbConsole_WriteString
                0x00000000000031c2       0x4e ../../mri/mri.ar(gdb_console.o)
                0x00000000000031c2                __mriGdbConsole_WriteString
 .text.__mriGdbConsole_WriteHexValue
                0x0000000000003210       0x38 ../../mri/mri.ar(gdb_console.o)
                0x0000000000003210                __mriGdbConsole_WriteHexValue
 .text.writeBinaryBufferToByteMemory
                0x0000000000003248       0x64 ../../mri/mri.ar(memory.o)
 .text.writeHexBufferToByteMemory
                0x00000000000032ac       0x48 ../../mri/mri.ar(memory.o)
 .text.readMemoryBytesIntoHexBuffer
                0x00000000000032f4       0x2a ../../mri/mri.ar(memory.o)
 .text.__mriMem_ReadMemoryIntoHexBuffer
                0x000000000000331e       0x46 ../../mri/mri.ar(memory.o)
                0x000000000000331e                __mriMem_ReadMemoryIntoHexBuffer
 .text.__mriMem_WriteHexBufferToMemory
                0x0000000000003364       0x40 ../../mri/mri.ar(memory.o)
                0x0000000000003364                __mriMem_WriteHexBufferToMemory
 .text.__mriMem_WriteBinaryBufferToMemory
                0x00000000000033a4       0x40 ../../mri/mri.ar(memory.o)
                0x00000000000033a4                __mriMem_WriteBinaryBufferToMemory
 .text          0x00000000000033e4       0x90 ../../external/mbed/LPC1768/GCC_ARM/startup_LPC17xx.o
                0x00000000000033e4                Reset_Handler
                0x0000000000003418                NMI_Handler
                0x0000000000003422                SVC_Handler
                0x0000000000003426                PendSV_Handler
                0x0000000000003428                SysTick_Handler
                0x000000000000342a                Default_Handler
                0x000000000000342a                DEF_IRQHandler
                0x000000000000342c                WDT_IRQHandler
                0x000000000000342e                TIMER0_IRQHandler
                0x0000000000003430                TIMER1_IRQHandler
                0x0000000000003432                TIMER2_IRQHandler
                0x0000000000003434                TIMER3_IRQHandler
                0x000000000000343e                PWM1_IRQHandler
                0x0000000000003440                I2C0_IRQHandler
                0x0000000000003442                I2C1_IRQHandler
                0x0000000000003444                I2C2_IRQHandler
                0x0000000000003446                SPI_IRQHandler
                0x0000000000003448                SSP0_IRQHandler
                0x000000000000344a                SSP1_IRQHandler
                0x000000000000344c                PLL0_IRQHandler
                0x000000000000344e                RTC_IRQHandler
                0x0000000000003450                EINT0_IRQHandler
                0x0000000000003452                EINT1_IRQHandler
                0x0000000000003454                EINT2_IRQHandler
                0x0000000000003456                EINT3_IRQHandler
                0x0000000000003458                ADC_IRQHandler
                0x000000000000345a                BOD_IRQHandler
                0x000000000000345c                USB_IRQHandler
                0x000000000000345e                CAN_IRQHandler
                0x0000000000003460                DMA_IRQHandler
                0x0000000000003462                I2S_IRQHandler
                0x0000000000003464                ENET_IRQHandler
                0x0000000000003466                RIT_IRQHandler
                0x0000000000003468                MCPWM_IRQHandler
                0x000000000000346a                QEI_IRQHandler
                0x000000000000346c                PLL1_IRQHandler
                0x000000000000346e                USBActivity_IRQHandler
                0x0000000000003470                CANActivity_IRQHandler
 .text.NVIC_SetVector
                0x0000000000003474       0x58 ../../external/mbed/LPC1768/GCC_ARM/cmsis_nvic.o
                0x0000000000003474                NVIC_SetVector
 .text.SystemInit
                0x00000000000034cc       0xdc ../../external/mbed/LPC1768/GCC_ARM/system_LPC17xx.o
                0x00000000000034cc                SystemInit
 .text.analogin_init
                0x00000000000035a8       0x90 ../../external/mbed/LPC1768/GCC_ARM/libmbed.a(analogin_api.o)
                0x00000000000035a8                analogin_init
 .text.analogin_read
                0x0000000000003638       0xfc ../../external/mbed/LPC1768/GCC_ARM/libmbed.a(analogin_api.o)
                0x0000000000003638                analogin_read
 .text.analogout_init
                0x0000000000003734       0x44 ../../external/mbed/LPC1768/GCC_ARM/libmbed.a(analogout_api.o)
                0x0000000000003734                analogout_init
 .text.analogout_write
                0x0000000000003778       0x60 ../../external/mbed/LPC1768/GCC_ARM/libmbed.a(analogout_api.o)
                0x0000000000003778                analogout_write
 .text.gpio_set
                0x00000000000037d8       0x18 ../../external/mbed/LPC1768/GCC_ARM/libmbed.a(gpio_api.o)
                0x00000000000037d8                gpio_set
 .text.gpio_dir
                0x00000000000037f0       0x24 ../../external/mbed/LPC1768/GCC_ARM/libmbed.a(gpio_api.o)
                0x00000000000037f0                gpio_dir
 .text.gpio_init
                0x0000000000003814       0x58 ../../external/mbed/LPC1768/GCC_ARM/libmbed.a(gpio_api.o)
                0x0000000000003814                gpio_init
 .text.pin_function
                0x000000000000386c       0x44 ../../external/mbed/LPC1768/GCC_ARM/libmbed.a(pinmap.o)
                0x000000000000386c                pin_function
 .text.pin_mode
                0x00000000000038b0       0x70 ../../external/mbed/LPC1768/GCC_ARM/libmbed.a(pinmap.o)
                0x00000000000038b0                pin_mode
 .text.exit     0x0000000000003920       0x1c ../../external/mbed/LPC1768/GCC_ARM/libmbed.a(exit.o)
                0x0000000000003920                exit
 .text.mbed_interface_connected
                0x000000000000393c        0x4 ../../external/mbed/LPC1768/GCC_ARM/libmbed.a(mbed_interface.o)
                0x000000000000393c                mbed_interface_connected
 .text.pinmap_pinout
                0x0000000000003940       0x4c ../../external/mbed/LPC1768/GCC_ARM/libmbed.a(pinmap_common.o)
                0x0000000000003940                pinmap_pinout
 .text.pinmap_merge
                0x000000000000398c       0x30 ../../external/mbed/LPC1768/GCC_ARM/libmbed.a(pinmap_common.o)
                0x000000000000398c                pinmap_merge
 .text.pinmap_peripheral
                0x00000000000039bc       0x3c ../../external/mbed/LPC1768/GCC_ARM/libmbed.a(pinmap_common.o)
                0x00000000000039bc                pinmap_peripheral
 .text.semihost_exit
                0x00000000000039f8       0x18 ../../external/mbed/LPC1768/GCC_ARM/libmbed.a(semihost_api.o)
                0x00000000000039f8                semihost_exit
 .text.wait_us  0x0000000000003a10       0x18 ../../external/mbed/LPC1768/GCC_ARM/libmbed.a(wait_api.o)
                0x0000000000003a10                wait_us
 .text.wait_ms  0x0000000000003a28        0xc ../../external/mbed/LPC1768/GCC_ARM/libmbed.a(wait_api.o)
                0x0000000000003a28                wait_ms
 *fill*         0x0000000000003a34        0x4 
 .text.wait     0x0000000000003a38       0x28 ../../external/mbed/LPC1768/GCC_ARM/libmbed.a(wait_api.o)
                0x0000000000003a38                wait
 .text._ZN4mbed6Serial5_putcEi
                0x0000000000003a60       0x10 ../../external/mbed/LPC1768/GCC_ARM/libmbed.a(Serial.o)
                0x0000000000003a60                mbed::Serial::_putc(int)
 .text._ZN4mbed6Serial5_getcEv
                0x0000000000003a70        0x8 ../../external/mbed/LPC1768/GCC_ARM/libmbed.a(Serial.o)
                0x0000000000003a70                mbed::Serial::_getc()
 .text._ZN4mbed6Serial12_irq_handlerEm9SerialIrq
                0x0000000000003a78       0x10 ../../external/mbed/LPC1768/GCC_ARM/libmbed.a(Serial.o)
                0x0000000000003a78                mbed::Serial::_irq_handler(unsigned long, SerialIrq)
 .text._ZN4mbed6SerialC2E7PinNameS1_PKc
                0x0000000000003a88       0x58 ../../external/mbed/LPC1768/GCC_ARM/libmbed.a(Serial.o)
                0x0000000000003a88                mbed::Serial::Serial(PinName, PinName, char const*)
                0x0000000000003a88                mbed::Serial::Serial(PinName, PinName, char const*)
 .text._ZN4mbed6Serial4baudEi
                0x0000000000003ae0        0x8 ../../external/mbed/LPC1768/GCC_ARM/libmbed.a(Serial.o)
                0x0000000000003ae0                mbed::Serial::baud(int)
 .text._ZN4mbed6Serial8readableEv
                0x0000000000003ae8        0x8 ../../external/mbed/LPC1768/GCC_ARM/libmbed.a(Serial.o)
                0x0000000000003ae8                mbed::Serial::readable()
 .text._ZN4mbed6Serial9writeableEv
                0x0000000000003af0        0x8 ../../external/mbed/LPC1768/GCC_ARM/libmbed.a(Serial.o)
                0x0000000000003af0                mbed::Serial::writeable()
 .text._ZN4mbed6Serial6attachEPFvvENS0_7IrqTypeE
                0x0000000000003af8       0x38 ../../external/mbed/LPC1768/GCC_ARM/libmbed.a(Serial.o)
                0x0000000000003af8                mbed::Serial::attach(void (*)(), mbed::Serial::IrqType)
 .text._ZN4mbed10FileHandle4flenEv
                0x0000000000003b30       0x38 ../../external/mbed/LPC1768/GCC_ARM/libmbed.a(stdio.o)
                0x0000000000003b30                mbed::FileHandle::flen()
 .text._ZN4mbed10FileHandleD2Ev
                0x0000000000003b68       0x40 ../../external/mbed/LPC1768/GCC_ARM/libmbed.a(stdio.o)
                0x0000000000003b68                mbed::FileHandle::~FileHandle()
                0x0000000000003b68                mbed::FileHandle::~FileHandle()
 .text._ZN4mbed10FileHandleD0Ev
                0x0000000000003ba8       0x48 ../../external/mbed/LPC1768/GCC_ARM/libmbed.a(stdio.o)
                0x0000000000003ba8                mbed::FileHandle::~FileHandle()
 .text._ZL11init_serialv
                0x0000000000003bf0       0x44 ../../external/mbed/LPC1768/GCC_ARM/libmbed.a(stdio.o)
 .text._open    0x0000000000003c34       0xd8 ../../external/mbed/LPC1768/GCC_ARM/libmbed.a(stdio.o)
                0x0000000000003c34                _open
 .text._close   0x0000000000003d0c       0x2c ../../external/mbed/LPC1768/GCC_ARM/libmbed.a(stdio.o)
                0x0000000000003d0c                _close
 .text._write   0x0000000000003d38       0x8c ../../external/mbed/LPC1768/GCC_ARM/libmbed.a(stdio.o)
                0x0000000000003d38                _write
 .text._read    0x0000000000003dc4       0x3c ../../external/mbed/LPC1768/GCC_ARM/libmbed.a(stdio.o)
                0x0000000000003dc4                _read
 .text._lseek   0x0000000000003e00       0x28 ../../external/mbed/LPC1768/GCC_ARM/libmbed.a(stdio.o)
                0x0000000000003e00                _lseek
 .text._fstat   0x0000000000003e28       0x20 ../../external/mbed/LPC1768/GCC_ARM/libmbed.a(stdio.o)
                0x0000000000003e28                _fstat
 .text._ZN4mbed6Stream5closeEv
                0x0000000000003e48        0x4 ../../external/mbed/LPC1768/GCC_ARM/libmbed.a(Stream.o)
                0x0000000000003e48                mbed::Stream::close()
 .text._ZN4mbed6Stream5writeEPKvj
                0x0000000000003e4c       0x78 ../../external/mbed/LPC1768/GCC_ARM/libmbed.a(Stream.o)
                0x0000000000003e4c                mbed::Stream::write(void const*, unsigned int)
 .text._ZN4mbed6Stream4readEPvj
                0x0000000000003ec4       0x7c ../../external/mbed/LPC1768/GCC_ARM/libmbed.a(Stream.o)
                0x0000000000003ec4                mbed::Stream::read(void*, unsigned int)
 .text._ZN4mbed6Stream5lseekEli
                0x0000000000003f40        0x4 ../../external/mbed/LPC1768/GCC_ARM/libmbed.a(Stream.o)
                0x0000000000003f40                mbed::Stream::lseek(long, int)
 .text._ZN4mbed6Stream6isattyEv
                0x0000000000003f44        0x4 ../../external/mbed/LPC1768/GCC_ARM/libmbed.a(Stream.o)
                0x0000000000003f44                mbed::Stream::isatty()
 .text._ZN4mbed6Stream5fsyncEv
                0x0000000000003f48        0x4 ../../external/mbed/LPC1768/GCC_ARM/libmbed.a(Stream.o)
                0x0000000000003f48                mbed::Stream::fsync()
 .text._ZN4mbed6Stream4flenEv
                0x0000000000003f4c        0x4 ../../external/mbed/LPC1768/GCC_ARM/libmbed.a(Stream.o)
                0x0000000000003f4c                mbed::Stream::flen()
 .text._ZN4mbed6StreamD2Ev
                0x0000000000003f50       0x28 ../../external/mbed/LPC1768/GCC_ARM/libmbed.a(Stream.o)
                0x0000000000003f50                mbed::Stream::~Stream()
                0x0000000000003f50                mbed::Stream::~Stream()
 .text._ZThn4_N4mbed6StreamD1Ev
                0x0000000000003f78        0x8 ../../external/mbed/LPC1768/GCC_ARM/libmbed.a(Stream.o)
                0x0000000000003f78                non-virtual thunk to mbed::Stream::~Stream()
 .text._ZN4mbed6StreamD0Ev
                0x0000000000003f80       0x14 ../../external/mbed/LPC1768/GCC_ARM/libmbed.a(Stream.o)
                0x0000000000003f80                mbed::Stream::~Stream()
 .text._ZThn4_N4mbed6StreamD0Ev
                0x0000000000003f94        0x8 ../../external/mbed/LPC1768/GCC_ARM/libmbed.a(Stream.o)
                0x0000000000003f94                non-virtual thunk to mbed::Stream::~Stream()
 .text._ZN4mbed6StreamC2EPKc
                0x0000000000003f9c       0x48 ../../external/mbed/LPC1768/GCC_ARM/libmbed.a(Stream.o)
                0x0000000000003f9c                mbed::Stream::Stream(char const*)
                0x0000000000003f9c                mbed::Stream::Stream(char const*)
 .text._ZN4mbed6Stream4putcEi
                0x0000000000003fe4       0x18 ../../external/mbed/LPC1768/GCC_ARM/libmbed.a(Stream.o)
                0x0000000000003fe4                mbed::Stream::putc(int)
 .text._ZN4mbed6Stream4getcEv
                0x0000000000003ffc       0x14 ../../external/mbed/LPC1768/GCC_ARM/libmbed.a(Stream.o)
                0x0000000000003ffc                mbed::Stream::getc()
 .text.mbed_die
                0x0000000000004010       0x84 ../../external/mbed/LPC1768/GCC_ARM/libmbed.a(board.o)
                0x0000000000004010                mbed_die
 .text.uart2_irq
                0x0000000000004094       0x34 ../../external/mbed/LPC1768/GCC_ARM/libmbed.a(serial_api.o)
                0x0000000000004094                uart2_irq
 .text.uart3_irq
                0x00000000000040c8       0x34 ../../external/mbed/LPC1768/GCC_ARM/libmbed.a(serial_api.o)
                0x00000000000040c8                uart3_irq
 .text.uart0_irq
                0x00000000000040fc       0x34 ../../external/mbed/LPC1768/GCC_ARM/libmbed.a(serial_api.o)
                0x00000000000040fc                uart0_irq
 .text.uart1_irq
                0x0000000000004130       0x34 ../../external/mbed/LPC1768/GCC_ARM/libmbed.a(serial_api.o)
                0x0000000000004130                uart1_irq
 *fill*         0x0000000000004164        0x4 
 .text.serial_baud
                0x0000000000004168      0x268 ../../external/mbed/LPC1768/GCC_ARM/libmbed.a(serial_api.o)
                0x0000000000004168                serial_baud
 .text.serial_format
                0x00000000000043d0       0x88 ../../external/mbed/LPC1768/GCC_ARM/libmbed.a(serial_api.o)
                0x00000000000043d0                serial_format
 .text.serial_init
                0x0000000000004458      0x258 ../../external/mbed/LPC1768/GCC_ARM/libmbed.a(serial_api.o)
                0x0000000000004458                serial_init
 .text.serial_irq_handler
                0x00000000000046b0       0x20 ../../external/mbed/LPC1768/GCC_ARM/libmbed.a(serial_api.o)
                0x00000000000046b0                serial_irq_handler
 .text.serial_irq_set
                0x00000000000046d0       0xc4 ../../external/mbed/LPC1768/GCC_ARM/libmbed.a(serial_api.o)
                0x00000000000046d0                serial_irq_set
 .text.serial_getc
                0x0000000000004794        0xc ../../external/mbed/LPC1768/GCC_ARM/libmbed.a(serial_api.o)
                0x0000000000004794                serial_getc
 .text.serial_putc
                0x00000000000047a0       0x14 ../../external/mbed/LPC1768/GCC_ARM/libmbed.a(serial_api.o)
                0x00000000000047a0                serial_putc
 .text.serial_readable
                0x00000000000047b4        0xc ../../external/mbed/LPC1768/GCC_ARM/libmbed.a(serial_api.o)
                0x00000000000047b4                serial_readable
 .text.serial_writable
                0x00000000000047c0        0xc ../../external/mbed/LPC1768/GCC_ARM/libmbed.a(serial_api.o)
                0x00000000000047c0                serial_writable
 .text.us_ticker_read
                0x00000000000047cc       0x60 ../../external/mbed/LPC1768/GCC_ARM/libmbed.a(us_ticker_api.o)
                0x00000000000047cc                us_ticker_read
 .text._ZN4mbed8FileLikeD2Ev
                0x000000000000482c       0x28 ../../external/mbed/LPC1768/GCC_ARM/libmbed.a(FileLike.o)
                0x000000000000482c                mbed::FileLike::~FileLike()
                0x000000000000482c                mbed::FileLike::~FileLike()
 .text._ZThn4_N4mbed8FileLikeD1Ev
                0x0000000000004854        0x8 ../../external/mbed/LPC1768/GCC_ARM/libmbed.a(FileLike.o)
                0x0000000000004854                non-virtual thunk to mbed::FileLike::~FileLike()
 .text._ZN4mbed8FileLikeD0Ev
                0x000000000000485c       0x14 ../../external/mbed/LPC1768/GCC_ARM/libmbed.a(FileLike.o)
                0x000000000000485c                mbed::FileLike::~FileLike()
 .text._ZThn4_N4mbed8FileLikeD0Ev
                0x0000000000004870        0x8 ../../external/mbed/LPC1768/GCC_ARM/libmbed.a(FileLike.o)
                0x0000000000004870                non-virtual thunk to mbed::FileLike::~FileLike()
 .text._ZN4mbed8FileLikeC2EPKc
                0x0000000000004878       0x2c ../../external/mbed/LPC1768/GCC_ARM/libmbed.a(FileLike.o)
                0x0000000000004878                mbed::FileLike::FileLike(char const*)
                0x0000000000004878                mbed::FileLike::FileLike(char const*)
 .text._ZN4mbed8FilePathC2EPKc
                0x00000000000048a4       0x64 ../../external/mbed/LPC1768/GCC_ARM/libmbed.a(FilePath.o)
                0x00000000000048a4                mbed::FilePath::FilePath(char const*)
                0x00000000000048a4                mbed::FilePath::FilePath(char const*)
 .text._ZN4mbed8FilePath8fileNameEv
                0x0000000000004908        0x4 ../../external/mbed/LPC1768/GCC_ARM/libmbed.a(FilePath.o)
                0x0000000000004908                mbed::FilePath::fileName()
 .text._ZN4mbed8FilePath12isFileSystemEv
                0x000000000000490c       0x10 ../../external/mbed/LPC1768/GCC_ARM/libmbed.a(FilePath.o)
                0x000000000000490c                mbed::FilePath::isFileSystem()
 .text._ZN4mbed8FilePath10fileSystemEv
                0x000000000000491c       0x10 ../../external/mbed/LPC1768/GCC_ARM/libmbed.a(FilePath.o)
                0x000000000000491c                mbed::FilePath::fileSystem()
 .text._ZN4mbed8FilePath6isFileEv
                0x000000000000492c       0x14 ../../external/mbed/LPC1768/GCC_ARM/libmbed.a(FilePath.o)
                0x000000000000492c                mbed::FilePath::isFile()
 .text._ZN4mbed8FilePath4fileEv
                0x0000000000004940       0x14 ../../external/mbed/LPC1768/GCC_ARM/libmbed.a(FilePath.o)
                0x0000000000004940                mbed::FilePath::file()
 .text._ZN4mbed15FunctionPointerC2EPFvvE
                0x0000000000004954        0x8 ../../external/mbed/LPC1768/GCC_ARM/libmbed.a(FunctionPointer.o)
                0x0000000000004954                mbed::FunctionPointer::FunctionPointer(void (*)())
                0x0000000000004954                mbed::FunctionPointer::FunctionPointer(void (*)())
 .text._ZN4mbed15FunctionPointer6attachEPFvvE
                0x000000000000495c        0x8 ../../external/mbed/LPC1768/GCC_ARM/libmbed.a(FunctionPointer.o)
                0x000000000000495c                mbed::FunctionPointer::attach(void (*)())
 .text._ZN4mbed15FunctionPointer4callEv
                0x0000000000004964       0x18 ../../external/mbed/LPC1768/GCC_ARM/libmbed.a(FunctionPointer.o)
                0x0000000000004964                mbed::FunctionPointer::call()
 .text._ZN4mbed8FileBaseD2Ev
                0x000000000000497c       0x30 ../../external/mbed/LPC1768/GCC_ARM/libmbed.a(FileBase.o)
                0x000000000000497c                mbed::FileBase::~FileBase()
                0x000000000000497c                mbed::FileBase::~FileBase()
 .text._ZN4mbed8FileBaseD0Ev
                0x00000000000049ac       0x3c ../../external/mbed/LPC1768/GCC_ARM/libmbed.a(FileBase.o)
                0x00000000000049ac                mbed::FileBase::~FileBase()
 .text._ZN4mbed8FileBaseC2EPKcNS_8PathTypeE
                0x00000000000049e8       0x20 ../../external/mbed/LPC1768/GCC_ARM/libmbed.a(FileBase.o)
                0x00000000000049e8                mbed::FileBase::FileBase(char const*, mbed::PathType)
                0x00000000000049e8                mbed::FileBase::FileBase(char const*, mbed::PathType)
 .text._ZN4mbed8FileBase6lookupEPKcj
                0x0000000000004a08       0x40 ../../external/mbed/LPC1768/GCC_ARM/libmbed.a(FileBase.o)
                0x0000000000004a08                mbed::FileBase::lookup(char const*, unsigned int)
 .text._ZN4mbed8FileBase11getPathTypeEv
                0x0000000000004a48        0x4 ../../external/mbed/LPC1768/GCC_ARM/libmbed.a(FileBase.o)
                0x0000000000004a48                mbed::FileBase::getPathType()
 .text.__aeabi_atexit
                0x0000000000004a4c        0xa /Users/donghee/Downloads/gcc-arm-none-eabi-4_8-2014q2/bin/../lib/gcc/arm-none-eabi/4.8.4/../../../../arm-none-eabi/lib/armv7-m/libstdc++_s.a(atexit_arm.o)
                0x0000000000004a4c                __aeabi_atexit
 .text._ZNK10__cxxabiv117__class_type_info11__do_upcastEPKS0_PPv
                0x0000000000004a56       0x34 /Users/donghee/Downloads/gcc-arm-none-eabi-4_8-2014q2/bin/../lib/gcc/arm-none-eabi/4.8.4/../../../../arm-none-eabi/lib/armv7-m/libstdc++_s.a(class_type_info.o)
                0x0000000000004a56                __cxxabiv1::__class_type_info::__do_upcast(__cxxabiv1::__class_type_info const*, void**) const
 .text._ZNK10__cxxabiv117__class_type_info20__do_find_public_srcEiPKvPKS0_S2_
                0x0000000000004a8a        0xc /Users/donghee/Downloads/gcc-arm-none-eabi-4_8-2014q2/bin/../lib/gcc/arm-none-eabi/4.8.4/../../../../arm-none-eabi/lib/armv7-m/libstdc++_s.a(class_type_info.o)
                0x0000000000004a8a                __cxxabiv1::__class_type_info::__do_find_public_src(int, void const*, __cxxabiv1::__class_type_info const*, void const*) const
 *fill*         0x0000000000004a96        0x2 
 .text._ZN10__cxxabiv117__class_type_infoD2Ev
                0x0000000000004a98       0x14 /Users/donghee/Downloads/gcc-arm-none-eabi-4_8-2014q2/bin/../lib/gcc/arm-none-eabi/4.8.4/../../../../arm-none-eabi/lib/armv7-m/libstdc++_s.a(class_type_info.o)
                0x0000000000004a98                __cxxabiv1::__class_type_info::~__class_type_info()
                0x0000000000004a98                __cxxabiv1::__class_type_info::~__class_type_info()
 .text._ZN10__cxxabiv117__class_type_infoD0Ev
                0x0000000000004aac       0x12 /Users/donghee/Downloads/gcc-arm-none-eabi-4_8-2014q2/bin/../lib/gcc/arm-none-eabi/4.8.4/../../../../arm-none-eabi/lib/armv7-m/libstdc++_s.a(class_type_info.o)
                0x0000000000004aac                __cxxabiv1::__class_type_info::~__class_type_info()
 .text._ZNK10__cxxabiv117__class_type_info11__do_upcastEPKS0_PKvRNS0_15__upcast_resultE
                0x0000000000004abe       0x1a /Users/donghee/Downloads/gcc-arm-none-eabi-4_8-2014q2/bin/../lib/gcc/arm-none-eabi/4.8.4/../../../../arm-none-eabi/lib/armv7-m/libstdc++_s.a(class_type_info.o)
                0x0000000000004abe                __cxxabiv1::__class_type_info::__do_upcast(__cxxabiv1::__class_type_info const*, void const*, __cxxabiv1::__class_type_info::__upcast_result&) const
 .text._ZNK10__cxxabiv117__class_type_info10__do_catchEPKSt9type_infoPPvj
                0x0000000000004ad8       0x26 /Users/donghee/Downloads/gcc-arm-none-eabi-4_8-2014q2/bin/../lib/gcc/arm-none-eabi/4.8.4/../../../../arm-none-eabi/lib/armv7-m/libstdc++_s.a(class_type_info.o)
                0x0000000000004ad8                __cxxabiv1::__class_type_info::__do_catch(std::type_info const*, void**, unsigned int) const
 .text._ZNK10__cxxabiv117__class_type_info12__do_dyncastEiNS0_10__sub_kindEPKS0_PKvS3_S5_RNS0_16__dyncast_resultE
                0x0000000000004afe       0x38 /Users/donghee/Downloads/gcc-arm-none-eabi-4_8-2014q2/bin/../lib/gcc/arm-none-eabi/4.8.4/../../../../arm-none-eabi/lib/armv7-m/libstdc++_s.a(class_type_info.o)
                0x0000000000004afe                __cxxabiv1::__class_type_info::__do_dyncast(int, __cxxabiv1::__class_type_info::__sub_kind, __cxxabiv1::__class_type_info const*, void const*, __cxxabiv1::__class_type_info const*, void const*, __cxxabiv1::__class_type_info::__dyncast_result&) const
 .text._ZdlPv   0x0000000000004b36        0x8 /Users/donghee/Downloads/gcc-arm-none-eabi-4_8-2014q2/bin/../lib/gcc/arm-none-eabi/4.8.4/../../../../arm-none-eabi/lib/armv7-m/libstdc++_s.a(del_op.o)
                0x0000000000004b36                operator delete(void*)
 *fill*         0x0000000000004b3e        0x2 
 .text._ZN10__cxxabiv120__si_class_type_infoD2Ev
                0x0000000000004b40       0x14 /Users/donghee/Downloads/gcc-arm-none-eabi-4_8-2014q2/bin/../lib/gcc/arm-none-eabi/4.8.4/../../../../arm-none-eabi/lib/armv7-m/libstdc++_s.a(si_class_type_info.o)
                0x0000000000004b40                __cxxabiv1::__si_class_type_info::~__si_class_type_info()
                0x0000000000004b40                __cxxabiv1::__si_class_type_info::~__si_class_type_info()
 .text._ZN10__cxxabiv120__si_class_type_infoD0Ev
                0x0000000000004b54       0x12 /Users/donghee/Downloads/gcc-arm-none-eabi-4_8-2014q2/bin/../lib/gcc/arm-none-eabi/4.8.4/../../../../arm-none-eabi/lib/armv7-m/libstdc++_s.a(si_class_type_info.o)
                0x0000000000004b54                __cxxabiv1::__si_class_type_info::~__si_class_type_info()
 .text._ZNK10__cxxabiv120__si_class_type_info20__do_find_public_srcEiPKvPKNS_17__class_type_infoES2_
                0x0000000000004b66       0x34 /Users/donghee/Downloads/gcc-arm-none-eabi-4_8-2014q2/bin/../lib/gcc/arm-none-eabi/4.8.4/../../../../arm-none-eabi/lib/armv7-m/libstdc++_s.a(si_class_type_info.o)
                0x0000000000004b66                __cxxabiv1::__si_class_type_info::__do_find_public_src(int, void const*, __cxxabiv1::__class_type_info const*, void const*) const
 .text._ZNK10__cxxabiv120__si_class_type_info12__do_dyncastEiNS_17__class_type_info10__sub_kindEPKS1_PKvS4_S6_RNS1_16__dyncast_resultE
                0x0000000000004b9a       0x7c /Users/donghee/Downloads/gcc-arm-none-eabi-4_8-2014q2/bin/../lib/gcc/arm-none-eabi/4.8.4/../../../../arm-none-eabi/lib/armv7-m/libstdc++_s.a(si_class_type_info.o)
                0x0000000000004b9a                __cxxabiv1::__si_class_type_info::__do_dyncast(int, __cxxabiv1::__class_type_info::__sub_kind, __cxxabiv1::__class_type_info const*, void const*, __cxxabiv1::__class_type_info const*, void const*, __cxxabiv1::__class_type_info::__dyncast_result&) const
 .text._ZNK10__cxxabiv120__si_class_type_info11__do_upcastEPKNS_17__class_type_infoEPKvRNS1_15__upcast_resultE
                0x0000000000004c16       0x24 /Users/donghee/Downloads/gcc-arm-none-eabi-4_8-2014q2/bin/../lib/gcc/arm-none-eabi/4.8.4/../../../../arm-none-eabi/lib/armv7-m/libstdc++_s.a(si_class_type_info.o)
                0x0000000000004c16                __cxxabiv1::__si_class_type_info::__do_upcast(__cxxabiv1::__class_type_info const*, void const*, __cxxabiv1::__class_type_info::__upcast_result&) const
 *fill*         0x0000000000004c3a        0x2 
 .text._ZNSt9type_infoD2Ev
                0x0000000000004c3c        0xc /Users/donghee/Downloads/gcc-arm-none-eabi-4_8-2014q2/bin/../lib/gcc/arm-none-eabi/4.8.4/../../../../arm-none-eabi/lib/armv7-m/libstdc++_s.a(tinfo.o)
                0x0000000000004c3c                std::type_info::~type_info()
                0x0000000000004c3c                std::type_info::~type_info()
 .text._ZNKSt9type_info14__is_pointer_pEv
                0x0000000000004c48        0x4 /Users/donghee/Downloads/gcc-arm-none-eabi-4_8-2014q2/bin/../lib/gcc/arm-none-eabi/4.8.4/../../../../arm-none-eabi/lib/armv7-m/libstdc++_s.a(tinfo.o)
                0x0000000000004c48                std::type_info::__is_pointer_p() const
 .text._ZNKSt9type_info15__is_function_pEv
                0x0000000000004c4c        0x4 /Users/donghee/Downloads/gcc-arm-none-eabi-4_8-2014q2/bin/../lib/gcc/arm-none-eabi/4.8.4/../../../../arm-none-eabi/lib/armv7-m/libstdc++_s.a(tinfo.o)
                0x0000000000004c4c                std::type_info::__is_function_p() const
 .text._ZNKSt9type_info11__do_upcastEPKN10__cxxabiv117__class_type_infoEPPv
                0x0000000000004c50        0x4 /Users/donghee/Downloads/gcc-arm-none-eabi-4_8-2014q2/bin/../lib/gcc/arm-none-eabi/4.8.4/../../../../arm-none-eabi/lib/armv7-m/libstdc++_s.a(tinfo.o)
                0x0000000000004c50                std::type_info::__do_upcast(__cxxabiv1::__class_type_info const*, void**) const
 .text._ZNSt9type_infoD0Ev
                0x0000000000004c54       0x14 /Users/donghee/Downloads/gcc-arm-none-eabi-4_8-2014q2/bin/../lib/gcc/arm-none-eabi/4.8.4/../../../../arm-none-eabi/lib/armv7-m/libstdc++_s.a(tinfo.o)
                0x0000000000004c54                std::type_info::~type_info()
 .text._ZNKSt9type_infoeqERKS_
                0x0000000000004c68       0x2e /Users/donghee/Downloads/gcc-arm-none-eabi-4_8-2014q2/bin/../lib/gcc/arm-none-eabi/4.8.4/../../../../arm-none-eabi/lib/armv7-m/libstdc++_s.a(tinfo.o)
                0x0000000000004c68                std::type_info::operator==(std::type_info const&) const
 .text._ZNKSt9type_info10__do_catchEPKS_PPvj
                0x0000000000004c96        0x4 /Users/donghee/Downloads/gcc-arm-none-eabi-4_8-2014q2/bin/../lib/gcc/arm-none-eabi/4.8.4/../../../../arm-none-eabi/lib/armv7-m/libstdc++_s.a(tinfo.o)
                0x0000000000004c96                std::type_info::__do_catch(std::type_info const*, void**, unsigned int) const
 *fill*         0x0000000000004c9a        0x2 
 .text._ZN10__cxxabiv121__vmi_class_type_infoD2Ev
                0x0000000000004c9c       0x14 /Users/donghee/Downloads/gcc-arm-none-eabi-4_8-2014q2/bin/../lib/gcc/arm-none-eabi/4.8.4/../../../../arm-none-eabi/lib/armv7-m/libstdc++_s.a(vmi_class_type_info.o)
                0x0000000000004c9c                __cxxabiv1::__vmi_class_type_info::~__vmi_class_type_info()
                0x0000000000004c9c                __cxxabiv1::__vmi_class_type_info::~__vmi_class_type_info()
 .text._ZN10__cxxabiv121__vmi_class_type_infoD0Ev
                0x0000000000004cb0       0x12 /Users/donghee/Downloads/gcc-arm-none-eabi-4_8-2014q2/bin/../lib/gcc/arm-none-eabi/4.8.4/../../../../arm-none-eabi/lib/armv7-m/libstdc++_s.a(vmi_class_type_info.o)
                0x0000000000004cb0                __cxxabiv1::__vmi_class_type_info::~__vmi_class_type_info()
 .text._ZNK10__cxxabiv121__vmi_class_type_info20__do_find_public_srcEiPKvPKNS_17__class_type_infoES2_
                0x0000000000004cc2       0x7a /Users/donghee/Downloads/gcc-arm-none-eabi-4_8-2014q2/bin/../lib/gcc/arm-none-eabi/4.8.4/../../../../arm-none-eabi/lib/armv7-m/libstdc++_s.a(vmi_class_type_info.o)
                0x0000000000004cc2                __cxxabiv1::__vmi_class_type_info::__do_find_public_src(int, void const*, __cxxabiv1::__class_type_info const*, void const*) const
 .text._ZNK10__cxxabiv117__class_type_info17__find_public_srcEiPKvPKS0_S2_
                0x0000000000004d3c       0x28 /Users/donghee/Downloads/gcc-arm-none-eabi-4_8-2014q2/bin/../lib/gcc/arm-none-eabi/4.8.4/../../../../arm-none-eabi/lib/armv7-m/libstdc++_s.a(vmi_class_type_info.o)
                0x0000000000004d3c                __cxxabiv1::__class_type_info::__find_public_src(int, void const*, __cxxabiv1::__class_type_info const*, void const*) const
 .text._ZNK10__cxxabiv121__vmi_class_type_info12__do_dyncastEiNS_17__class_type_info10__sub_kindEPKS1_PKvS4_S6_RNS1_16__dyncast_resultE
                0x0000000000004d64      0x270 /Users/donghee/Downloads/gcc-arm-none-eabi-4_8-2014q2/bin/../lib/gcc/arm-none-eabi/4.8.4/../../../../arm-none-eabi/lib/armv7-m/libstdc++_s.a(vmi_class_type_info.o)
                0x0000000000004d64                __cxxabiv1::__vmi_class_type_info::__do_dyncast(int, __cxxabiv1::__class_type_info::__sub_kind, __cxxabiv1::__class_type_info const*, void const*, __cxxabiv1::__class_type_info const*, void const*, __cxxabiv1::__class_type_info::__dyncast_result&) const
 .text._ZNK10__cxxabiv121__vmi_class_type_info11__do_upcastEPKNS_17__class_type_infoEPKvRNS1_15__upcast_resultE
                0x0000000000004fd4      0x126 /Users/donghee/Downloads/gcc-arm-none-eabi-4_8-2014q2/bin/../lib/gcc/arm-none-eabi/4.8.4/../../../../arm-none-eabi/lib/armv7-m/libstdc++_s.a(vmi_class_type_info.o)
                0x0000000000004fd4                __cxxabiv1::__vmi_class_type_info::__do_upcast(__cxxabiv1::__class_type_info const*, void const*, __cxxabiv1::__class_type_info::__upcast_result&) const
 *fill*         0x00000000000050fa        0x2 
 .text          0x00000000000050fc      0x370 /Users/donghee/Downloads/gcc-arm-none-eabi-4_8-2014q2/bin/../lib/gcc/arm-none-eabi/4.8.4/armv7-m/libgcc.a(_arm_addsubdf3.o)
                0x00000000000050fc                __aeabi_drsub
                0x0000000000005104                __subdf3
                0x0000000000005104                __aeabi_dsub
                0x0000000000005108                __aeabi_dadd
                0x0000000000005108                __adddf3
                0x0000000000005380                __aeabi_ui2d
                0x0000000000005380                __floatunsidf
                0x00000000000053a0                __floatsidf
                0x00000000000053a0                __aeabi_i2d
                0x00000000000053c4                __extendsfdf2
                0x00000000000053c4                __aeabi_f2d
                0x0000000000005400                __aeabi_ul2d
                0x0000000000005400                __floatundidf
                0x0000000000005410                __aeabi_l2d
                0x0000000000005410                __floatdidf
 .text          0x000000000000546c      0x424 /Users/donghee/Downloads/gcc-arm-none-eabi-4_8-2014q2/bin/../lib/gcc/arm-none-eabi/4.8.4/armv7-m/libgcc.a(_arm_muldivdf3.o)
                0x000000000000546c                __aeabi_dmul
                0x000000000000546c                __muldf3
                0x00000000000056c0                __aeabi_ddiv
                0x00000000000056c0                __divdf3
 .text          0x0000000000005890      0x110 /Users/donghee/Downloads/gcc-arm-none-eabi-4_8-2014q2/bin/../lib/gcc/arm-none-eabi/4.8.4/armv7-m/libgcc.a(_arm_cmpdf2.o)
                0x0000000000005890                __gtdf2
                0x0000000000005890                __gedf2
                0x0000000000005898                __ltdf2
                0x0000000000005898                __ledf2
                0x00000000000058a0                __eqdf2
                0x00000000000058a0                __nedf2
                0x00000000000058a0                __cmpdf2
                0x000000000000591c                __aeabi_cdrcmple
                0x000000000000592c                __aeabi_cdcmple
                0x000000000000592c                __aeabi_cdcmpeq
                0x000000000000593c                __aeabi_dcmpeq
                0x0000000000005950                __aeabi_dcmplt
                0x0000000000005964                __aeabi_dcmple
                0x0000000000005978                __aeabi_dcmpge
                0x000000000000598c                __aeabi_dcmpgt
 .text          0x00000000000059a0       0x50 /Users/donghee/Downloads/gcc-arm-none-eabi-4_8-2014q2/bin/../lib/gcc/arm-none-eabi/4.8.4/armv7-m/libgcc.a(_arm_fixdfsi.o)
                0x00000000000059a0                __fixdfsi
                0x00000000000059a0                __aeabi_d2iz
 .text          0x00000000000059f0       0xa0 /Users/donghee/Downloads/gcc-arm-none-eabi-4_8-2014q2/bin/../lib/gcc/arm-none-eabi/4.8.4/armv7-m/libgcc.a(_arm_truncdfsf2.o)
                0x00000000000059f0                __aeabi_d2f
                0x00000000000059f0                __truncdfsf2
 .text          0x0000000000005a90      0x21c /Users/donghee/Downloads/gcc-arm-none-eabi-4_8-2014q2/bin/../lib/gcc/arm-none-eabi/4.8.4/armv7-m/libgcc.a(_arm_addsubsf3.o)
                0x0000000000005a90                __aeabi_frsub
                0x0000000000005a98                __aeabi_fsub
                0x0000000000005a98                __subsf3
                0x0000000000005a9c                __aeabi_fadd
                0x0000000000005a9c                __addsf3
                0x0000000000005bfc                __aeabi_ui2f
                0x0000000000005bfc                __floatunsisf
                0x0000000000005c04                __floatsisf
                0x0000000000005c04                __aeabi_i2f
                0x0000000000005c20                __aeabi_ul2f
                0x0000000000005c20                __floatundisf
                0x0000000000005c30                __aeabi_l2f
                0x0000000000005c30                __floatdisf
 .text          0x0000000000005cac      0x2a0 /Users/donghee/Downloads/gcc-arm-none-eabi-4_8-2014q2/bin/../lib/gcc/arm-none-eabi/4.8.4/armv7-m/libgcc.a(_arm_muldivsf3.o)
                0x0000000000005cac                __mulsf3
                0x0000000000005cac                __aeabi_fmul
                0x0000000000005e14                __divsf3
                0x0000000000005e14                __aeabi_fdiv
 .text          0x0000000000005f4c       0xec /Users/donghee/Downloads/gcc-arm-none-eabi-4_8-2014q2/bin/../lib/gcc/arm-none-eabi/4.8.4/armv7-m/libgcc.a(_arm_cmpsf2.o)
                0x0000000000005f4c                __gesf2
                0x0000000000005f4c                __gtsf2
                0x0000000000005f54                __ltsf2
                0x0000000000005f54                __lesf2
                0x0000000000005f5c                __nesf2
                0x0000000000005f5c                __eqsf2
                0x0000000000005f5c                __cmpsf2
                0x0000000000005fbc                __aeabi_cfrcmple
                0x0000000000005fc4                __aeabi_cfcmpeq
                0x0000000000005fc4                __aeabi_cfcmple
                0x0000000000005fd4                __aeabi_fcmpeq
                0x0000000000005fe8                __aeabi_fcmplt
                0x0000000000005ffc                __aeabi_fcmple
                0x0000000000006010                __aeabi_fcmpge
                0x0000000000006024                __aeabi_fcmpgt
 .text          0x0000000000006038       0x4c /Users/donghee/Downloads/gcc-arm-none-eabi-4_8-2014q2/bin/../lib/gcc/arm-none-eabi/4.8.4/armv7-m/libgcc.a(_arm_fixsfsi.o)
                0x0000000000006038                __fixsfsi
                0x0000000000006038                __aeabi_f2iz
 .text.__cxa_atexit
                0x0000000000006084       0x20 /Users/donghee/Downloads/gcc-arm-none-eabi-4_8-2014q2/bin/../lib/gcc/arm-none-eabi/4.8.4/../../../../arm-none-eabi/lib/armv7-m/libc_s.a(lib_a-cxa_atexit.o)
                0x0000000000006084                __cxa_atexit
 .text.__errno  0x00000000000060a4        0xc /Users/donghee/Downloads/gcc-arm-none-eabi-4_8-2014q2/bin/../lib/gcc/arm-none-eabi/4.8.4/../../../../arm-none-eabi/lib/armv7-m/libc_s.a(lib_a-errno.o)
                0x00000000000060a4                __errno
 .text._fclose_r
                0x00000000000060b0       0xa4 /Users/donghee/Downloads/gcc-arm-none-eabi-4_8-2014q2/bin/../lib/gcc/arm-none-eabi/4.8.4/../../../../arm-none-eabi/lib/armv7-m/libc_s.a(lib_a-fclose.o)
                0x00000000000060b0                _fclose_r
 .text.fclose   0x0000000000006154       0x10 /Users/donghee/Downloads/gcc-arm-none-eabi-4_8-2014q2/bin/../lib/gcc/arm-none-eabi/4.8.4/../../../../arm-none-eabi/lib/armv7-m/libc_s.a(lib_a-fclose.o)
                0x0000000000006154                fclose
 .text.__sflush_r
                0x0000000000006164      0x106 /Users/donghee/Downloads/gcc-arm-none-eabi-4_8-2014q2/bin/../lib/gcc/arm-none-eabi/4.8.4/../../../../arm-none-eabi/lib/armv7-m/libc_s.a(lib_a-fflush.o)
                0x0000000000006164                __sflush_r
 *fill*         0x000000000000626a        0x2 
 .text._fflush_r
                0x000000000000626c       0x54 /Users/donghee/Downloads/gcc-arm-none-eabi-4_8-2014q2/bin/../lib/gcc/arm-none-eabi/4.8.4/../../../../arm-none-eabi/lib/armv7-m/libc_s.a(lib_a-fflush.o)
                0x000000000000626c                _fflush_r
 .text.fflush   0x00000000000062c0       0x24 /Users/donghee/Downloads/gcc-arm-none-eabi-4_8-2014q2/bin/../lib/gcc/arm-none-eabi/4.8.4/../../../../arm-none-eabi/lib/armv7-m/libc_s.a(lib_a-fflush.o)
                0x00000000000062c0                fflush
 .text._fgetc_r
                0x00000000000062e4       0x58 /Users/donghee/Downloads/gcc-arm-none-eabi-4_8-2014q2/bin/../lib/gcc/arm-none-eabi/4.8.4/../../../../arm-none-eabi/lib/armv7-m/libc_s.a(lib_a-fgetc.o)
                0x00000000000062e4                _fgetc_r
 .text.fgetc    0x000000000000633c       0x10 /Users/donghee/Downloads/gcc-arm-none-eabi-4_8-2014q2/bin/../lib/gcc/arm-none-eabi/4.8.4/../../../../arm-none-eabi/lib/armv7-m/libc_s.a(lib_a-fgetc.o)
                0x000000000000633c                fgetc
 .text._cleanup_r
                0x000000000000634c       0x32 /Users/donghee/Downloads/gcc-arm-none-eabi-4_8-2014q2/bin/../lib/gcc/arm-none-eabi/4.8.4/../../../../arm-none-eabi/lib/armv7-m/libc_s.a(lib_a-findfp.o)
                0x000000000000634c                _cleanup_r
 *fill*         0x000000000000637e        0x2 
 .text.std.isra.0
                0x0000000000006380       0x48 /Users/donghee/Downloads/gcc-arm-none-eabi-4_8-2014q2/bin/../lib/gcc/arm-none-eabi/4.8.4/../../../../arm-none-eabi/lib/armv7-m/libc_s.a(lib_a-findfp.o)
 .text.__sfmoreglue
                0x00000000000063c8       0x2c /Users/donghee/Downloads/gcc-arm-none-eabi-4_8-2014q2/bin/../lib/gcc/arm-none-eabi/4.8.4/../../../../arm-none-eabi/lib/armv7-m/libc_s.a(lib_a-findfp.o)
                0x00000000000063c8                __sfmoreglue
 .text.__sinit  0x00000000000063f4       0x60 /Users/donghee/Downloads/gcc-arm-none-eabi-4_8-2014q2/bin/../lib/gcc/arm-none-eabi/4.8.4/../../../../arm-none-eabi/lib/armv7-m/libc_s.a(lib_a-findfp.o)
                0x00000000000063f4                __sinit
 .text.__sfp    0x0000000000006454       0x74 /Users/donghee/Downloads/gcc-arm-none-eabi-4_8-2014q2/bin/../lib/gcc/arm-none-eabi/4.8.4/../../../../arm-none-eabi/lib/armv7-m/libc_s.a(lib_a-findfp.o)
                0x0000000000006454                __sfp
 .text.__sfp_lock_acquire
                0x00000000000064c8        0x2 /Users/donghee/Downloads/gcc-arm-none-eabi-4_8-2014q2/bin/../lib/gcc/arm-none-eabi/4.8.4/../../../../arm-none-eabi/lib/armv7-m/libc_s.a(lib_a-findfp.o)
                0x00000000000064c8                __sfp_lock_acquire
 .text.__sfp_lock_release
                0x00000000000064ca        0x2 /Users/donghee/Downloads/gcc-arm-none-eabi-4_8-2014q2/bin/../lib/gcc/arm-none-eabi/4.8.4/../../../../arm-none-eabi/lib/armv7-m/libc_s.a(lib_a-findfp.o)
                0x00000000000064ca                __sfp_lock_release
 .text._fopen_r
                0x00000000000064cc       0x80 /Users/donghee/Downloads/gcc-arm-none-eabi-4_8-2014q2/bin/../lib/gcc/arm-none-eabi/4.8.4/../../../../arm-none-eabi/lib/armv7-m/libc_s.a(lib_a-fopen.o)
                0x00000000000064cc                _fopen_r
 .text.fopen    0x000000000000654c       0x14 /Users/donghee/Downloads/gcc-arm-none-eabi-4_8-2014q2/bin/../lib/gcc/arm-none-eabi/4.8.4/../../../../arm-none-eabi/lib/armv7-m/libc_s.a(lib_a-fopen.o)
                0x000000000000654c                fopen
 .text.fprintf  0x0000000000006560       0x24 /Users/donghee/Downloads/gcc-arm-none-eabi-4_8-2014q2/bin/../lib/gcc/arm-none-eabi/4.8.4/../../../../arm-none-eabi/lib/armv7-m/libc_s.a(lib_a-fprintf.o)
                0x0000000000006560                fprintf
                0x0000000000006560                fiprintf
 .text._fputc_r
                0x0000000000006584       0x48 /Users/donghee/Downloads/gcc-arm-none-eabi-4_8-2014q2/bin/../lib/gcc/arm-none-eabi/4.8.4/../../../../arm-none-eabi/lib/armv7-m/libc_s.a(lib_a-fputc.o)
                0x0000000000006584                _fputc_r
 .text.fputc    0x00000000000065cc       0x14 /Users/donghee/Downloads/gcc-arm-none-eabi-4_8-2014q2/bin/../lib/gcc/arm-none-eabi/4.8.4/../../../../arm-none-eabi/lib/armv7-m/libc_s.a(lib_a-fputc.o)
                0x00000000000065cc                fputc
 .text._fseek_r
                0x00000000000065e0        0x4 /Users/donghee/Downloads/gcc-arm-none-eabi-4_8-2014q2/bin/../lib/gcc/arm-none-eabi/4.8.4/../../../../arm-none-eabi/lib/armv7-m/libc_s.a(lib_a-fseek.o)
                0x00000000000065e0                _fseek_r
 .text._fseeko_r
                0x00000000000065e4      0x11c /Users/donghee/Downloads/gcc-arm-none-eabi-4_8-2014q2/bin/../lib/gcc/arm-none-eabi/4.8.4/../../../../arm-none-eabi/lib/armv7-m/libc_s.a(lib_a-fseeko.o)
                0x00000000000065e4                _fseeko_r
 .text._fwalk   0x0000000000006700       0x38 /Users/donghee/Downloads/gcc-arm-none-eabi-4_8-2014q2/bin/../lib/gcc/arm-none-eabi/4.8.4/../../../../arm-none-eabi/lib/armv7-m/libc_s.a(lib_a-fwalk.o)
                0x0000000000006700                _fwalk
 .text._fwalk_reent
                0x0000000000006738       0x3c /Users/donghee/Downloads/gcc-arm-none-eabi-4_8-2014q2/bin/../lib/gcc/arm-none-eabi/4.8.4/../../../../arm-none-eabi/lib/armv7-m/libc_s.a(lib_a-fwalk.o)
                0x0000000000006738                _fwalk_reent
 .text.__libc_init_array
                0x0000000000006774       0x4c /Users/donghee/Downloads/gcc-arm-none-eabi-4_8-2014q2/bin/../lib/gcc/arm-none-eabi/4.8.4/../../../../arm-none-eabi/lib/armv7-m/libc_s.a(lib_a-init.o)
                0x0000000000006774                __libc_init_array
 .text.__smakebuf_r
                0x00000000000067c0       0x98 /Users/donghee/Downloads/gcc-arm-none-eabi-4_8-2014q2/bin/../lib/gcc/arm-none-eabi/4.8.4/../../../../arm-none-eabi/lib/armv7-m/libc_s.a(lib_a-makebuf.o)
                0x00000000000067c0                __smakebuf_r
 .text.malloc   0x0000000000006858       0x10 /Users/donghee/Downloads/gcc-arm-none-eabi-4_8-2014q2/bin/../lib/gcc/arm-none-eabi/4.8.4/../../../../arm-none-eabi/lib/armv7-m/libc_s.a(lib_a-malloc.o)
                0x0000000000006858                malloc
 .text.free     0x0000000000006868       0x10 /Users/donghee/Downloads/gcc-arm-none-eabi-4_8-2014q2/bin/../lib/gcc/arm-none-eabi/4.8.4/../../../../arm-none-eabi/lib/armv7-m/libc_s.a(lib_a-malloc.o)
                0x0000000000006868                free
 .text.memchr   0x0000000000006878       0x1c /Users/donghee/Downloads/gcc-arm-none-eabi-4_8-2014q2/bin/../lib/gcc/arm-none-eabi/4.8.4/../../../../arm-none-eabi/lib/armv7-m/libc_s.a(lib_a-memchr-stub.o)
                0x0000000000006878                memchr
 .text.memcpy   0x0000000000006894       0x12 /Users/donghee/Downloads/gcc-arm-none-eabi-4_8-2014q2/bin/../lib/gcc/arm-none-eabi/4.8.4/../../../../arm-none-eabi/lib/armv7-m/libc_s.a(lib_a-memcpy-stub.o)
                0x0000000000006894                memcpy
 .text.memset   0x00000000000068a6       0x10 /Users/donghee/Downloads/gcc-arm-none-eabi-4_8-2014q2/bin/../lib/gcc/arm-none-eabi/4.8.4/../../../../arm-none-eabi/lib/armv7-m/libc_s.a(lib_a-memset.o)
                0x00000000000068a6                memset
 *fill*         0x00000000000068b6        0x2 
 .text._free_r  0x00000000000068b8       0x88 /Users/donghee/Downloads/gcc-arm-none-eabi-4_8-2014q2/bin/../lib/gcc/arm-none-eabi/4.8.4/../../../../arm-none-eabi/lib/armv7-m/libc_s.a(lib_a-nano-freer.o)
                0x00000000000068b8                _free_r
 .text._malloc_r
                0x0000000000006940       0xa8 /Users/donghee/Downloads/gcc-arm-none-eabi-4_8-2014q2/bin/../lib/gcc/arm-none-eabi/4.8.4/../../../../arm-none-eabi/lib/armv7-m/libc_s.a(lib_a-nano-mallocr.o)
                0x0000000000006940                _malloc_r
 .text._open_r  0x00000000000069e8       0x24 /Users/donghee/Downloads/gcc-arm-none-eabi-4_8-2014q2/bin/../lib/gcc/arm-none-eabi/4.8.4/../../../../arm-none-eabi/lib/armv7-m/libc_s.a(lib_a-openr.o)
                0x00000000000069e8                _open_r
 .text._putc_r  0x0000000000006a0c       0x78 /Users/donghee/Downloads/gcc-arm-none-eabi-4_8-2014q2/bin/../lib/gcc/arm-none-eabi/4.8.4/../../../../arm-none-eabi/lib/armv7-m/libc_s.a(lib_a-putc.o)
                0x0000000000006a0c                _putc_r
 .text.lflush   0x0000000000006a84       0x12 /Users/donghee/Downloads/gcc-arm-none-eabi-4_8-2014q2/bin/../lib/gcc/arm-none-eabi/4.8.4/../../../../arm-none-eabi/lib/armv7-m/libc_s.a(lib_a-refill.o)
 *fill*         0x0000000000006a96        0x2 
 .text.__srefill_r
                0x0000000000006a98      0x10c /Users/donghee/Downloads/gcc-arm-none-eabi-4_8-2014q2/bin/../lib/gcc/arm-none-eabi/4.8.4/../../../../arm-none-eabi/lib/armv7-m/libc_s.a(lib_a-refill.o)
                0x0000000000006a98                __srefill_r
 .text.__srget_r
                0x0000000000006ba4       0x58 /Users/donghee/Downloads/gcc-arm-none-eabi-4_8-2014q2/bin/../lib/gcc/arm-none-eabi/4.8.4/../../../../arm-none-eabi/lib/armv7-m/libc_s.a(lib_a-rget.o)
                0x0000000000006ba4                __srget_r
 .text._sbrk_r  0x0000000000006bfc       0x20 /Users/donghee/Downloads/gcc-arm-none-eabi-4_8-2014q2/bin/../lib/gcc/arm-none-eabi/4.8.4/../../../../arm-none-eabi/lib/armv7-m/libc_s.a(lib_a-sbrkr.o)
                0x0000000000006bfc                _sbrk_r
 .text.setbuf   0x0000000000006c1c       0x10 /Users/donghee/Downloads/gcc-arm-none-eabi-4_8-2014q2/bin/../lib/gcc/arm-none-eabi/4.8.4/../../../../arm-none-eabi/lib/armv7-m/libc_s.a(lib_a-setbuf.o)
                0x0000000000006c1c                setbuf
 .text.setvbuf  0x0000000000006c2c      0x110 /Users/donghee/Downloads/gcc-arm-none-eabi-4_8-2014q2/bin/../lib/gcc/arm-none-eabi/4.8.4/../../../../arm-none-eabi/lib/armv7-m/libc_s.a(lib_a-setvbuf.o)
                0x0000000000006c2c                setvbuf
 .text.sprintf  0x0000000000006d3c       0x48 /Users/donghee/Downloads/gcc-arm-none-eabi-4_8-2014q2/bin/../lib/gcc/arm-none-eabi/4.8.4/../../../../arm-none-eabi/lib/armv7-m/libc_s.a(lib_a-sprintf.o)
                0x0000000000006d3c                sprintf
                0x0000000000006d3c                siprintf
 .text.sscanf   0x0000000000006d84       0x54 /Users/donghee/Downloads/gcc-arm-none-eabi-4_8-2014q2/bin/../lib/gcc/arm-none-eabi/4.8.4/../../../../arm-none-eabi/lib/armv7-m/libc_s.a(lib_a-sscanf.o)
                0x0000000000006d84                sscanf
                0x0000000000006d84                siscanf
 .text.__sread  0x0000000000006dd8       0x22 /Users/donghee/Downloads/gcc-arm-none-eabi-4_8-2014q2/bin/../lib/gcc/arm-none-eabi/4.8.4/../../../../arm-none-eabi/lib/armv7-m/libc_s.a(lib_a-stdio.o)
                0x0000000000006dd8                __sread
 .text.__seofread
                0x0000000000006dfa        0x4 /Users/donghee/Downloads/gcc-arm-none-eabi-4_8-2014q2/bin/../lib/gcc/arm-none-eabi/4.8.4/../../../../arm-none-eabi/lib/armv7-m/libc_s.a(lib_a-stdio.o)
                0x0000000000006dfa                __seofread
 .text.__swrite
                0x0000000000006dfe       0x38 /Users/donghee/Downloads/gcc-arm-none-eabi-4_8-2014q2/bin/../lib/gcc/arm-none-eabi/4.8.4/../../../../arm-none-eabi/lib/armv7-m/libc_s.a(lib_a-stdio.o)
                0x0000000000006dfe                __swrite
 .text.__sseek  0x0000000000006e36       0x24 /Users/donghee/Downloads/gcc-arm-none-eabi-4_8-2014q2/bin/../lib/gcc/arm-none-eabi/4.8.4/../../../../arm-none-eabi/lib/armv7-m/libc_s.a(lib_a-stdio.o)
                0x0000000000006e36                __sseek
 .text.__sclose
                0x0000000000006e5a        0x8 /Users/donghee/Downloads/gcc-arm-none-eabi-4_8-2014q2/bin/../lib/gcc/arm-none-eabi/4.8.4/../../../../arm-none-eabi/lib/armv7-m/libc_s.a(lib_a-stdio.o)
                0x0000000000006e5a                __sclose
 .text          0x0000000000006e62       0x14 /Users/donghee/Downloads/gcc-arm-none-eabi-4_8-2014q2/bin/../lib/gcc/arm-none-eabi/4.8.4/../../../../arm-none-eabi/lib/armv7-m/libc_s.a(lib_a-strcmp.o)
                0x0000000000006e62                strcmp
 .text.strlen   0x0000000000006e76       0x10 /Users/donghee/Downloads/gcc-arm-none-eabi-4_8-2014q2/bin/../lib/gcc/arm-none-eabi/4.8.4/../../../../arm-none-eabi/lib/armv7-m/libc_s.a(lib_a-strlen.o)
                0x0000000000006e76                strlen
 .text.strncmp  0x0000000000006e86       0x2c /Users/donghee/Downloads/gcc-arm-none-eabi-4_8-2014q2/bin/../lib/gcc/arm-none-eabi/4.8.4/../../../../arm-none-eabi/lib/armv7-m/libc_s.a(lib_a-strncmp.o)
                0x0000000000006e86                strncmp
 .text.strstr   0x0000000000006eb2       0x32 /Users/donghee/Downloads/gcc-arm-none-eabi-4_8-2014q2/bin/../lib/gcc/arm-none-eabi/4.8.4/../../../../arm-none-eabi/lib/armv7-m/libc_s.a(lib_a-strstr.o)
                0x0000000000006eb2                strstr
 .text.__ssputs_r
                0x0000000000006ee4       0xb8 /Users/donghee/Downloads/gcc-arm-none-eabi-4_8-2014q2/bin/../lib/gcc/arm-none-eabi/4.8.4/../../../../arm-none-eabi/lib/armv7-m/libc_s.a(lib_a-svfprintf.o)
                0x0000000000006ee4                __ssputs_r
 .text._svfprintf_r
                0x0000000000006f9c      0x1d8 /Users/donghee/Downloads/gcc-arm-none-eabi-4_8-2014q2/bin/../lib/gcc/arm-none-eabi/4.8.4/../../../../arm-none-eabi/lib/armv7-m/libc_s.a(lib_a-svfprintf.o)
                0x0000000000006f9c                _svfprintf_r
                0x0000000000006f9c                _svfiprintf_r
 .text._sungetc_r
                0x0000000000007174       0x7a /Users/donghee/Downloads/gcc-arm-none-eabi-4_8-2014q2/bin/../lib/gcc/arm-none-eabi/4.8.4/../../../../arm-none-eabi/lib/armv7-m/libc_s.a(lib_a-svfscanf.o)
                0x0000000000007174                _sungetc_r
 .text.__ssrefill_r
                0x00000000000071ee       0x3a /Users/donghee/Downloads/gcc-arm-none-eabi-4_8-2014q2/bin/../lib/gcc/arm-none-eabi/4.8.4/../../../../arm-none-eabi/lib/armv7-m/libc_s.a(lib_a-svfscanf.o)
                0x00000000000071ee                __ssrefill_r
 .text.__ssvfscanf_r
                0x0000000000007228      0x29c /Users/donghee/Downloads/gcc-arm-none-eabi-4_8-2014q2/bin/../lib/gcc/arm-none-eabi/4.8.4/../../../../arm-none-eabi/lib/armv7-m/libc_s.a(lib_a-svfscanf.o)
                0x0000000000007228                __ssvfscanf_r
                0x0000000000007228                __ssvfiscanf_r
 .text.__submore
                0x00000000000074c4       0x72 /Users/donghee/Downloads/gcc-arm-none-eabi-4_8-2014q2/bin/../lib/gcc/arm-none-eabi/4.8.4/../../../../arm-none-eabi/lib/armv7-m/libc_s.a(lib_a-ungetc.o)
                0x00000000000074c4                __submore
 .text.__sfputc_r
                0x0000000000007536       0x2c /Users/donghee/Downloads/gcc-arm-none-eabi-4_8-2014q2/bin/../lib/gcc/arm-none-eabi/4.8.4/../../../../arm-none-eabi/lib/armv7-m/libc_s.a(lib_a-vfprintf.o)
 .text.__sfputs_r
                0x0000000000007562       0x24 /Users/donghee/Downloads/gcc-arm-none-eabi-4_8-2014q2/bin/../lib/gcc/arm-none-eabi/4.8.4/../../../../arm-none-eabi/lib/armv7-m/libc_s.a(lib_a-vfprintf.o)
                0x0000000000007562                __sfputs_r
 *fill*         0x0000000000007586        0x2 
 .text._vfprintf_r
                0x0000000000007588      0x208 /Users/donghee/Downloads/gcc-arm-none-eabi-4_8-2014q2/bin/../lib/gcc/arm-none-eabi/4.8.4/../../../../arm-none-eabi/lib/armv7-m/libc_s.a(lib_a-vfprintf.o)
                0x0000000000007588                _vfiprintf_r
                0x0000000000007588                _vfprintf_r
 .text.__cvt    0x0000000000007790       0xc0 /Users/donghee/Downloads/gcc-arm-none-eabi-4_8-2014q2/bin/../lib/gcc/arm-none-eabi/4.8.4/../../../../arm-none-eabi/lib/armv7-m/libc_s.a(lib_a-vfprintf_float.o)
                0x0000000000007790                __cvt
 .text.__exponent