Archive member included because of file (symbol)

../../mri/mri.ar(mri.o)       LPC1768/gcc4mbed.o (__mriInit)
../../mri/mri.ar(packet.o)    ../../mri/mri.ar(mri.o) (__mriPacket_GetFromGDB)
../../mri/mri.ar(token.o)     ../../mri/mri.ar(mri.o) (__mriToken_Init)
../../mri/mri.ar(try_catch.o)
                              ../../mri/mri.ar(mri.o) (__mriExceptionCode)
../../mri/mri.ar(semihost.o)  ../../mri/mri.ar(mri.o) (__mriSemihost_IsDebuggeeMakingSemihostCall)
../../mri/mri.ar(semihost_newlib.o)
                              ../../mri/mri.ar(semihost.o) (__mriSemihost_HandleNewlibSemihostRequest)
../../mri/mri.ar(newlib_asm.o)
                              LPC1768/gcc4mbed.o (__mriNewlib_SemihostWrite)
../../mri/mri.ar(semihost_mbed.o)
                              ../../mri/mri.ar(semihost.o) (__mriSemihost_HandleMbedSemihostRequest)
../../mri/mri.ar(armv7-m.o)   ../../mri/mri.ar(mri.o) (__mriPlatform_IsSingleStepping)
../../mri/mri.ar(armv7-m_asm.o)
                              ../../mri/mri.ar(armv7-m.o) (__mriARMv7MAsmInit)
../../mri/mri.ar(native-mem.o)
                              ../../mri/mri.ar(armv7-m.o) (__mriPlatform_MemRead16)
../../mri/mri.ar(lpc176x_uart.o)
                              ../../mri/mri.ar(mri.o) (__mriPlatform_CommHasReceiveData)
../../mri/mri.ar(mbed1768.o)  ../../mri/mri.ar(mri.o) (__mriPlatform_Init)
../../mri/mri.ar(mbed1768_asm.o)
                              ../../mri/mri.ar(mbed1768.o) (__mriDisableMbed)
../../mri/mri.ar(buffer.o)    ../../mri/mri.ar(mri.o) (__mriBuffer_Init)
../../mri/mri.ar(cmd_break_watch.o)
                              ../../mri/mri.ar(mri.o) (__mriCmd_HandleBreakpointWatchpointSetCommand)
../../mri/mri.ar(cmd_common.o)
                              ../../mri/mri.ar(cmd_break_watch.o) (__mriCmd_ReadUIntegerArgument)
../../mri/mri.ar(cmd_continue.o)
                              ../../mri/mri.ar(mri.o) (__mriCmd_HandleContinueCommand)
../../mri/mri.ar(cmd_file.o)  ../../mri/mri.ar(semihost_newlib.o) (__mriIssueGdbFileOpenRequest)
../../mri/mri.ar(cmd_memory.o)
                              ../../mri/mri.ar(mri.o) (__mriCmd_HandleMemoryReadCommand)
../../mri/mri.ar(cmd_query.o)
                              ../../mri/mri.ar(mri.o) (__mriCmd_HandleQueryCommand)
../../mri/mri.ar(cmd_registers.o)
                              ../../mri/mri.ar(mri.o) (__mriCmd_Send_T_StopResponse)
../../mri/mri.ar(cmd_step.o)  ../../mri/mri.ar(mri.o) (__mriCmd_HandleSingleStepCommand)
../../mri/mri.ar(gdb_console.o)
                              ../../mri/mri.ar(armv7-m.o) (__mriGdbConsole_WriteString)
../../mri/mri.ar(memory.o)    ../../mri/mri.ar(cmd_memory.o) (__mriMem_ReadMemoryIntoHexBuffer)
../../mri/mri.ar(lpc176x.o)   ../../mri/mri.ar(mbed1768.o) (__mriLpc176x_Init)
../../external/mbed/Debug/NXP_LPC17XX/mbed.a(analogin_api.o)
                              LPC1768/main.o (analogin_init)
../../external/mbed/Debug/NXP_LPC17XX/mbed.a(analogout_api.o)
                              LPC1768/main.o (analogout_init)
../../external/mbed/Debug/NXP_LPC17XX/mbed.a(system_LPC17xx.o)
                              ../../mri/mri.ar(lpc176x_uart.o) (SystemCoreClock)
../../external/mbed/Debug/NXP_LPC17XX/mbed.a(error.o)
                              ../../external/mbed/Debug/NXP_LPC17XX/mbed.a(analogin_api.o) (error)
../../external/mbed/Debug/NXP_LPC17XX/mbed.a(exit.o)
                              LPC1768/gcc4mbed.o (exit)
../../external/mbed/Debug/NXP_LPC17XX/mbed.a(gpio.o)
                              LPC1768/main.o (gpio_init_out)
../../external/mbed/Debug/NXP_LPC17XX/mbed.a(mbed_interface.o)
                              ../../external/mbed/Debug/NXP_LPC17XX/mbed.a(exit.o) (mbed_interface_connected)
../../external/mbed/Debug/NXP_LPC17XX/mbed.a(pinmap_common.o)
                              ../../external/mbed/Debug/NXP_LPC17XX/mbed.a(analogin_api.o) (pinmap_pinout)
../../external/mbed/Debug/NXP_LPC17XX/mbed.a(semihost_api.o)
                              ../../external/mbed/Debug/NXP_LPC17XX/mbed.a(exit.o) (semihost_exit)
../../external/mbed/Debug/NXP_LPC17XX/mbed.a(wait_api.o)
                              LPC1768/main.o (wait)
../../external/mbed/Debug/NXP_LPC17XX/mbed.a(FunctionPointer.o)
                              LPC1768/main.o (mbed::FunctionPointer::attach(void (*)()))
../../external/mbed/Debug/NXP_LPC17XX/mbed.a(InterruptIn.o)
                              LPC1768/main.o (mbed::InterruptIn::InterruptIn(PinName))
../../external/mbed/Debug/NXP_LPC17XX/mbed.a(Serial.o)
                              LPC1768/main.o (vtable for mbed::Serial)
../../external/mbed/Debug/NXP_LPC17XX/mbed.a(SerialBase.o)
                              ../../external/mbed/Debug/NXP_LPC17XX/mbed.a(Serial.o) (mbed::SerialBase::SerialBase(PinName, PinName))
../../external/mbed/Debug/NXP_LPC17XX/mbed.a(Stream.o)
                              ../../external/mbed/Debug/NXP_LPC17XX/mbed.a(Serial.o) (mbed::Stream::Stream(char const*))
../../external/mbed/Debug/NXP_LPC17XX/mbed.a(Ticker.o)
[...]
Memory Configuration

Name             Origin             Length             Attributes
FLASH            0x0000000000000000 0x0000000000080000 xr
RAM              0x00000000100000c8 0x0000000000007f38 xrw
USB_RAM          0x000000002007c000 0x0000000000004000 xrw
ETH_RAM          0x0000000020080000 0x0000000000004000 xrw
*default*        0x0000000000000000 0xffffffffffffffff

Linker script and memory map

LOAD /Users/donghee/Dropbox/projects/mbed_nxp1768/gcc-arm-none-eabi/bin/../lib/gcc/arm-none-eabi/4.8.3/armv7-m/crti.o
LOAD /Users/donghee/Dropbox/projects/mbed_nxp1768/gcc-arm-none-eabi/bin/../lib/gcc/arm-none-eabi/4.8.3/armv7-m/crtbegin.o
LOAD LPC1768/main.o
LOAD LPC1768/gcc4mbed.o
LOAD ../../mri/mri.ar
LOAD ../../external/mbed/Debug/NXP_LPC17XX/mbed.a
LOAD /Users/donghee/Dropbox/projects/mbed_nxp1768/gcc-arm-none-eabi/bin/../lib/gcc/arm-none-eabi/4.8.3/../../../../arm-none-eabi/lib/armv7-m/libstdc++_s.a
LOAD /Users/donghee/Dropbox/projects/mbed_nxp1768/gcc-arm-none-eabi/bin/../lib/gcc/arm-none-eabi/4.8.3/../../../../arm-none-eabi/lib/armv7-m/libsupc++_s.a
LOAD /Users/donghee/Dropbox/projects/mbed_nxp1768/gcc-arm-none-eabi/bin/../lib/gcc/arm-none-eabi/4.8.3/armv7-m/libgcc.a
LOAD /Users/donghee/Dropbox/projects/mbed_nxp1768/gcc-arm-none-eabi/bin/../lib/gcc/arm-none-eabi/4.8.3/armv7-m/libgcc.a
LOAD /Users/donghee/Dropbox/projects/mbed_nxp1768/gcc-arm-none-eabi/bin/../lib/gcc/arm-none-eabi/4.8.3/../../../../arm-none-eabi/lib/armv7-m/libc_s.a
LOAD /Users/donghee/Dropbox/projects/mbed_nxp1768/gcc-arm-none-eabi/bin/../lib/gcc/arm-none-eabi/4.8.3/../../../../arm-none-eabi/lib/armv7-m/libnosys.a
LOAD /Users/donghee/Dropbox/projects/mbed_nxp1768/gcc-arm-none-eabi/bin/../lib/gcc/arm-none-eabi/4.8.3/../../../../arm-none-eabi/lib/armv7-m/libstdc++_s.a
LOAD /Users/donghee/Dropbox/projects/mbed_nxp1768/gcc-arm-none-eabi/bin/../lib/gcc/arm-none-eabi/4.8.3/../../../../arm-none-eabi/lib/armv7-m/libm.a
LOAD /Users/donghee/Dropbox/projects/mbed_nxp1768/gcc-arm-none-eabi/bin/../lib/gcc/arm-none-eabi/4.8.3/../../../../arm-none-eabi/lib/armv7-m/libc_s.a
START GROUP
LOAD /Users/donghee/Dropbox/projects/mbed_nxp1768/gcc-arm-none-eabi/bin/../lib/gcc/arm-none-eabi/4.8.3/armv7-m/libgcc.a
LOAD /Users/donghee/Dropbox/projects/mbed_nxp1768/gcc-arm-none-eabi/bin/../lib/gcc/arm-none-eabi/4.8.3/../../../../arm-none-eabi/lib/armv7-m/libc_s.a
END GROUP
LOAD /Users/donghee/Dropbox/projects/mbed_nxp1768/gcc-arm-none-eabi/bin/../lib/gcc/arm-none-eabi/4.8.3/armv7-m/crtend.o
LOAD /Users/donghee/Dropbox/projects/mbed_nxp1768/gcc-arm-none-eabi/bin/../lib/gcc/arm-none-eabi/4.8.3/armv7-m/crtn.o

.text           0x0000000000000000     0xe0d8
 *(.isr_vector)
 .isr_vector    0x0000000000000000       0xcc ../../external/mbed/Debug/NXP_LPC17XX/mbed.a(startup_LPC17xx.o)
                0x0000000000000000                __isr_vector
 *(.text*)
 .text          0x00000000000000cc       0x54 /Users/donghee/Dropbox/projects/mbed_nxp1768/gcc-arm-none-eabi/bin/../lib/gcc/arm-none-eabi/4.8.3/armv7-m/crtbegin.o
 .text.NVIC_EnableIRQ
                0x0000000000000120       0x2c LPC1768/main.o
 .text.NVIC_DisableIRQ
                0x000000000000014c       0x2c LPC1768/main.o
 .text.gpio_write
                0x0000000000000178       0x28 LPC1768/main.o
 .text._ZN4mbed10DigitalOutC2E7PinName
                0x00000000000001a0       0x40 LPC1768/main.o
                0x00000000000001a0                mbed::DigitalOut::DigitalOut(PinName)
                0x00000000000001a0                mbed::DigitalOut::DigitalOut(PinName)
 .text._ZN4mbed10DigitalOut5writeEi
                0x00000000000001e0       0x18 LPC1768/main.o
                0x00000000000001e0                mbed::DigitalOut::write(int)
 .text._ZN4mbed10DigitalOutaSEi
                0x00000000000001f8       0x1c LPC1768/main.o
                0x00000000000001f8                mbed::DigitalOut::operator=(int)
 .text._ZN4mbed8AnalogInC2E7PinName
                0x0000000000000214       0x1c LPC1768/main.o
                0x0000000000000214                mbed::AnalogIn::AnalogIn(PinName)
                0x0000000000000214                mbed::AnalogIn::AnalogIn(PinName)
 .text._ZN4mbed8AnalogIn4readEv
                0x0000000000000230       0x18 LPC1768/main.o
                0x0000000000000230                mbed::AnalogIn::read()
 .text._ZN4mbed8AnalogIncvfEv
                0x0000000000000248       0x18 LPC1768/main.o
                0x0000000000000248                mbed::AnalogIn::operator float()
 .text._ZN4mbed9AnalogOutC2E7PinName
                0x0000000000000260       0x1c LPC1768/main.o
                0x0000000000000260                mbed::AnalogOut::AnalogOut(PinName)
                0x0000000000000260                mbed::AnalogOut::AnalogOut(PinName)
 .text._ZN4mbed9AnalogOut5writeEf
                0x000000000000027c       0x18 LPC1768/main.o
                0x000000000000027c                mbed::AnalogOut::write(float)
 .text._ZN4mbed9AnalogOutaSEf
                0x0000000000000294       0x1c LPC1768/main.o
                0x0000000000000294                mbed::AnalogOut::operator=(float)
 .text._ZN4mbed10SerialBaseD2Ev
                0x00000000000002b0       0x28 LPC1768/main.o
                0x00000000000002b0                mbed::SerialBase::~SerialBase()
                0x00000000000002b0                mbed::SerialBase::~SerialBase()
 .text._ZN4mbed10SerialBaseD0Ev
                0x00000000000002d8       0x1c LPC1768/main.o
                0x00000000000002d8                mbed::SerialBase::~SerialBase()
 .text._ZN4mbed6Ticker6attachEPFvvEf
                0x00000000000002f4       0x30 LPC1768/main.o
                0x00000000000002f4                mbed::Ticker::attach(void (*)(), float)
 .text._ZN4mbed6Ticker9attach_usEPFvvEj
                0x0000000000000324       0x24 LPC1768/main.o
                0x0000000000000324                mbed::Ticker::attach_us(void (*)(), unsigned int)
 .text._Z16init_relay_brakev
                0x0000000000000348       0x1c LPC1768/main.o
                0x0000000000000348                init_relay_brake()
 .text._Z12throttle_setf
                0x0000000000000364       0x2c LPC1768/main.o
                0x0000000000000364                throttle_set(float)
 .text._Z14throttle_clearv
                0x0000000000000390       0x28 LPC1768/main.o
                0x0000000000000390                throttle_clear()
 .text._Z19relay_break_processv
                0x00000000000003b8       0x9c LPC1768/main.o
                0x00000000000003b8                relay_break_process()
 .text._Z4pushf
                0x0000000000000454       0x34 LPC1768/main.o
                0x0000000000000454                push(float)
 .text._Z5_stopv
                0x0000000000000488       0x2c LPC1768/main.o
                0x0000000000000488                _stop()
 .text._Z6_breakv
                0x00000000000004b4       0x2c LPC1768/main.o
                0x00000000000004b4                _break()
 .text._Z8relay_onv
                0x00000000000004e0       0x2c LPC1768/main.o
                0x00000000000004e0                relay_on()
 .text._Z4pullf
                0x000000000000050c       0x34 LPC1768/main.o
                0x000000000000050c                pull(float)
 .text._Z9send_linev
                0x0000000000000540      0x158 LPC1768/main.o
                0x0000000000000540                send_line()
 .text._Z9read_linev
                0x0000000000000698       0xc0 LPC1768/main.o
                0x0000000000000698                read_line()
 .text._Z12Rx_interruptv
                0x0000000000000758       0xa0 LPC1768/main.o
                0x0000000000000758                Rx_interrupt()
 .text._Z12Tx_interruptv
                0x00000000000007f8       0x88 LPC1768/main.o
                0x00000000000007f8                Tx_interrupt()
 .text._Z21init_serial_interruptv
                0x0000000000000880       0x30 LPC1768/main.o
                0x0000000000000880                init_serial_interrupt()
 .text._Z13parse_commandPc
                0x00000000000008b0       0x60 LPC1768/main.o
                0x00000000000008b0                parse_command(char*)
 .text._Z10parse_argsPc
                0x0000000000000910       0x60 LPC1768/main.o
                0x0000000000000910                parse_args(char*)
 .text._Z7execute9COMMAND_ti
                0x0000000000000970       0xa0 LPC1768/main.o
                0x0000000000000970                execute(COMMAND_t, int)
 .text._Z14read_voltage24v
                0x0000000000000a10       0x68 LPC1768/main.o
                0x0000000000000a10                read_voltage24()
 .text._Z14read_voltage48v
                0x0000000000000a78       0x5c LPC1768/main.o
                0x0000000000000a78                read_voltage48()
 *fill*         0x0000000000000ad4        0x4 
 .text._Z8read_potv
                0x0000000000000ad8       0x68 LPC1768/main.o
                0x0000000000000ad8                read_pot()
 .text._Z16throttle_in_risev
                0x0000000000000b40       0x10 LPC1768/main.o
                0x0000000000000b40                throttle_in_rise()
 .text._Z16throttle_in_fallv
                0x0000000000000b50       0x20 LPC1768/main.o
                0x0000000000000b50                throttle_in_fall()
 .text._Z12rudo_in_risev
                0x0000000000000b70       0x10 LPC1768/main.o
                0x0000000000000b70                rudo_in_rise()
 .text._Z12rudo_in_fallv
                0x0000000000000b80       0x20 LPC1768/main.o
                0x0000000000000b80                rudo_in_fall()
 .text._Z12elev_in_risev
                0x0000000000000ba0       0x10 LPC1768/main.o
                0x0000000000000ba0                elev_in_rise()
 .text._Z12elev_in_fallv
                0x0000000000000bb0       0x20 LPC1768/main.o
                0x0000000000000bb0                elev_in_fall()
 .text._Z7init_rcv
                0x0000000000000bd0       0x78 LPC1768/main.o
                0x0000000000000bd0                init_rc()
 .text._ZN4mbed6TickerC2Ev
                0x0000000000000c48       0x30 LPC1768/main.o
                0x0000000000000c48                mbed::Ticker::Ticker()
                0x0000000000000c48                mbed::Ticker::Ticker()
 .text._Z15tx_emitter_taskv
                0x0000000000000c78       0x50 LPC1768/main.o
                0x0000000000000c78                tx_emitter_task()
 .text._Z15init_tx_emitterv
                0x0000000000000cc8       0x1c LPC1768/main.o
                0x0000000000000cc8                init_tx_emitter()
 .text._Z18delayed_break_taskv
                0x0000000000000ce4        0x8 LPC1768/main.o
                0x0000000000000ce4                delayed_break_task()
 .text._Z23init_relay_brake_tickerv
                0x0000000000000cec       0x1c LPC1768/main.o
                0x0000000000000cec                init_relay_brake_ticker()
 .text.main     0x0000000000000d08       0x4c LPC1768/main.o
                0x0000000000000d08                main
 .text._ZN4mbed6SerialD2Ev
                0x0000000000000d54       0x4c LPC1768/main.o
                0x0000000000000d54                mbed::Serial::~Serial()
                0x0000000000000d54                mbed::Serial::~Serial()
 .text._ZN4mbed6SerialD1Ev
                0x0000000000000da0       0x10 LPC1768/main.o
                0x0000000000000da0                non-virtual thunk to mbed::Serial::~Serial()
                0x0000000000000da8                non-virtual thunk to mbed::Serial::~Serial()
 .text._ZN4mbed6SerialD0Ev
                0x0000000000000db0       0x2c LPC1768/main.o
                0x0000000000000db0                mbed::Serial::~Serial()
                0x0000000000000dcc                non-virtual thunk to mbed::Serial::~Serial()
                0x0000000000000dd4                non-virtual thunk to mbed::Serial::~Serial()
 .text._ZN4mbed6TickerD2Ev
                0x0000000000000ddc       0x30 LPC1768/main.o
                0x0000000000000ddc                mbed::Ticker::~Ticker()
                0x0000000000000ddc                mbed::Ticker::~Ticker()
 .text._ZN4mbed6TickerD0Ev
                0x0000000000000e0c       0x1c LPC1768/main.o
                0x0000000000000e0c                mbed::Ticker::~Ticker()
 .text._Z41__static_initialization_and_destruction_0ii
                0x0000000000000e28      0x1a8 LPC1768/main.o
 .text._GLOBAL__sub_I_pc
                0x0000000000000fd0       0x10 LPC1768/main.o
 .text._start   0x0000000000000fe0       0x40 LPC1768/gcc4mbed.o
                0x0000000000000fe0                _start
 .text.__wrap__read
                0x0000000000001020       0x34 LPC1768/gcc4mbed.o
                0x0000000000001020                __wrap__read
 .text.__wrap__write
                0x0000000000001054       0x34 LPC1768/gcc4mbed.o
                0x0000000000001054                __wrap__write
 .text.__wrap__isatty
                0x0000000000001088       0x20 LPC1768/gcc4mbed.o
                0x0000000000001088                __wrap__isatty
 .text.breakOnHeapOpFromInterruptHandler
                0x00000000000010a8       0x14 LPC1768/gcc4mbed.o
 .text.__wrap_malloc
                0x00000000000010bc       0x1c LPC1768/gcc4mbed.o
                0x00000000000010bc                __wrap_malloc
 .text.__wrap_free
                0x00000000000010d8       0x18 LPC1768/gcc4mbed.o
                0x00000000000010d8                __wrap_free
 .text.__wrap_semihost_connected
                0x00000000000010f0        0x8 LPC1768/gcc4mbed.o
                0x00000000000010f0                __wrap_semihost_connected
 .text.abort    0x00000000000010f8        0xc LPC1768/gcc4mbed.o
                0x00000000000010f8                abort
 .text.__cxa_pure_virtual
                0x0000000000001104        0x8 LPC1768/gcc4mbed.o
                0x0000000000001104                __cxa_pure_virtual
 .text.__mriInit
                0x000000000000110c       0x4c ../../mri/mri.ar(mri.o)
                0x000000000000110c                __mriInit
 .text.__mriCore_InitBuffer
                0x0000000000001158       0x20 ../../mri/mri.ar(mri.o)
                0x0000000000001158                __mriCore_InitBuffer
 .text.__mriCore_PrepareStringResponse
                0x0000000000001178       0x18 ../../mri/mri.ar(mri.o)
                0x0000000000001178                __mriCore_PrepareStringResponse
 .text.__mriCore_WasControlCFlagSentFromGdb
                0x0000000000001190       0x10 ../../mri/mri.ar(mri.o)
                0x0000000000001190                __mriCore_WasControlCFlagSentFromGdb
 .text.__mriCore_IsWaitingForGdbToConnect
                0x00000000000011a0       0x1c ../../mri/mri.ar(mri.o)
                0x00000000000011a0                __mriCore_IsWaitingForGdbToConnect
 .text.__mriCore_RecordControlCFlagSentFromGdb
                0x00000000000011bc       0x18 ../../mri/mri.ar(mri.o)
                0x00000000000011bc                __mriCore_RecordControlCFlagSentFromGdb
 .text.__mriCore_WasSemihostCallCancelledByGdb
                0x00000000000011d4       0x10 ../../mri/mri.ar(mri.o)
                0x00000000000011d4                __mriCore_WasSemihostCallCancelledByGdb
 .text.__mriCore_FlagSemihostCallAsHandled
                0x00000000000011e4       0x18 ../../mri/mri.ar(mri.o)
                0x00000000000011e4                __mriCore_FlagSemihostCallAsHandled
 .text.__mriCore_IsFirstException
                0x00000000000011fc       0x10 ../../mri/mri.ar(mri.o)
                0x00000000000011fc                __mriCore_IsFirstException
 .text.__mriCore_SetSignalValue
                0x000000000000120c        0xc ../../mri/mri.ar(mri.o)
                0x000000000000120c                __mriCore_SetSignalValue
 .text.__mriCore_GetSignalValue
                0x0000000000001218        0xc ../../mri/mri.ar(mri.o)
                0x0000000000001218                __mriCore_GetSignalValue
 .text.__mriCore_SetSemihostReturnValues
                0x0000000000001224        0xc ../../mri/mri.ar(mri.o)
                0x0000000000001224                __mriCore_SetSemihostReturnValues
 .text.__mriCore_GetSemihostReturnCode
                0x0000000000001230        0xc ../../mri/mri.ar(mri.o)
                0x0000000000001230                __mriCore_GetSemihostReturnCode
 .text.__mriCore_GetBuffer
                0x000000000000123c        0x8 ../../mri/mri.ar(mri.o)
                0x000000000000123c                __mriCore_GetBuffer
 .text.__mriCore_GetInitializedBuffer
                0x0000000000001244       0x10 ../../mri/mri.ar(mri.o)
                0x0000000000001244                __mriCore_GetInitializedBuffer
 .text.__mriCore_SendPacketToGdb
                0x0000000000001254       0x38 ../../mri/mri.ar(mri.o)
                0x0000000000001254                __mriCore_SendPacketToGdb
 .text.__mriCore_GdbCommandHandlingLoop
                0x000000000000128c       0x60 ../../mri/mri.ar(mri.o)
                0x000000000000128c                __mriCore_GdbCommandHandlingLoop
 .text.__mriDebugException
                0x00000000000012ec       0xa0 ../../mri/mri.ar(mri.o)
                0x00000000000012ec                __mriDebugException
 .text.HexCharToNibble
                0x000000000000138c       0x38 ../../mri/mri.ar(packet.o)
 .text.__mriPacket_GetFromGDB
                0x00000000000013c4       0xc8 ../../mri/mri.ar(packet.o)
                0x00000000000013c4                __mriPacket_GetFromGDB
 .text.__mriPacket_SendToGDB
                0x000000000000148c       0x74 ../../mri/mri.ar(packet.o)
                0x000000000000148c                __mriPacket_SendToGDB
 .text.__mriToken_Init
                0x0000000000001500       0x20 ../../mri/mri.ar(token.o)
                0x0000000000001500                __mriToken_Init
 .text.__mriToken_SplitString
                0x0000000000001520       0xc0 ../../mri/mri.ar(token.o)
                0x0000000000001520                __mriToken_SplitString
 .text.__mriToken_MatchingString
                0x00000000000015e0       0x2a ../../mri/mri.ar(token.o)
                0x00000000000015e0                __mriToken_MatchingString
 .text.__mriToken_MatchingStringPrefix
                0x000000000000160a       0x2c ../../mri/mri.ar(token.o)
                0x000000000000160a                __mriToken_MatchingStringPrefix
 .text.__mriSemihost_IsDebuggeeMakingSemihostCall
                0x0000000000001636       0x14 ../../mri/mri.ar(semihost.o)
                0x0000000000001636                __mriSemihost_IsDebuggeeMakingSemihostCall
 .text.__mriSemihost_HandleSemihostRequest
                0x000000000000164a       0x2c ../../mri/mri.ar(semihost.o)
                0x000000000000164a                __mriSemihost_HandleSemihostRequest
 *fill*         0x0000000000001676        0x2 
 .text.__mriSemihost_HandleNewlibSemihostRequest
                0x0000000000001678      0x120 ../../mri/mri.ar(semihost_newlib.o)
                0x0000000000001678                __mriSemihost_HandleNewlibSemihostRequest
 .text          0x0000000000001798       0x24 ../../mri/mri.ar(newlib_asm.o)
                0x0000000000001798                __mriNewlib_SemihostWrite
                0x000000000000179c                __mriNewlib_SemihostRead
                0x00000000000017a0                __mriNewLib_SemihostOpen
                0x00000000000017a4                __mriNewLib_SemihostRename
                0x00000000000017a8                __mriNewLib_SemihostUnlink
                0x00000000000017ac                __mriNewLib_SemihostStat
                0x00000000000017b0                __mriNewlib_SemihostLSeek
                0x00000000000017b4                __mriNewlib_SemihostClose
                0x00000000000017b8                __mriNewlib_SemihostFStat
 .text.convertBytesTransferredToBytesNotTransferred
                0x00000000000017bc       0x1a ../../mri/mri.ar(semihost_mbed.o)
 .text.__mriSemihost_HandleMbedSemihostRequest
                0x00000000000017d6      0x132 ../../mri/mri.ar(semihost_mbed.o)
                0x00000000000017d6                __mriSemihost_HandleMbedSemihostRequest
 .text.findDWTComparator
                0x0000000000001908       0x54 ../../mri/mri.ar(armv7-m.o)
 .text.getFPBCodeComparatorCount
                0x000000000000195c       0x18 ../../mri/mri.ar(armv7-m.o)
 .text.prepareToAccessMPURegion
                0x0000000000001974       0x18 ../../mri/mri.ar(armv7-m.o)
 .text.displayMemFaultCauseToGdbConsole
                0x000000000000198c       0xa4 ../../mri/mri.ar(armv7-m.o)
 .text.displayBusFaultCauseToGdbConsole
                0x0000000000001a30       0xb4 ../../mri/mri.ar(armv7-m.o)
 .text.displayUsageFaultCauseToGdbConsole
                0x0000000000001ae4       0x84 ../../mri/mri.ar(armv7-m.o)
 .text.sendRegisterForTResponse
                0x0000000000001b68       0x30 ../../mri/mri.ar(armv7-m.o)
 .text.calculateFPBComparatorValue
                0x0000000000001b98       0x38 ../../mri/mri.ar(armv7-m.o)
 .text.findFPBBreakpointComparator
                0x0000000000001bd0       0x38 ../../mri/mri.ar(armv7-m.o)
 .text.isMPUNotPresent
                0x0000000000001c08       0x18 ../../mri/mri.ar(armv7-m.o)
 .text.disableMPU
                0x0000000000001c20       0x20 ../../mri/mri.ar(armv7-m.o)
 .text.__mriPlatform_DisableSingleStep
                0x0000000000001c40       0x24 ../../mri/mri.ar(armv7-m.o)
                0x0000000000001c40                __mriPlatform_DisableSingleStep
 .text.__mriCortexMInit
                0x0000000000001c64       0xb4 ../../mri/mri.ar(armv7-m.o)
                0x0000000000001c64                __mriCortexMInit
 .text.__mriPlatform_IsSingleStepping
                0x0000000000001d18       0x10 ../../mri/mri.ar(armv7-m.o)
                0x0000000000001d18                __mriPlatform_IsSingleStepping
 .text.__mriPlatform_GetPacketBuffer
                0x0000000000001d28        0x8 ../../mri/mri.ar(armv7-m.o)
                0x0000000000001d28                __mriPlatform_GetPacketBuffer
 .text.__mriPlatform_GetPacketBufferSize
                0x0000000000001d30        0x4 ../../mri/mri.ar(armv7-m.o)
                0x0000000000001d30                __mriPlatform_GetPacketBufferSize
 .text.__mriPlatform_DetermineCauseOfException
                0x0000000000001d34       0x7c ../../mri/mri.ar(armv7-m.o)
                0x0000000000001d34                __mriPlatform_DetermineCauseOfException
 .text.__mriPlatform_DisplayFaultCauseToGdbConsole
                0x0000000000001db0       0x8c ../../mri/mri.ar(armv7-m.o)
                0x0000000000001db0                __mriPlatform_DisplayFaultCauseToGdbConsole
 .text.__mriPlatform_LeavingDebugger
                0x0000000000001e3c       0x94 ../../mri/mri.ar(armv7-m.o)
                0x0000000000001e3c                __mriPlatform_LeavingDebugger
 .text.__mriPlatform_GetProgramCounter
                0x0000000000001ed0        0xc ../../mri/mri.ar(armv7-m.o)
                0x0000000000001ed0                __mriPlatform_GetProgramCounter
 .text.__mriPlatform_SetProgramCounter
                0x0000000000001edc        0xc ../../mri/mri.ar(armv7-m.o)
                0x0000000000001edc                __mriPlatform_SetProgramCounter
 .text.__mriPlatform_WasProgramCounterModifiedByUser
                0x0000000000001ee8       0x18 ../../mri/mri.ar(armv7-m.o)
                0x0000000000001ee8                __mriPlatform_WasProgramCounterModifiedByUser
 .text.__mriPlatform_GetSemihostCallParameters
                0x0000000000001f00       0x24 ../../mri/mri.ar(armv7-m.o)
                0x0000000000001f00                __mriPlatform_GetSemihostCallParameters
 .text.__mriPlatform_SetSemihostCallReturnAndErrnoValues
                0x0000000000001f24       0x18 ../../mri/mri.ar(armv7-m.o)
                0x0000000000001f24                __mriPlatform_SetSemihostCallReturnAndErrnoValues
 .text.__mriPlatform_WasMemoryFaultEncountered
                0x0000000000001f3c       0x20 ../../mri/mri.ar(armv7-m.o)
                0x0000000000001f3c                __mriPlatform_WasMemoryFaultEncountered
 .text.throwingMemRead16
                0x0000000000001f5c       0x28 ../../mri/mri.ar(armv7-m.o)
 .text.getFirstHalfWordOfCurrentInstruction
                0x0000000000001f84       0x10 ../../mri/mri.ar(armv7-m.o)
 .text.__mriPlatform_AdvanceProgramCounterToNextInstruction
                0x0000000000001f94       0x48 ../../mri/mri.ar(armv7-m.o)
                0x0000000000001f94                __mriPlatform_AdvanceProgramCounterToNextInstruction
 .text.__mriPlatform_TypeOfCurrentInstruction
                0x0000000000001fdc       0x40 ../../mri/mri.ar(armv7-m.o)
                0x0000000000001fdc                __mriPlatform_TypeOfCurrentInstruction
 .text.__mriPlatform_WriteTResponseRegistersToBuffer
                0x000000000000201c       0x3c ../../mri/mri.ar(armv7-m.o)
                0x000000000000201c                __mriPlatform_WriteTResponseRegistersToBuffer
 .text.__mriPlatform_CopyContextToBuffer
                0x0000000000002058       0x20 ../../mri/mri.ar(armv7-m.o)
                0x0000000000002058                __mriPlatform_CopyContextToBuffer
 .text.__mriPlatform_CopyContextFromBuffer
                0x0000000000002078       0x20 ../../mri/mri.ar(armv7-m.o)
                0x0000000000002078                __mriPlatform_CopyContextFromBuffer
 .text.__mriPlatform_SetHardwareBreakpoint
                0x0000000000002098       0x6c ../../mri/mri.ar(armv7-m.o)
                0x0000000000002098                __mriPlatform_SetHardwareBreakpoint
 .text.__mriPlatform_EnableSingleStep
                0x0000000000002104       0xd8 ../../mri/mri.ar(armv7-m.o)
                0x0000000000002104                __mriPlatform_EnableSingleStep
 .text.__mriPlatform_ClearHardwareBreakpoint
                0x00000000000021dc       0x38 ../../mri/mri.ar(armv7-m.o)
                0x00000000000021dc                __mriPlatform_ClearHardwareBreakpoint
 .text.__mriPlatform_EnteringDebugger
                0x0000000000002214      0x100 ../../mri/mri.ar(armv7-m.o)
                0x0000000000002214                __mriPlatform_EnteringDebugger
 .text.__mriPlatform_SetHardwareWatchpoint
                0x0000000000002314       0x94 ../../mri/mri.ar(armv7-m.o)
                0x0000000000002314                __mriPlatform_SetHardwareWatchpoint
 .text.__mriPlatform_ClearHardwareWatchpoint
                0x00000000000023a8       0x54 ../../mri/mri.ar(armv7-m.o)
                0x00000000000023a8                __mriPlatform_ClearHardwareWatchpoint
 .text.__mriPlatform_GetTargetXmlSize
                0x00000000000023fc        0x6 ../../mri/mri.ar(armv7-m.o)
                0x00000000000023fc                __mriPlatform_GetTargetXmlSize
 *fill*         0x0000000000002402        0x2 
 .text.__mriPlatform_GetTargetXml
                0x0000000000002404        0x8 ../../mri/mri.ar(armv7-m.o)
                0x0000000000002404                __mriPlatform_GetTargetXml
 .text          0x000000000000240c      0x188 ../../mri/mri.ar(armv7-m_asm.o)
                0x000000000000240c                __mriARMv7MAsmInit
                0x0000000000002542                HardFault_Handler
                0x0000000000002546                MemManage_Handler
                0x000000000000254a                BusFault_Handler
                0x000000000000254e                UsageFault_Handler
                0x0000000000002552                DebugMon_Handler
                0x0000000000002556                UART0_IRQHandler
                0x000000000000255a                UART1_IRQHandler
                0x000000000000255e                UART2_IRQHandler
                0x0000000000002562                UART3_IRQHandler
 .text.__mriPlatform_MemRead32
                0x0000000000002594        0x4 ../../mri/mri.ar(native-mem.o)
                0x0000000000002594                __mriPlatform_MemRead32
 .text.__mriPlatform_MemRead16
                0x0000000000002598        0x6 ../../mri/mri.ar(native-mem.o)
                0x0000000000002598                __mriPlatform_MemRead16
 .text.__mriPlatform_MemRead8
                0x000000000000259e        0x4 ../../mri/mri.ar(native-mem.o)
                0x000000000000259e                __mriPlatform_MemRead8
 .text.__mriPlatform_MemWrite32
                0x00000000000025a2        0x4 ../../mri/mri.ar(native-mem.o)
                0x00000000000025a2                __mriPlatform_MemWrite32
 .text.__mriPlatform_MemWrite16
                0x00000000000025a6        0x4 ../../mri/mri.ar(native-mem.o)
                0x00000000000025a6                __mriPlatform_MemWrite16
 .text.__mriPlatform_MemWrite8
                0x00000000000025aa        0x4 ../../mri/mri.ar(native-mem.o)
                0x00000000000025aa                __mriPlatform_MemWrite8
 *fill*         0x00000000000025ae        0x2 
 .text.__mriPlatform_CommUartIndex
                0x00000000000025b0       0x1c ../../mri/mri.ar(lpc176x_uart.o)
                0x00000000000025b0                __mriPlatform_CommUartIndex
 .text.__mriPlatform_CommHasReceiveData
                0x00000000000025cc       0x14 ../../mri/mri.ar(lpc176x_uart.o)
                0x00000000000025cc                __mriPlatform_CommHasReceiveData
 .text.__mriPlatform_CommReceiveChar
                0x00000000000025e0       0x18 ../../mri/mri.ar(lpc176x_uart.o)
                0x00000000000025e0                __mriPlatform_CommReceiveChar
 .text.__mriPlatform_CommSendChar
                0x00000000000025f8       0x18 ../../mri/mri.ar(lpc176x_uart.o)
                0x00000000000025f8                __mriPlatform_CommSendChar
 .text.__mriPlatform_CommCausedInterrupt
                0x0000000000002610       0x16 ../../mri/mri.ar(lpc176x_uart.o)
                0x0000000000002610                __mriPlatform_CommCausedInterrupt
 *fill*         0x0000000000002626        0x2 
 .text.__mriPlatform_CommClearInterrupt
                0x0000000000002628       0x10 ../../mri/mri.ar(lpc176x_uart.o)
                0x0000000000002628                __mriPlatform_CommClearInterrupt
 .text.__mriPlatform_CommSharingWithApplication
                0x0000000000002638       0x10 ../../mri/mri.ar(lpc176x_uart.o)
                0x0000000000002638                __mriPlatform_CommSharingWithApplication
 .text.__mriPlatform_CommShouldWaitForGdbConnect
                0x0000000000002648       0x18 ../../mri/mri.ar(lpc176x_uart.o)
                0x0000000000002648                __mriPlatform_CommShouldWaitForGdbConnect
 .text.__mriPlatform_CommIsWaitingForGdbToConnect
                0x0000000000002660       0x1c ../../mri/mri.ar(lpc176x_uart.o)
                0x0000000000002660                __mriPlatform_CommIsWaitingForGdbToConnect
 .text.__mriPlatform_CommPrepareToWaitForGdbConnection
                0x000000000000267c       0x18 ../../mri/mri.ar(lpc176x_uart.o)
                0x000000000000267c                __mriPlatform_CommPrepareToWaitForGdbConnection
 .text.__mriLpc176xUart_Init
                0x0000000000002694      0x2b0 ../../mri/mri.ar(lpc176x_uart.o)
                0x0000000000002694                __mriLpc176xUart_Init
 .text.__mriPlatform_CommWaitForReceiveDataToStop
                0x0000000000002944       0x54 ../../mri/mri.ar(lpc176x_uart.o)
                0x0000000000002944                __mriPlatform_CommWaitForReceiveDataToStop
 .text.__mriPlatform_Init
                0x0000000000002998       0x90 ../../mri/mri.ar(mbed1768.o)
                0x0000000000002998                __mriPlatform_Init
 .text.__mriMbed1768_GetMbedUid
                0x0000000000002a28        0x8 ../../mri/mri.ar(mbed1768.o)
                0x0000000000002a28                __mriMbed1768_GetMbedUid
 .text          0x0000000000002a30       0x2c ../../mri/mri.ar(mbed1768_asm.o)
                0x0000000000002a30                __mriDisableMbed
                0x0000000000002a48                __mriGetMbedUid
 .text.HexCharToNibble
                0x0000000000002a5c       0x38 ../../mri/mri.ar(buffer.o)
 .text.__mriBuffer_Init
                0x0000000000002a94        0xa ../../mri/mri.ar(buffer.o)
                0x0000000000002a94                __mriBuffer_Init
 .text.__mriBuffer_Reset
                0x0000000000002a9e        0x6 ../../mri/mri.ar(buffer.o)
                0x0000000000002a9e                __mriBuffer_Reset
 .text.__mriBuffer_SetEndOfBuffer
                0x0000000000002aa4        0xc ../../mri/mri.ar(buffer.o)
                0x0000000000002aa4                __mriBuffer_SetEndOfBuffer
 .text.__mriBuffer_BytesLeft
                0x0000000000002ab0       0x10 ../../mri/mri.ar(buffer.o)
                0x0000000000002ab0                __mriBuffer_BytesLeft
 .text.throwExceptionAndFlagBufferOverrunIfBufferLeftIsSmallerThan
                0x0000000000002ac0       0x28 ../../mri/mri.ar(buffer.o)
 .text.__mriBuffer_OverrunDetected
                0x0000000000002ae8        0xe ../../mri/mri.ar(buffer.o)
                0x0000000000002ae8                __mriBuffer_OverrunDetected
 *fill*         0x0000000000002af6        0x2 
 .text.__mriBuffer_WriteChar
                0x0000000000002af8       0x24 ../../mri/mri.ar(buffer.o)
                0x0000000000002af8                __mriBuffer_WriteChar
 .text.__mriBuffer_ReadChar
                0x0000000000002b1c       0x28 ../../mri/mri.ar(buffer.o)
                0x0000000000002b1c                __mriBuffer_ReadChar
 .text.__mriBuffer_WriteByteAsHex
                0x0000000000002b44       0x3c ../../mri/mri.ar(buffer.o)
                0x0000000000002b44                __mriBuffer_WriteByteAsHex
 .text.__mriBuffer_ReadByteAsHex
                0x0000000000002b80       0x48 ../../mri/mri.ar(buffer.o)
                0x0000000000002b80                __mriBuffer_ReadByteAsHex
 .text.__mriBuffer_WriteSizedString
                0x0000000000002bc8       0x34 ../../mri/mri.ar(buffer.o)
                0x0000000000002bc8                __mriBuffer_WriteSizedString
 .text.__mriBuffer_WriteString
                0x0000000000002bfc       0x1a ../../mri/mri.ar(buffer.o)
                0x0000000000002bfc                __mriBuffer_WriteString
 *fill*         0x0000000000002c16        0x2 
 .text.__mriBuffer_ReadUIntegerAsHex
                0x0000000000002c18       0x68 ../../mri/mri.ar(buffer.o)
                0x0000000000002c18                __mriBuffer_ReadUIntegerAsHex
 .text.__mriBuffer_WriteUIntegerAsHex
                0x0000000000002c80       0x58 ../../mri/mri.ar(buffer.o)
                0x0000000000002c80                __mriBuffer_WriteUIntegerAsHex
 .text.__mriBuffer_WriteIntegerAsHex
                0x0000000000002cd8       0x30 ../../mri/mri.ar(buffer.o)
                0x0000000000002cd8                __mriBuffer_WriteIntegerAsHex
 .text.__mriBuffer_IsNextCharEqualTo
                0x0000000000002d08       0x34 ../../mri/mri.ar(buffer.o)
                0x0000000000002d08                __mriBuffer_IsNextCharEqualTo
 .text.__mriBuffer_ReadIntegerAsHex
                0x0000000000002d3c       0x50 ../../mri/mri.ar(buffer.o)
                0x0000000000002d3c                __mriBuffer_ReadIntegerAsHex
 .text.__mriBuffer_MatchesString
                0x0000000000002d8c       0x60 ../../mri/mri.ar(buffer.o)
                0x0000000000002d8c                __mriBuffer_MatchesString
 .text.handleBreakpointWatchpointException
                0x0000000000002dec       0x1c ../../mri/mri.ar(cmd_break_watch.o)
 .text.parseBreakpointWatchpointCommandArguments
                0x0000000000002e08       0x4c ../../mri/mri.ar(cmd_break_watch.o)
 .text.handleWatchpointSetCommand
                0x0000000000002e54       0x30 ../../mri/mri.ar(cmd_break_watch.o)
 .text.handleWatchpointRemoveCommand
                0x0000000000002e84       0x30 ../../mri/mri.ar(cmd_break_watch.o)
 .text.__mriCmd_HandleBreakpointWatchpointSetCommand
                0x0000000000002eb4       0x6c ../../mri/mri.ar(cmd_break_watch.o)
                0x0000000000002eb4                __mriCmd_HandleBreakpointWatchpointSetCommand
 .text.__mriCmd_HandleBreakpointWatchpointRemoveCommand
                0x0000000000002f20       0x6c ../../mri/mri.ar(cmd_break_watch.o)
                0x0000000000002f20                __mriCmd_HandleBreakpointWatchpointRemoveCommand
 .text.__mriCmd_ReadUIntegerArgument
                0x0000000000002f8c       0x1c ../../mri/mri.ar(cmd_common.o)
                0x0000000000002f8c                __mriCmd_ReadUIntegerArgument
 .text.__mriCmd_ThrowIfNextCharIsNotEqualTo
                0x0000000000002fa8       0x1c ../../mri/mri.ar(cmd_common.o)
                0x0000000000002fa8                __mriCmd_ThrowIfNextCharIsNotEqualTo
 .text.__mriCmd_ReadAddressAndLengthArguments
                0x0000000000002fc4       0x30 ../../mri/mri.ar(cmd_common.o)
                0x0000000000002fc4                __mriCmd_ReadAddressAndLengthArguments
 .text.__mriCmd_ReadAddressAndLengthArgumentsWithColon
                0x0000000000002ff4       0x24 ../../mri/mri.ar(cmd_common.o)
                0x0000000000002ff4                __mriCmd_ReadAddressAndLengthArgumentsWithColon
 .text.__mriCmd_HandleContinueCommand
                0x0000000000003018       0x48 ../../mri/mri.ar(cmd_continue.o)
                0x0000000000003018                __mriCmd_HandleContinueCommand
 .text.processGdbFileResponseCommands
                0x0000000000003060       0x28 ../../mri/mri.ar(cmd_file.o)
 .text.__mriIssueGdbFileOpenRequest
                0x0000000000003088       0x58 ../../mri/mri.ar(cmd_file.o)
                0x0000000000003088                __mriIssueGdbFileOpenRequest
 .text.__mriIssueGdbFileWriteRequest
                0x00000000000030e0       0x48 ../../mri/mri.ar(cmd_file.o)
                0x00000000000030e0                __mriIssueGdbFileWriteRequest
 .text.__mriIssueGdbFileReadRequest
                0x0000000000003128       0x48 ../../mri/mri.ar(cmd_file.o)
                0x0000000000003128                __mriIssueGdbFileReadRequest
 .text.__mriIssueGdbFileCloseRequest
                0x0000000000003170       0x28 ../../mri/mri.ar(cmd_file.o)
                0x0000000000003170                __mriIssueGdbFileCloseRequest
 .text.__mriIssueGdbFileSeekRequest
                0x0000000000003198       0x48 ../../mri/mri.ar(cmd_file.o)
                0x0000000000003198                __mriIssueGdbFileSeekRequest
 .text.__mriIssueGdbFileFStatRequest
                0x00000000000031e0       0x3c ../../mri/mri.ar(cmd_file.o)
                0x00000000000031e0                __mriIssueGdbFileFStatRequest
 .text.__mriIssueGdbFileUnlinkRequest
                0x000000000000321c       0x38 ../../mri/mri.ar(cmd_file.o)
                0x000000000000321c                __mriIssueGdbFileUnlinkRequest
 .text.__mriIssueGdbFileStatRequest
                0x0000000000003254       0x48 ../../mri/mri.ar(cmd_file.o)
                0x0000000000003254                __mriIssueGdbFileStatRequest
 .text.__mriIssueGdbFileRenameRequest
                0x000000000000329c       0x58 ../../mri/mri.ar(cmd_file.o)
                0x000000000000329c                __mriIssueGdbFileRenameRequest
 .text.__mriHandleFileIOCommand
                0x00000000000032f4       0x54 ../../mri/mri.ar(cmd_file.o)
                0x00000000000032f4                __mriHandleFileIOCommand
 .text.__mriCmd_HandleMemoryReadCommand
                0x0000000000003348       0x3c ../../mri/mri.ar(cmd_memory.o)
                0x0000000000003348                __mriCmd_HandleMemoryReadCommand
 .text.__mriCmd_HandleMemoryWriteCommand
                0x0000000000003384       0x58 ../../mri/mri.ar(cmd_memory.o)
                0x0000000000003384                __mriCmd_HandleMemoryWriteCommand
 .text.__mriCmd_HandleBinaryMemoryWriteCommand
                0x00000000000033dc       0x58 ../../mri/mri.ar(cmd_memory.o)
                0x00000000000033dc                __mriCmd_HandleBinaryMemoryWriteCommand
 .text.handleQueryTransferReadCommand
                0x0000000000003434       0x58 ../../mri/mri.ar(cmd_query.o)
 .text.readQueryTransferReadArguments
                0x000000000000348c       0xa0 ../../mri/mri.ar(cmd_query.o)
 .text.__mriCmd_HandleQueryCommand
                0x000000000000352c      0x100 ../../mri/mri.ar(cmd_query.o)
                0x000000000000352c                __mriCmd_HandleQueryCommand
 .text.__mriCmd_Send_T_StopResponse
                0x000000000000362c       0x28 ../../mri/mri.ar(cmd_registers.o)
                0x000000000000362c                __mriCmd_Send_T_StopResponse
 .text.__mriCmd_HandleRegisterReadCommand
                0x0000000000003654        0xe ../../mri/mri.ar(cmd_registers.o)
                0x0000000000003654                __mriCmd_HandleRegisterReadCommand
 *fill*         0x0000000000003662        0x2 
 .text.__mriCmd_HandleRegisterWriteCommand
                0x0000000000003664       0x2c ../../mri/mri.ar(cmd_registers.o)
                0x0000000000003664                __mriCmd_HandleRegisterWriteCommand
 .text.__mriCmd_HandleSingleStepCommand
                0x0000000000003690       0x1a ../../mri/mri.ar(cmd_step.o)
                0x0000000000003690                __mriCmd_HandleSingleStepCommand
 .text.__mriGdbConsole_WriteString
                0x00000000000036aa       0x4a ../../mri/mri.ar(gdb_console.o)
                0x00000000000036aa                __mriGdbConsole_WriteString
 .text.__mriGdbConsole_WriteHexValue
                0x00000000000036f4       0x38 ../../mri/mri.ar(gdb_console.o)
                0x00000000000036f4                __mriGdbConsole_WriteHexValue
 .text.readMemoryBytesIntoHexBuffer
                0x000000000000372c       0x2e ../../mri/mri.ar(memory.o)
 *fill*         0x000000000000375a        0x2 
 .text.writeHexBufferToByteMemory
                0x000000000000375c       0x40 ../../mri/mri.ar(memory.o)
 .text.writeBinaryBufferToByteMemory
                0x000000000000379c       0x64 ../../mri/mri.ar(memory.o)
 .text.readBytesFromBinaryBuffer
                0x0000000000003800       0x54 ../../mri/mri.ar(memory.o)
 .text.__mriMem_ReadMemoryIntoHexBuffer
                0x0000000000003854       0x74 ../../mri/mri.ar(memory.o)
                0x0000000000003854                __mriMem_ReadMemoryIntoHexBuffer
 .text.__mriMem_WriteHexBufferToMemory
                0x00000000000038c8       0x98 ../../mri/mri.ar(memory.o)
                0x00000000000038c8                __mriMem_WriteHexBufferToMemory
 .text.__mriMem_WriteBinaryBufferToMemory
                0x0000000000003960       0x50 ../../mri/mri.ar(memory.o)
                0x0000000000003960                __mriMem_WriteBinaryBufferToMemory
 .text.__mriLpc176x_Init
                0x00000000000039b0       0x38 ../../mri/mri.ar(lpc176x.o)
                0x00000000000039b0                __mriLpc176x_Init
 .text.__mriPlatform_GetDeviceMemoryMapXmlSize
                0x00000000000039e8        0x6 ../../mri/mri.ar(lpc176x.o)
                0x00000000000039e8                __mriPlatform_GetDeviceMemoryMapXmlSize
 *fill*         0x00000000000039ee        0x2 
 .text.__mriPlatform_GetDeviceMemoryMapXml
                0x00000000000039f0        0x8 ../../mri/mri.ar(lpc176x.o)
                0x00000000000039f0                __mriPlatform_GetDeviceMemoryMapXml
 .text.div_round_up
                0x00000000000039f8       0x1c ../../external/mbed/Debug/NXP_LPC17XX/mbed.a(analogin_api.o)
 .text.analogin_init
                0x0000000000003a14       0xa4 ../../external/mbed/Debug/NXP_LPC17XX/mbed.a(analogin_api.o)
                0x0000000000003a14                analogin_init
 .text.adc_read
                0x0000000000003ab8       0x5c ../../external/mbed/Debug/NXP_LPC17XX/mbed.a(analogin_api.o)
 .text.order    0x0000000000003b14       0x2c ../../external/mbed/Debug/NXP_LPC17XX/mbed.a(analogin_api.o)
 .text.adc_read_u32
                0x0000000000003b40       0x58 ../../external/mbed/Debug/NXP_LPC17XX/mbed.a(analogin_api.o)
 .text.analogin_read
                0x0000000000003b98       0x2c ../../external/mbed/Debug/NXP_LPC17XX/mbed.a(analogin_api.o)
                0x0000000000003b98                analogin_read
 .text.analogout_init
                0x0000000000003bc4       0x58 ../../external/mbed/Debug/NXP_LPC17XX/mbed.a(analogout_api.o)
                0x0000000000003bc4                analogout_init
 .text.dac_write
                0x0000000000003c1c       0x1c ../../external/mbed/Debug/NXP_LPC17XX/mbed.a(analogout_api.o)
 .text.analogout_write
                0x0000000000003c38       0x5c ../../external/mbed/Debug/NXP_LPC17XX/mbed.a(analogout_api.o)
                0x0000000000003c38                analogout_write
 .text.analogout_write_u16
                0x0000000000003c94       0x20 ../../external/mbed/Debug/NXP_LPC17XX/mbed.a(analogout_api.o)
                0x0000000000003c94                analogout_write_u16
 .text.SystemInit
                0x0000000000003cb4       0xe8 ../../external/mbed/Debug/NXP_LPC17XX/mbed.a(system_LPC17xx.o)
                0x0000000000003cb4                SystemInit
 .text.error    0x0000000000003d9c       0x24 ../../external/mbed/Debug/NXP_LPC17XX/mbed.a(error.o)
                0x0000000000003d9c                error
 .text.exit     0x0000000000003dc0       0x3c ../../external/mbed/Debug/NXP_LPC17XX/mbed.a(exit.o)
                0x0000000000003dc0                exit
 .text.gpio_write
                0x0000000000003dfc       0x28 ../../external/mbed/Debug/NXP_LPC17XX/mbed.a(gpio.o)
 .text._gpio_init_in
                0x0000000000003e24       0x38 ../../external/mbed/Debug/NXP_LPC17XX/mbed.a(gpio.o)
 .text._gpio_init_out
                0x0000000000003e5c       0x44 ../../external/mbed/Debug/NXP_LPC17XX/mbed.a(gpio.o)
 .text.gpio_init_in
                0x0000000000003ea0       0x18 ../../external/mbed/Debug/NXP_LPC17XX/mbed.a(gpio.o)
                0x0000000000003ea0                gpio_init_in
 .text.gpio_init_in_ex
                0x0000000000003eb8       0x24 ../../external/mbed/Debug/NXP_LPC17XX/mbed.a(gpio.o)
                0x0000000000003eb8                gpio_init_in_ex
 .text.gpio_init_out
                0x0000000000003edc       0x18 ../../external/mbed/Debug/NXP_LPC17XX/mbed.a(gpio.o)
                0x0000000000003edc                gpio_init_out
 .text.gpio_init_out_ex
                0x0000000000003ef4       0x1c ../../external/mbed/Debug/NXP_LPC17XX/mbed.a(gpio.o)
                0x0000000000003ef4                gpio_init_out_ex
 .text.mbed_interface_connected
                0x0000000000003f10        0xc ../../external/mbed/Debug/NXP_LPC17XX/mbed.a(mbed_interface.o)
                0x0000000000003f10                mbed_interface_connected
 .text.pinmap_pinout
                0x0000000000003f1c       0x54 ../../external/mbed/Debug/NXP_LPC17XX/mbed.a(pinmap_common.o)
                0x0000000000003f1c                pinmap_pinout
 .text.pinmap_merge
                0x0000000000003f70       0x44 ../../external/mbed/Debug/NXP_LPC17XX/mbed.a(pinmap_common.o)
                0x0000000000003f70                pinmap_merge
 .text.pinmap_find_peripheral
                0x0000000000003fb4       0x34 ../../external/mbed/Debug/NXP_LPC17XX/mbed.a(pinmap_common.o)
                0x0000000000003fb4                pinmap_find_peripheral
 .text.pinmap_peripheral
                0x0000000000003fe8       0x44 ../../external/mbed/Debug/NXP_LPC17XX/mbed.a(pinmap_common.o)
                0x0000000000003fe8                pinmap_peripheral
 .text.__semihost
                0x000000000000402c       0x20 ../../external/mbed/Debug/NXP_LPC17XX/mbed.a(semihost_api.o)
 .text.semihost_exit
                0x000000000000404c       0x18 ../../external/mbed/Debug/NXP_LPC17XX/mbed.a(semihost_api.o)
                0x000000000000404c                semihost_exit
 .text.wait     0x0000000000004064       0x28 ../../external/mbed/Debug/NXP_LPC17XX/mbed.a(wait_api.o)
                0x0000000000004064                wait
 .text.wait_ms  0x000000000000408c       0x1c ../../external/mbed/Debug/NXP_LPC17XX/mbed.a(wait_api.o)
                0x000000000000408c                wait_ms
 .text.wait_us  0x00000000000040a8       0x24 ../../external/mbed/Debug/NXP_LPC17XX/mbed.a(wait_api.o)
                0x00000000000040a8                wait_us
 .text._ZN4mbed15FunctionPointerC2EPFvvE
                0x00000000000040cc       0x2c ../../external/mbed/Debug/NXP_LPC17XX/mbed.a(FunctionPointer.o)
                0x00000000000040cc                mbed::FunctionPointer::FunctionPointer(void (*)())
                0x00000000000040cc                mbed::FunctionPointer::FunctionPointer(void (*)())
 .text._ZN4mbed15FunctionPointer6attachEPFvvE
                0x00000000000040f8       0x18 ../../external/mbed/Debug/NXP_LPC17XX/mbed.a(FunctionPointer.o)
                0x00000000000040f8                mbed::FunctionPointer::attach(void (*)())
 .text._ZN4mbed15FunctionPointer4callEv
                0x0000000000004110       0x38 ../../external/mbed/Debug/NXP_LPC17XX/mbed.a(FunctionPointer.o)
                0x0000000000004110                mbed::FunctionPointer::call()
 .text._ZN4mbed11InterruptInC2E7PinName
                0x0000000000004148       0x8c ../../external/mbed/Debug/NXP_LPC17XX/mbed.a(InterruptIn.o)
                0x0000000000004148                mbed::InterruptIn::InterruptIn(PinName)
                0x0000000000004148                mbed::InterruptIn::InterruptIn(PinName)
 .text._ZN4mbed11InterruptInD2Ev
                0x00000000000041d4       0x30 ../../external/mbed/Debug/NXP_LPC17XX/mbed.a(InterruptIn.o)
                0x00000000000041d4                mbed::InterruptIn::~InterruptIn()
                0x00000000000041d4                mbed::InterruptIn::~InterruptIn()
 .text._ZN4mbed11InterruptInD0Ev
                0x0000000000004204       0x1c ../../external/mbed/Debug/NXP_LPC17XX/mbed.a(InterruptIn.o)
                0x0000000000004204                mbed::InterruptIn::~InterruptIn()
 .text._ZN4mbed11InterruptIn4riseEPFvvE
                0x0000000000004220       0x40 ../../external/mbed/Debug/NXP_LPC17XX/mbed.a(InterruptIn.o)
                0x0000000000004220                mbed::InterruptIn::rise(void (*)())
 .text._ZN4mbed11InterruptIn4fallEPFvvE
                0x0000000000004260       0x40 ../../external/mbed/Debug/NXP_LPC17XX/mbed.a(InterruptIn.o)
                0x0000000000004260                mbed::InterruptIn::fall(void (*)())
 .text._ZN4mbed11InterruptIn12_irq_handlerEm14gpio_irq_event
                0x00000000000042a0       0x40 ../../external/mbed/Debug/NXP_LPC17XX/mbed.a(InterruptIn.o)
                0x00000000000042a0                mbed::InterruptIn::_irq_handler(unsigned long, gpio_irq_event)
 .text._ZN4mbed6SerialC2E7PinNameS1_PKc
                0x00000000000042e0       0x4c ../../external/mbed/Debug/NXP_LPC17XX/mbed.a(Serial.o)
                0x00000000000042e0                mbed::Serial::Serial(PinName, PinName, char const*)
                0x00000000000042e0                mbed::Serial::Serial(PinName, PinName, char const*)
 .text._ZN4mbed6Serial5_getcEv
                0x000000000000432c       0x18 ../../external/mbed/Debug/NXP_LPC17XX/mbed.a(Serial.o)
                0x000000000000432c                mbed::Serial::_getc()
 .text._ZThn72_N4mbed6Serial5_getcEv
                0x0000000000004344        0x8 ../../external/mbed/Debug/NXP_LPC17XX/mbed.a(Serial.o)
                0x0000000000004344                non-virtual thunk to mbed::Serial::_getc()
 .text._ZN4mbed6Serial5_putcEi
                0x000000000000434c       0x1c ../../external/mbed/Debug/NXP_LPC17XX/mbed.a(Serial.o)
                0x000000000000434c                mbed::Serial::_putc(int)
 .text._ZThn72_N4mbed6Serial5_putcEi
                0x0000000000004368        0x8 ../../external/mbed/Debug/NXP_LPC17XX/mbed.a(Serial.o)
                0x0000000000004368                non-virtual thunk to mbed::Serial::_putc(int)
 .text._ZN4mbed10SerialBaseC2E7PinNameS1_
                0x0000000000004370       0x70 ../../external/mbed/Debug/NXP_LPC17XX/mbed.a(SerialBase.o)
                0x0000000000004370                mbed::SerialBase::SerialBase(PinName, PinName)
                0x0000000000004370                mbed::SerialBase::SerialBase(PinName, PinName)
 .text._ZN4mbed10SerialBase4baudEi
                0x00000000000043e0       0x20 ../../external/mbed/Debug/NXP_LPC17XX/mbed.a(SerialBase.o)
                0x00000000000043e0                mbed::SerialBase::baud(int)
 .text._ZN4mbed10SerialBase8readableEv
                0x0000000000004400       0x1c ../../external/mbed/Debug/NXP_LPC17XX/mbed.a(SerialBase.o)
                0x0000000000004400                mbed::SerialBase::readable()
 .text._ZN4mbed10SerialBase9writeableEv
                0x000000000000441c       0x1c ../../external/mbed/Debug/NXP_LPC17XX/mbed.a(SerialBase.o)
                0x000000000000441c                mbed::SerialBase::writeable()
 .text._ZN4mbed10SerialBase6attachEPFvvENS0_7IrqTypeE
                0x0000000000004438       0x5c ../../external/mbed/Debug/NXP_LPC17XX/mbed.a(SerialBase.o)
                0x0000000000004438                mbed::SerialBase::attach(void (*)(), mbed::SerialBase::IrqType)
 .text._ZN4mbed10SerialBase12_irq_handlerEm9SerialIrq
                0x0000000000004494       0x30 ../../external/mbed/Debug/NXP_LPC17XX/mbed.a(SerialBase.o)
                0x0000000000004494                mbed::SerialBase::_irq_handler(unsigned long, SerialIrq)
 .text._ZN4mbed10SerialBase10_base_getcEv
                0x00000000000044c4       0x1c ../../external/mbed/Debug/NXP_LPC17XX/mbed.a(SerialBase.o)
                0x00000000000044c4                mbed::SerialBase::_base_getc()
 .text._ZN4mbed10SerialBase10_base_putcEi
                0x00000000000044e0       0x20 ../../external/mbed/Debug/NXP_LPC17XX/mbed.a(SerialBase.o)
                0x00000000000044e0                mbed::SerialBase::_base_putc(int)
 .text._ZN4mbed6StreamC2EPKc
                0x0000000000004500       0x68 ../../external/mbed/Debug/NXP_LPC17XX/mbed.a(Stream.o)
                0x0000000000004500                mbed::Stream::Stream(char const*)
                0x0000000000004500                mbed::Stream::Stream(char const*)
 .text._ZN4mbed6StreamD2Ev
                0x0000000000004568       0x44 ../../external/mbed/Debug/NXP_LPC17XX/mbed.a(Stream.o)
                0x0000000000004568                mbed::Stream::~Stream()
                0x0000000000004568                mbed::Stream::~Stream()
 .text._ZThn4_N4mbed6StreamD1Ev
                0x00000000000045ac        0x8 ../../external/mbed/Debug/NXP_LPC17XX/mbed.a(Stream.o)
                0x00000000000045ac                non-virtual thunk to mbed::Stream::~Stream()
 .text._ZN4mbed6StreamD0Ev
                0x00000000000045b4       0x1c ../../external/mbed/Debug/NXP_LPC17XX/mbed.a(Stream.o)
                0x00000000000045b4                mbed::Stream::~Stream()
 .text._ZThn4_N4mbed6StreamD0Ev
                0x00000000000045d0        0x8 ../../external/mbed/Debug/NXP_LPC17XX/mbed.a(Stream.o)
                0x00000000000045d0                non-virtual thunk to mbed::Stream::~Stream()
 .text._ZN4mbed6Stream4putcEi
                0x00000000000045d8       0x28 ../../external/mbed/Debug/NXP_LPC17XX/mbed.a(Stream.o)
                0x00000000000045d8                mbed::Stream::putc(int)
 .text._ZN4mbed6Stream4getcEv
                0x0000000000004600       0x24 ../../external/mbed/Debug/NXP_LPC17XX/mbed.a(Stream.o)
                0x0000000000004600                mbed::Stream::getc()
 .text._ZN4mbed6Stream5closeEv
                0x0000000000004624        0xc ../../external/mbed/Debug/NXP_LPC17XX/mbed.a(Stream.o)
                0x0000000000004624                mbed::Stream::close()
 .text._ZN4mbed6Stream5writeEPKvj
                0x0000000000004630       0x58 ../../external/mbed/Debug/NXP_LPC17XX/mbed.a(Stream.o)
                0x0000000000004630                mbed::Stream::write(void const*, unsigned int)
 .text._ZN4mbed6Stream4readEPvj
                0x0000000000004688       0x54 ../../external/mbed/Debug/NXP_LPC17XX/mbed.a(Stream.o)
                0x0000000000004688                mbed::Stream::read(void*, unsigned int)
 .text._ZN4mbed6Stream5lseekEli
                0x00000000000046dc       0x10 ../../external/mbed/Debug/NXP_LPC17XX/mbed.a(Stream.o)
                0x00000000000046dc                mbed::Stream::lseek(long, int)
 .text._ZN4mbed6Stream6isattyEv
                0x00000000000046ec        0xc ../../external/mbed/Debug/NXP_LPC17XX/mbed.a(Stream.o)
                0x00000000000046ec                mbed::Stream::isatty()
 .text._ZN4mbed6Stream5fsyncEv
                0x00000000000046f8        0xc ../../external/mbed/Debug/NXP_LPC17XX/mbed.a(Stream.o)
                0x00000000000046f8                mbed::Stream::fsync()
 .text._ZN4mbed6Stream4flenEv
                0x0000000000004704        0xc ../../external/mbed/Debug/NXP_LPC17XX/mbed.a(Stream.o)
                0x0000000000004704                mbed::Stream::flen()
 .text._ZN4mbed6Ticker5setupEj
                0x0000000000004710       0x30 ../../external/mbed/Debug/NXP_LPC17XX/mbed.a(Ticker.o)
                0x0000000000004710                mbed::Ticker::setup(unsigned int)
 .text._ZN4mbed6Ticker7handlerEv
                0x0000000000004740       0x2c ../../external/mbed/Debug/NXP_LPC17XX/mbed.a(Ticker.o)
                0x0000000000004740                mbed::Ticker::handler()
 .text._ZN4mbed5TimerC2Ev
                0x000000000000476c       0x28 ../../external/mbed/Debug/NXP_LPC17XX/mbed.a(Timer.o)
                0x000000000000476c                mbed::Timer::Timer()
                0x000000000000476c                mbed::Timer::Timer()
 .text._ZN4mbed5Timer5startEv
                0x0000000000004794       0x1c ../../external/mbed/Debug/NXP_LPC17XX/mbed.a(Timer.o)
                0x0000000000004794                mbed::Timer::start()
 .text._ZN4mbed5Timer4stopEv
                0x00000000000047b0       0x24 ../../external/mbed/Debug/NXP_LPC17XX/mbed.a(Timer.o)
                0x00000000000047b0                mbed::Timer::stop()
 .text._ZN4mbed5Timer7read_usEv
                0x00000000000047d4       0x1c ../../external/mbed/Debug/NXP_LPC17XX/mbed.a(Timer.o)
                0x00000000000047d4                mbed::Timer::read_us()
 .text._ZN4mbed5Timer7read_msEv
                0x00000000000047f0       0x28 ../../external/mbed/Debug/NXP_LPC17XX/mbed.a(Timer.o)
                0x00000000000047f0                mbed::Timer::read_ms()
 .text._ZN4mbed5Timer9slicetimeEv
                0x0000000000004818       0x28 ../../external/mbed/Debug/NXP_LPC17XX/mbed.a(Timer.o)
                0x0000000000004818                mbed::Timer::slicetime()
 .text._ZN4mbed5Timer5resetEv
                0x0000000000004840       0x1c ../../external/mbed/Debug/NXP_LPC17XX/mbed.a(Timer.o)
                0x0000000000004840                mbed::Timer::reset()
 .text._ZN4mbed10TimerEventC2Ev
                0x000000000000485c       0x38 ../../external/mbed/Debug/NXP_LPC17XX/mbed.a(TimerEvent.o)
                0x000000000000485c                mbed::TimerEvent::TimerEvent()
                0x000000000000485c                mbed::TimerEvent::TimerEvent()
 .text._ZN4mbed10TimerEvent3irqEm
                0x0000000000004894       0x1c ../../external/mbed/Debug/NXP_LPC17XX/mbed.a(TimerEvent.o)
                0x0000000000004894                mbed::TimerEvent::irq(unsigned long)
 .text._ZN4mbed10TimerEventD2Ev
                0x00000000000048b0       0x2c ../../external/mbed/Debug/NXP_LPC17XX/mbed.a(TimerEvent.o)
                0x00000000000048b0                mbed::TimerEvent::~TimerEvent()
                0x00000000000048b0                mbed::TimerEvent::~TimerEvent()
 .text._ZN4mbed10TimerEventD0Ev
                0x00000000000048dc       0x1c ../../external/mbed/Debug/NXP_LPC17XX/mbed.a(TimerEvent.o)
                0x00000000000048dc                mbed::TimerEvent::~TimerEvent()
 .text._ZN4mbed10TimerEvent6insertEj
                0x00000000000048f8       0x20 ../../external/mbed/Debug/NXP_LPC17XX/mbed.a(TimerEvent.o)
                0x00000000000048f8                mbed::TimerEvent::insert(unsigned int)
 .text._ZN4mbed10TimerEvent6removeEv
                0x0000000000004918       0x18 ../../external/mbed/Debug/NXP_LPC17XX/mbed.a(TimerEvent.o)
                0x0000000000004918                mbed::TimerEvent::remove()
 .text._ZN4mbed10FileHandle4flenEv
                0x0000000000004930       0x54 ../../external/mbed/Debug/NXP_LPC17XX/mbed.a(retarget.o)
                0x0000000000004930                mbed::FileHandle::flen()
 .text._ZN4mbed10FileHandleD2Ev
                0x0000000000004984       0x58 ../../external/mbed/Debug/NXP_LPC17XX/mbed.a(retarget.o)
                0x0000000000004984                mbed::FileHandle::~FileHandle()
                0x0000000000004984                mbed::FileHandle::~FileHandle()
 .text._ZN4mbed10FileHandleD0Ev
                0x00000000000049dc       0x1c ../../external/mbed/Debug/NXP_LPC17XX/mbed.a(retarget.o)
                0x00000000000049dc                mbed::FileHandle::~FileHandle()
 .text._ZL11init_serialv
                0x00000000000049f8       0x28 ../../external/mbed/Debug/NXP_LPC17XX/mbed.a(retarget.o)
 .text._ZL17openmode_to_posixi
                0x0000000000004a20       0x10 ../../external/mbed/Debug/NXP_LPC17XX/mbed.a(retarget.o)
 .text._open    0x0000000000004a30      0x140 ../../external/mbed/Debug/NXP_LPC17XX/mbed.a(retarget.o)
                0x0000000000004a30                _open
 .text._close   0x0000000000004b70       0x50 ../../external/mbed/Debug/NXP_LPC17XX/mbed.a(retarget.o)
                0x0000000000004b70                _close
 .text._write   0x0000000000004bc0       0x88 ../../external/mbed/Debug/NXP_LPC17XX/mbed.a(retarget.o)
                0x0000000000004bc0                _write
 .text._read    0x0000000000004c48       0x64 ../../external/mbed/Debug/NXP_LPC17XX/mbed.a(retarget.o)
                0x0000000000004c48                _read
 .text._isatty  0x0000000000004cac       0x44 ../../external/mbed/Debug/NXP_LPC17XX/mbed.a(retarget.o)
                0x0000000000004cac                _isatty
 .text._lseek   0x0000000000004cf0       0x4c ../../external/mbed/Debug/NXP_LPC17XX/mbed.a(retarget.o)
                0x0000000000004cf0                _lseek
 .text._fstat   0x0000000000004d3c       0x3c ../../external/mbed/Debug/NXP_LPC17XX/mbed.a(retarget.o)
                0x0000000000004d3c                _fstat
 .text._sbrk    0x0000000000004d78       0x58 ../../external/mbed/Debug/NXP_LPC17XX/mbed.a(retarget.o)
                0x0000000000004d78                _sbrk
 .text          0x0000000000004dd0       0x44 ../../external/mbed/Debug/NXP_LPC17XX/mbed.a(startup_LPC17xx.o)
                0x0000000000004dd0                Reset_Handler
                0x0000000000004e00                NMI_Handler
                0x0000000000004e0a                SVC_Handler
                0x0000000000004e0e                PendSV_Handler
                0x0000000000004e10                SysTick_Handler
                0x0000000000004e12                I2C1_IRQHandler
                0x0000000000004e12                EINT2_IRQHandler
                0x0000000000004e12                EINT3_IRQHandler
                0x0000000000004e12                CANActivity_IRQHandler
                0x0000000000004e12                TIMER3_IRQHandler
                0x0000000000004e12                PLL0_IRQHandler
                0x0000000000004e12                CAN_IRQHandler
                0x0000000000004e12                PLL1_IRQHandler
                0x0000000000004e12                SSP0_IRQHandler
                0x0000000000004e12                I2S_IRQHandler
                0x0000000000004e12                I2C2_IRQHandler
                0x0000000000004e12                RTC_IRQHandler
                0x0000000000004e12                TIMER0_IRQHandler
                0x0000000000004e12                SPI_IRQHandler
                0x0000000000004e12                EINT1_IRQHandler
                0x0000000000004e12                TIMER1_IRQHandler
                0x0000000000004e12                Default_Handler
                0x0000000000004e12                ADC_IRQHandler
                0x0000000000004e12                SSP1_IRQHandler
                0x0000000000004e12                USB_IRQHandler
                0x0000000000004e12                BOD_IRQHandler
                0x0000000000004e12                WDT_IRQHandler
                0x0000000000004e12                QEI_IRQHandler
                0x0000000000004e12                EINT0_IRQHandler
                0x0000000000004e12                DEF_IRQHandler
                0x0000000000004e12                DMA_IRQHandler
                0x0000000000004e12                MCPWM_IRQHandler
                0x0000000000004e12                TIMER2_IRQHandler
                0x0000000000004e12                ENET_IRQHandler
                0x0000000000004e12                RIT_IRQHandler
                0x0000000000004e12                I2C0_IRQHandler
                0x0000000000004e12                USBActivity_IRQHandler
                0x0000000000004e12                PWM1_IRQHandler
 .text.gpio_set
                0x0000000000004e14       0x24 ../../external/mbed/Debug/NXP_LPC17XX/mbed.a(gpio_api.o)
                0x0000000000004e14                gpio_set
 .text.gpio_init
                0x0000000000004e38       0x58 ../../external/mbed/Debug/NXP_LPC17XX/mbed.a(gpio_api.o)
                0x0000000000004e38                gpio_init
 .text.gpio_mode
                0x0000000000004e90       0x24 ../../external/mbed/Debug/NXP_LPC17XX/mbed.a(gpio_api.o)
                0x0000000000004e90                gpio_mode
 .text.gpio_dir
                0x0000000000004eb4       0x48 ../../external/mbed/Debug/NXP_LPC17XX/mbed.a(gpio_api.o)
                0x0000000000004eb4                gpio_dir
 .text.NVIC_EnableIRQ
                0x0000000000004efc       0x2c ../../external/mbed/Debug/NXP_LPC17XX/mbed.a(gpio_irq_api.o)
 .text.handle_interrupt_in
                0x0000000000004f28      0x1d0 ../../external/mbed/Debug/NXP_LPC17XX/mbed.a(gpio_irq_api.o)
 .text.gpio_irq_init
                0x00000000000050f8       0xa8 ../../external/mbed/Debug/NXP_LPC17XX/mbed.a(gpio_irq_api.o)
                0x00000000000050f8                gpio_irq_init
 .text.gpio_irq_free
                0x00000000000051a0       0x18 ../../external/mbed/Debug/NXP_LPC17XX/mbed.a(gpio_irq_api.o)
                0x00000000000051a0                gpio_irq_free
 .text.gpio_irq_set
                0x00000000000051b8      0x14c ../../external/mbed/Debug/NXP_LPC17XX/mbed.a(gpio_irq_api.o)
                0x00000000000051b8                gpio_irq_set
 .text.pin_function
                0x0000000000005304       0x6c ../../external/mbed/Debug/NXP_LPC17XX/mbed.a(pinmap.o)
                0x0000000000005304                pin_function
 .text.pin_mode
                0x0000000000005370       0xd8 ../../external/mbed/Debug/NXP_LPC17XX/mbed.a(pinmap.o)
                0x0000000000005370                pin_mode
 .text.NVIC_EnableIRQ
                0x0000000000005448       0x2c ../../external/mbed/Debug/NXP_LPC17XX/mbed.a(serial_api.o)
 .text.NVIC_DisableIRQ
                0x0000000000005474       0x2c ../../external/mbed/Debug/NXP_LPC17XX/mbed.a(serial_api.o)
 .text.gpio_write
                0x00000000000054a0       0x28 ../../external/mbed/Debug/NXP_LPC17XX/mbed.a(serial_api.o)
 .text.gpio_read
                0x00000000000054c8       0x20 ../../external/mbed/Debug/NXP_LPC17XX/mbed.a(serial_api.o)
 .text.serial_init
                0x00000000000054e8      0x1cc ../../external/mbed/Debug/NXP_LPC17XX/mbed.a(serial_api.o)
                0x00000000000054e8                serial_init
 .text.serial_baud
                0x00000000000056b4      0x2b0 ../../external/mbed/Debug/NXP_LPC17XX/mbed.a(serial_api.o)
                0x00000000000056b4                serial_baud
 .text.serial_format
                0x0000000000005964       0xdc ../../external/mbed/Debug/NXP_LPC17XX/mbed.a(serial_api.o)
                0x0000000000005964                serial_format
 .text.uart_irq
                0x0000000000005a40       0xdc ../../external/mbed/Debug/NXP_LPC17XX/mbed.a(serial_api.o)
 .text.uart0_irq
                0x0000000000005b1c       0x1c ../../external/mbed/Debug/NXP_LPC17XX/mbed.a(serial_api.o)
                0x0000000000005b1c                uart0_irq
 .text.uart1_irq
                0x0000000000005b38       0x1c ../../external/mbed/Debug/NXP_LPC17XX/mbed.a(serial_api.o)
                0x0000000000005b38                uart1_irq
 .text.uart2_irq
                0x0000000000005b54       0x1c ../../external/mbed/Debug/NXP_LPC17XX/mbed.a(serial_api.o)
                0x0000000000005b54                uart2_irq
 .text.uart3_irq
                0x0000000000005b70       0x1c ../../external/mbed/Debug/NXP_LPC17XX/mbed.a(serial_api.o)
                0x0000000000005b70                uart3_irq
 .text.serial_irq_handler
                0x0000000000005b8c       0x30 ../../external/mbed/Debug/NXP_LPC17XX/mbed.a(serial_api.o)
                0x0000000000005b8c                serial_irq_handler
 .text.serial_irq_set_internal
                0x0000000000005bbc      0x164 ../../external/mbed/Debug/NXP_LPC17XX/mbed.a(serial_api.o)
 .text.serial_irq_set
                0x0000000000005d20       0x48 ../../external/mbed/Debug/NXP_LPC17XX/mbed.a(serial_api.o)
                0x0000000000005d20                serial_irq_set
 .text.serial_flow_irq_set
                0x0000000000005d68       0x38 ../../external/mbed/Debug/NXP_LPC17XX/mbed.a(serial_api.o)
 .text.serial_getc
                0x0000000000005da0       0x70 ../../external/mbed/Debug/NXP_LPC17XX/mbed.a(serial_api.o)
                0x0000000000005da0                serial_getc
 .text.serial_putc
                0x0000000000005e10       0x54 ../../external/mbed/Debug/NXP_LPC17XX/mbed.a(serial_api.o)
                0x0000000000005e10                serial_putc
 .text.serial_readable
                0x0000000000005e64       0x18 ../../external/mbed/Debug/NXP_LPC17XX/mbed.a(serial_api.o)
                0x0000000000005e64                serial_readable
 .text.serial_writable
                0x0000000000005e7c       0xb4 ../../external/mbed/Debug/NXP_LPC17XX/mbed.a(serial_api.o)
                0x0000000000005e7c                serial_writable
 .text.serial_set_flow_control
                0x0000000000005f30      0x17c ../../external/mbed/Debug/NXP_LPC17XX/mbed.a(serial_api.o)
                0x0000000000005f30                serial_set_flow_control
 .text.NVIC_EnableIRQ
                0x00000000000060ac       0x2c ../../external/mbed/Debug/NXP_LPC17XX/mbed.a(us_ticker.o)
 .text.us_ticker_init
                0x00000000000060d8       0x80 ../../external/mbed/Debug/NXP_LPC17XX/mbed.a(us_ticker.o)
                0x00000000000060d8                us_ticker_init
 .text.us_ticker_read
                0x0000000000006158       0x20 ../../external/mbed/Debug/NXP_LPC17XX/mbed.a(us_ticker.o)
                0x0000000000006158                us_ticker_read
 .text.us_ticker_set_interrupt
                0x0000000000006178       0x20 ../../external/mbed/Debug/NXP_LPC17XX/mbed.a(us_ticker.o)
                0x0000000000006178                us_ticker_set_interrupt
 .text.us_ticker_disable_interrupt
                0x0000000000006198       0x14 ../../external/mbed/Debug/NXP_LPC17XX/mbed.a(us_ticker.o)
                0x0000000000006198                us_ticker_disable_interrupt
 .text.us_ticker_clear_interrupt
                0x00000000000061ac        0xc ../../external/mbed/Debug/NXP_LPC17XX/mbed.a(us_ticker.o)
                0x00000000000061ac                us_ticker_clear_interrupt
 .text.NVIC_SetVector
                0x00000000000061b8       0x6c ../../external/mbed/Debug/NXP_LPC17XX/mbed.a(cmsis_nvic.o)
                0x00000000000061b8                NVIC_SetVector
 .text.gpio_write
                0x0000000000006224       0x28 ../../external/mbed/Debug/NXP_LPC17XX/mbed.a(board.o)
 .text.mbed_die
                0x000000000000624c       0x9c ../../external/mbed/Debug/NXP_LPC17XX/mbed.a(board.o)
                0x000000000000624c                mbed_die
 .text.us_ticker_set_handler
                0x00000000000062e8       0x1c ../../external/mbed/Debug/NXP_LPC17XX/mbed.a(us_ticker_api.o)
                0x00000000000062e8                us_ticker_set_handler
 .text.us_ticker_irq_handler
                0x0000000000006304       0x6c ../../external/mbed/Debug/NXP_LPC17XX/mbed.a(us_ticker_api.o)
                0x0000000000006304                us_ticker_irq_handler
 .text.us_ticker_insert_event
                0x0000000000006370       0x70 ../../external/mbed/Debug/NXP_LPC17XX/mbed.a(us_ticker_api.o)
                0x0000000000006370                us_ticker_insert_event
 .text.us_ticker_remove_event
                0x00000000000063e0       0x64 ../../external/mbed/Debug/NXP_LPC17XX/mbed.a(us_ticker_api.o)
                0x00000000000063e0                us_ticker_remove_event
 .text._ZN4mbed10FileHandleC2Ev
                0x0000000000006444       0x18 ../../external/mbed/Debug/NXP_LPC17XX/mbed.a(FileLike.o)
                0x0000000000006444                mbed::FileHandle::FileHandle()
                0x0000000000006444                mbed::FileHandle::FileHandle()
 .text._ZN4mbed8FileLikeC2EPKc
                0x000000000000645c       0x3c ../../external/mbed/Debug/NXP_LPC17XX/mbed.a(FileLike.o)
                0x000000000000645c                mbed::FileLike::FileLike(char const*)
                0x000000000000645c                mbed::FileLike::FileLike(char const*)
 .text._ZN4mbed8FileLikeD2Ev
                0x0000000000006498       0x44 ../../external/mbed/Debug/NXP_LPC17XX/mbed.a(FileLike.o)
                0x0000000000006498                mbed::FileLike::~FileLike()
                0x0000000000006498                mbed::FileLike::~FileLike()
 .text._ZThn4_N4mbed8FileLikeD1Ev
                0x00000000000064dc        0x8 ../../external/mbed/Debug/NXP_LPC17XX/mbed.a(FileLike.o)
                0x00000000000064dc                non-virtual thunk to mbed::FileLike::~FileLike()
 .text._ZN4mbed8FileLikeD0Ev
                0x00000000000064e4       0x1c ../../external/mbed/Debug/NXP_LPC17XX/mbed.a(FileLike.o)
                0x00000000000064e4                mbed::FileLike::~FileLike()
 .text._ZThn4_N4mbed8FileLikeD0Ev
                0x0000000000006500        0x8 ../../external/mbed/Debug/NXP_LPC17XX/mbed.a(FileLike.o)
                0x0000000000006500                non-virtual thunk to mbed::FileLike::~FileLike()
 .text._ZN4mbed8FilePathC2EPKc
                0x0000000000006508       0x8c ../../external/mbed/Debug/NXP_LPC17XX/mbed.a(FilePath.o)
                0x0000000000006508                mbed::FilePath::FilePath(char const*)
                0x0000000000006508                mbed::FilePath::FilePath(char const*)
 .text._ZN4mbed8FilePath8fileNameEv
                0x0000000000006594       0x10 ../../external/mbed/Debug/NXP_LPC17XX/mbed.a(FilePath.o)
                0x0000000000006594                mbed::FilePath::fileName()
 .text._ZN4mbed8FilePath12isFileSystemEv
                0x00000000000065a4       0x30 ../../external/mbed/Debug/NXP_LPC17XX/mbed.a(FilePath.o)
                0x00000000000065a4                mbed::FilePath::isFileSystem()
 .text._ZN4mbed8FilePath10fileSystemEv
                0x00000000000065d4       0x24 ../../external/mbed/Debug/NXP_LPC17XX/mbed.a(FilePath.o)
                0x00000000000065d4                mbed::FilePath::fileSystem()
 .text._ZN4mbed8FilePath6isFileEv
                0x00000000000065f8       0x30 ../../external/mbed/Debug/NXP_LPC17XX/mbed.a(FilePath.o)
                0x00000000000065f8                mbed::FilePath::isFile()
 .text._ZN4mbed8FilePath4fileEv
                0x0000000000006628       0x30 ../../external/mbed/Debug/NXP_LPC17XX/mbed.a(FilePath.o)
                0x0000000000006628                mbed::FilePath::file()
 .text._ZN4mbed8FilePath6existsEv
                0x0000000000006658       0x18 ../../external/mbed/Debug/NXP_LPC17XX/mbed.a(FilePath.o)
                0x0000000000006658                mbed::FilePath::exists()
 .text._ZN4mbed8FileBaseC2EPKcNS_8PathTypeE
                0x0000000000006670       0x54 ../../external/mbed/Debug/NXP_LPC17XX/mbed.a(FileBase.o)
                0x0000000000006670                mbed::FileBase::FileBase(char const*, mbed::PathType)
                0x0000000000006670                mbed::FileBase::FileBase(char const*, mbed::PathType)
 .text._ZN4mbed8FileBaseD2Ev
                0x00000000000066c4       0x68 ../../external/mbed/Debug/NXP_LPC17XX/mbed.a(FileBase.o)
                0x00000000000066c4                mbed::FileBase::~FileBase()
                0x00000000000066c4                mbed::FileBase::~FileBase()
 .text._ZN4mbed8FileBaseD0Ev
                0x000000000000672c       0x1c ../../external/mbed/Debug/NXP_LPC17XX/mbed.a(FileBase.o)
                0x000000000000672c                mbed::FileBase::~FileBase()
 .text._ZN4mbed8FileBase6lookupEPKcj
                0x0000000000006748       0x5c ../../external/mbed/Debug/NXP_LPC17XX/mbed.a(FileBase.o)
                0x0000000000006748                mbed::FileBase::lookup(char const*, unsigned int)
 .text._ZN4mbed8FileBase11getPathTypeEv
                0x00000000000067a4       0x10 ../../external/mbed/Debug/NXP_LPC17XX/mbed.a(FileBase.o)
                0x00000000000067a4                mbed::FileBase::getPathType()
 .text.__aeabi_atexit
                0x00000000000067b4        0xa /Users/donghee/Dropbox/projects/mbed_nxp1768/gcc-arm-none-eabi/bin/../lib/gcc/arm-none-eabi/4.8.3/../../../../arm-none-eabi/lib/armv7-m/libstdc++_s.a(atexit_arm.o)
                0x00000000000067b4                __aeabi_atexit
 .text._ZdlPv   0x00000000000067be        0x8 /Users/donghee/Dropbox/projects/mbed_nxp1768/gcc-arm-none-eabi/bin/../lib/gcc/arm-none-eabi/4.8.3/../../../../arm-none-eabi/lib/armv7-m/libstdc++_s.a(del_op.o)
                0x00000000000067be                operator delete(void*)
 *fill*         0x00000000000067c6        0x2 
 .text          0x00000000000067c8      0x370 /Users/donghee/Dropbox/projects/mbed_nxp1768/gcc-arm-none-eabi/bin/../lib/gcc/arm-none-eabi/4.8.3/armv7-m/libgcc.a(_arm_addsubdf3.o)
                0x00000000000067c8                __aeabi_drsub
                0x00000000000067d0                __subdf3
                0x00000000000067d0                __aeabi_dsub
                0x00000000000067d4                __aeabi_dadd
                0x00000000000067d4                __adddf3
                0x0000000000006a4c                __aeabi_ui2d
                0x0000000000006a4c                __floatunsidf
                0x0000000000006a6c                __floatsidf
                0x0000000000006a6c                __aeabi_i2d
                0x0000000000006a90                __extendsfdf2
                0x0000000000006a90                __aeabi_f2d
                0x0000000000006acc                __aeabi_ul2d
                0x0000000000006acc                __floatundidf
                0x0000000000006adc                __aeabi_l2d
                0x0000000000006adc                __floatdidf
 .text          0x0000000000006b38      0x424 /Users/donghee/Dropbox/projects/mbed_nxp1768/gcc-arm-none-eabi/bin/../lib/gcc/arm-none-eabi/4.8.3/armv7-m/libgcc.a(_arm_muldivdf3.o)
                0x0000000000006b38                __aeabi_dmul
                0x0000000000006b38                __muldf3
                0x0000000000006d8c                __aeabi_ddiv
                0x0000000000006d8c                __divdf3
 .text          0x0000000000006f5c       0x50 /Users/donghee/Dropbox/projects/mbed_nxp1768/gcc-arm-none-eabi/bin/../lib/gcc/arm-none-eabi/4.8.3/armv7-m/libgcc.a(_arm_fixdfsi.o)
                0x0000000000006f5c                __fixdfsi
                0x0000000000006f5c                __aeabi_d2iz
 .text          0x0000000000006fac       0xa0 /Users/donghee/Dropbox/projects/mbed_nxp1768/gcc-arm-none-eabi/bin/../lib/gcc/arm-none-eabi/4.8.3/armv7-m/libgcc.a(_arm_truncdfsf2.o)
                0x0000000000006fac                __aeabi_d2f
                0x0000000000006fac                __truncdfsf2
 .text          0x000000000000704c      0x21c /Users/donghee/Dropbox/projects/mbed_nxp1768/gcc-arm-none-eabi/bin/../lib/gcc/arm-none-eabi/4.8.3/armv7-m/libgcc.a(_arm_addsubsf3.o)
                0x000000000000704c                __aeabi_frsub
                0x0000000000007054                __aeabi_fsub
                0x0000000000007054                __subsf3
                0x0000000000007058                __aeabi_fadd
                0x0000000000007058                __addsf3
                0x00000000000071b8                __aeabi_ui2f
                0x00000000000071b8                __floatunsisf
                0x00000000000071c0                __floatsisf
                0x00000000000071c0                __aeabi_i2f
                0x00000000000071dc                __aeabi_ul2f
                0x00000000000071dc                __floatundisf
                0x00000000000071ec                __aeabi_l2f
                0x00000000000071ec                __floatdisf
 .text          0x0000000000007268      0x2a0 /Users/donghee/Dropbox/projects/mbed_nxp1768/gcc-arm-none-eabi/bin/../lib/gcc/arm-none-eabi/4.8.3/armv7-m/libgcc.a(_arm_muldivsf3.o)
                0x0000000000007268                __mulsf3
                0x0000000000007268                __aeabi_fmul
                0x00000000000073d0                __divsf3
                0x00000000000073d0                __aeabi_fdiv
 .text          0x0000000000007508       0xec /Users/donghee/Dropbox/projects/mbed_nxp1768/gcc-arm-none-eabi/bin/../lib/gcc/arm-none-eabi/4.8.3/armv7-m/libgcc.a(_arm_cmpsf2.o)
                0x0000000000007508                __gesf2
                0x0000000000007508                __gtsf2
                0x0000000000007510                __ltsf2
                0x0000000000007510                __lesf2
                0x0000000000007518                __nesf2
                0x0000000000007518                __eqsf2
                0x0000000000007518                __cmpsf2
                0x0000000000007578                __aeabi_cfrcmple
                0x0000000000007580                __aeabi_cfcmpeq
                0x0000000000007580                __aeabi_cfcmple
                0x0000000000007590                __aeabi_fcmpeq
                0x00000000000075a4                __aeabi_fcmplt
                0x00000000000075b8                __aeabi_fcmple
                0x00000000000075cc                __aeabi_fcmpge
                0x00000000000075e0                __aeabi_fcmpgt
 .text          0x00000000000075f4       0x4c /Users/donghee/Dropbox/projects/mbed_nxp1768/gcc-arm-none-eabi/bin/../lib/gcc/arm-none-eabi/4.8.3/armv7-m/libgcc.a(_arm_fixsfsi.o)
                0x00000000000075f4                __fixsfsi
                0x00000000000075f4                __aeabi_f2iz
 .text          0x0000000000007640       0x40 /Users/donghee/Dropbox/projects/mbed_nxp1768/gcc-arm-none-eabi/bin/../lib/gcc/arm-none-eabi/4.8.3/armv7-m/libgcc.a(_arm_fixunssfsi.o)
                0x0000000000007640                __aeabi_f2uiz
                0x0000000000007640                __fixunssfsi
 .text.__cxa_atexit
                0x0000000000007680       0x20 /Users/donghee/Dropbox/projects/mbed_nxp1768/gcc-arm-none-eabi/bin/../lib/gcc/arm-none-eabi/4.8.3/../../../../arm-none-eabi/lib/armv7-m/libc_s.a(lib_a-cxa_atexit.o)
                0x0000000000007680                __cxa_atexit
 .text.__errno  0x00000000000076a0        0xc /Users/donghee/Dropbox/projects/mbed_nxp1768/gcc-arm-none-eabi/bin/../lib/gcc/arm-none-eabi/4.8.3/../../../../arm-none-eabi/lib/armv7-m/libc_s.a(lib_a-errno.o)
                0x00000000000076a0                __errno
 .text._fclose_r
                0x00000000000076ac       0xa4 /Users/donghee/Dropbox/projects/mbed_nxp1768/gcc-arm-none-eabi/bin/../lib/gcc/arm-none-eabi/4.8.3/../../../../arm-none-eabi/lib/armv7-m/libc_s.a(lib_a-fclose.o)
                0x00000000000076ac                _fclose_r
 .text.fclose   0x0000000000007750       0x10 /Users/donghee/Dropbox/projects/mbed_nxp1768/gcc-arm-none-eabi/bin/../lib/gcc/arm-none-eabi/4.8.3/../../../../arm-none-eabi/lib/armv7-m/libc_s.a(lib_a-fclose.o)
                0x0000000000007750                fclose
 .text.__sflush_r
                0x0000000000007760      0x106 /Users/donghee/Dropbox/projects/mbed_nxp1768/gcc-arm-none-eabi/bin/../lib/gcc/arm-none-eabi/4.8.3/../../../../arm-none-eabi/lib/armv7-m/libc_s.a(lib_a-fflush.o)
                0x0000000000007760                __sflush_r
 *fill*         0x0000000000007866        0x2 
 .text._fflush_r
                0x0000000000007868       0x54 /Users/donghee/Dropbox/projects/mbed_nxp1768/gcc-arm-none-eabi/bin/../lib/gcc/arm-none-eabi/4.8.3/../../../../arm-none-eabi/lib/armv7-m/libc_s.a(lib_a-fflush.o)
                0x0000000000007868                _fflush_r
 .text.fflush   0x00000000000078bc       0x24 /Users/donghee/Dropbox/projects/mbed_nxp1768/gcc-arm-none-eabi/bin/../lib/gcc/arm-none-eabi/4.8.3/../../../../arm-none-eabi/lib/armv7-m/libc_s.a(lib_a-fflush.o)
                0x00000000000078bc                fflush
 .text._fgetc_r
                0x00000000000078e0       0x58 /Users/donghee/Dropbox/projects/mbed_nxp1768/gcc-arm-none-eabi/bin/../lib/gcc/arm-none-eabi/4.8.3/../../../../arm-none-eabi/lib/armv7-m/libc_s.a(lib_a-fgetc.o)
                0x00000000000078e0                _fgetc_r
 .text.fgetc    0x0000000000007938       0x10 /Users/donghee/Dropbox/projects/mbed_nxp1768/gcc-arm-none-eabi/bin/../lib/gcc/arm-none-eabi/4.8.3/../../../../arm-none-eabi/lib/armv7-m/libc_s.a(lib_a-fgetc.o)
                0x0000000000007938                fgetc
 .text._cleanup_r
                0x0000000000007948       0x32 /Users/donghee/Dropbox/projects/mbed_nxp1768/gcc-arm-none-eabi/bin/../lib/gcc/arm-none-eabi/4.8.3/../../../../arm-none-eabi/lib/armv7-m/libc_s.a(lib_a-findfp.o)
                0x0000000000007948                _cleanup_r
 *fill*         0x000000000000797a        0x2 
 .text.std.isra.0
                0x000000000000797c       0x48 /Users/donghee/Dropbox/projects/mbed_nxp1768/gcc-arm-none-eabi/bin/../lib/gcc/arm-none-eabi/4.8.3/../../../../arm-none-eabi/lib/armv7-m/libc_s.a(lib_a-findfp.o)
 .text.__sfmoreglue
                0x00000000000079c4       0x2c /Users/donghee/Dropbox/projects/mbed_nxp1768/gcc-arm-none-eabi/bin/../lib/gcc/arm-none-eabi/4.8.3/../../../../arm-none-eabi/lib/armv7-m/libc_s.a(lib_a-findfp.o)
                0x00000000000079c4                __sfmoreglue
 .text.__sinit  0x00000000000079f0       0x60 /Users/donghee/Dropbox/projects/mbed_nxp1768/gcc-arm-none-eabi/bin/../lib/gcc/arm-none-eabi/4.8.3/../../../../arm-none-eabi/lib/armv7-m/libc_s.a(lib_a-findfp.o)
                0x00000000000079f0                __sinit
 .text.__sfp    0x0000000000007a50       0x74 /Users/donghee/Dropbox/projects/mbed_nxp1768/gcc-arm-none-eabi/bin/../lib/gcc/arm-none-eabi/4.8.3/../../../../arm-none-eabi/lib/armv7-m/libc_s.a(lib_a-findfp.o)
                0x0000000000007a50                __sfp
 .text.__sfp_lock_acquire
                0x0000000000007ac4        0x2 /Users/donghee/Dropbox/projects/mbed_nxp1768/gcc-arm-none-eabi/bin/../lib/gcc/arm-none-eabi/4.8.3/../../../../arm-none-eabi/lib/armv7-m/libc_s.a(lib_a-findfp.o)
                0x0000000000007ac4                __sfp_lock_acquire
 .text.__sfp_lock_release
                0x0000000000007ac6        0x2 /Users/donghee/Dropbox/projects/mbed_nxp1768/gcc-arm-none-eabi/bin/../lib/gcc/arm-none-eabi/4.8.3/../../../../arm-none-eabi/lib/armv7-m/libc_s.a(lib_a-findfp.o)
                0x0000000000007ac6                __sfp_lock_release
 .text._fopen_r
                0x0000000000007ac8       0x80 /Users/donghee/Dropbox/projects/mbed_nxp1768/gcc-arm-none-eabi/bin/../lib/gcc/arm-none-eabi/4.8.3/../../../../arm-none-eabi/lib/armv7-m/libc_s.a(lib_a-fopen.o)
                0x0000000000007ac8                _fopen_r
 .text.fopen    0x0000000000007b48       0x14 /Users/donghee/Dropbox/projects/mbed_nxp1768/gcc-arm-none-eabi/bin/../lib/gcc/arm-none-eabi/4.8.3/../../../../arm-none-eabi/lib/armv7-m/libc_s.a(lib_a-fopen.o)
                0x0000000000007b48                fopen
 .text._fputc_r
                0x0000000000007b5c       0x48 /Users/donghee/Dropbox/projects/mbed_nxp1768/gcc-arm-none-eabi/bin/../lib/gcc/arm-none-eabi/4.8.3/../../../../arm-none-eabi/lib/armv7-m/libc_s.a(lib_a-fputc.o)
                0x0000000000007b5c                _fputc_r
 .text.fputc    0x0000000000007ba4       0x14 /Users/donghee/Dropbox/projects/mbed_nxp1768/gcc-arm-none-eabi/bin/../lib/gcc/arm-none-eabi/4.8.3/../../../../arm-none-eabi/lib/armv7-m/libc_s.a(lib_a-fputc.o)
                0x0000000000007ba4                fputc
 .text._fseek_r
                0x0000000000007bb8        0x4 /Users/donghee/Dropbox/projects/mbed_nxp1768/gcc-arm-none-eabi/bin/../lib/gcc/arm-none-eabi/4.8.3/../../../../arm-none-eabi/lib/armv7-m/libc_s.a(lib_a-fseek.o)
                0x0000000000007bb8                _fseek_r
 .text._fseeko_r
                0x0000000000007bbc      0x11c /Users/donghee/Dropbox/projects/mbed_nxp1768/gcc-arm-none-eabi/bin/../lib/gcc/arm-none-eabi/4.8.3/../../../../arm-none-eabi/lib/armv7-m/libc_s.a(lib_a-fseeko.o)
                0x0000000000007bbc                _fseeko_r
 .text._fwalk   0x0000000000007cd8       0x38 /Users/donghee/Dropbox/projects/mbed_nxp1768/gcc-arm-none-eabi/bin/../lib/gcc/arm-none-eabi/4.8.3/../../../../arm-none-eabi/lib/armv7-m/libc_s.a(lib_a-fwalk.o)
                0x0000000000007cd8                _fwalk
 .text._fwalk_reent
                0x0000000000007d10       0x3c /Users/donghee/Dropbox/projects/mbed_nxp1768/gcc-arm-none-eabi/bin/../lib/gcc/arm-none-eabi/4.8.3/../../../../arm-none-eabi/lib/armv7-m/libc_s.a(lib_a-fwalk.o)
                0x0000000000007d10                _fwalk_reent
 .text.__libc_init_array
                0x0000000000007d4c       0x4c /Users/donghee/Dropbox/projects/mbed_nxp1768/gcc-arm-none-eabi/bin/../lib/gcc/arm-none-eabi/4.8.3/../../../../arm-none-eabi/lib/armv7-m/libc_s.a(lib_a-init.o)
                0x0000000000007d4c                __libc_init_array
 .text.__smakebuf_r
                0x0000000000007d98       0x98 /Users/donghee/Dropbox/projects/mbed_nxp1768/gcc-arm-none-eabi/bin/../lib/gcc/arm-none-eabi/4.8.3/../../../../arm-none-eabi/lib/armv7-m/libc_s.a(lib_a-makebuf.o)
                0x0000000000007d98                __smakebuf_r
 .text.malloc   0x0000000000007e30       0x10 /Users/donghee/Dropbox/projects/mbed_nxp1768/gcc-arm-none-eabi/bin/../lib/gcc/arm-none-eabi/4.8.3/../../../../arm-none-eabi/lib/armv7-m/libc_s.a(lib_a-malloc.o)
                0x0000000000007e30                malloc
 .text.free     0x0000000000007e40       0x10 /Users/donghee/Dropbox/projects/mbed_nxp1768/gcc-arm-none-eabi/bin/../lib/gcc/arm-none-eabi/4.8.3/../../../../arm-none-eabi/lib/armv7-m/libc_s.a(lib_a-malloc.o)
                0x0000000000007e40                free
 .text.memchr   0x0000000000007e50       0x1c /Users/donghee/Dropbox/projects/mbed_nxp1768/gcc-arm-none-eabi/bin/../lib/gcc/arm-none-eabi/4.8.3/../../../../arm-none-eabi/lib/armv7-m/libc_s.a(lib_a-memchr-stub.o)
                0x0000000000007e50                memchr
 .text.memcpy   0x0000000000007e6c       0x12 /Users/donghee/Dropbox/projects/mbed_nxp1768/gcc-arm-none-eabi/bin/../lib/gcc/arm-none-eabi/4.8.3/../../../../arm-none-eabi/lib/armv7-m/libc_s.a(lib_a-memcpy-stub.o)
                0x0000000000007e6c                memcpy
 .text.memset   0x0000000000007e7e       0x10 /Users/donghee/Dropbox/projects/mbed_nxp1768/gcc-arm-none-eabi/bin/../lib/gcc/arm-none-eabi/4.8.3/../../../../arm-none-eabi/lib/armv7-m/libc_s.a(lib_a-memset.o)
                0x0000000000007e7e                memset
 *fill*         0x0000000000007e8e        0x2 
 .text._free_r  0x0000000000007e90       0x88 /Users/donghee/Dropbox/projects/mbed_nxp1768/gcc-arm-none-eabi/bin/../lib/gcc/arm-none-eabi/4.8.3/../../../../arm-none-eabi/lib/armv7-m/libc_s.a(lib_a-nano-freer.o)
                0x0000000000007e90                _free_r
 .text._malloc_r
                0x0000000000007f18       0xa8 /Users/donghee/Dropbox/projects/mbed_nxp1768/gcc-arm-none-eabi/bin/../lib/gcc/arm-none-eabi/4.8.3/../../../../arm-none-eabi/lib/armv7-m/libc_s.a(lib_a-nano-mallocr.o)
                0x0000000000007f18                _malloc_r
 .text._open_r  0x0000000000007fc0       0x24 /Users/donghee/Dropbox/projects/mbed_nxp1768/gcc-arm-none-eabi/bin/../lib/gcc/arm-none-eabi/4.8.3/../../../../arm-none-eabi/lib/armv7-m/libc_s.a(lib_a-openr.o)
                0x0000000000007fc0                _open_r
 .text._putc_r  0x0000000000007fe4       0x78 /Users/donghee/Dropbox/projects/mbed_nxp1768/gcc-arm-none-eabi/bin/../lib/gcc/arm-none-eabi/4.8.3/../../../../arm-none-eabi/lib/armv7-m/libc_s.a(lib_a-putc.o)
                0x0000000000007fe4                _putc_r
 .text.lflush   0x000000000000805c       0x12 /Users/donghee/Dropbox/projects/mbed_nxp1768/gcc-arm-none-eabi/bin/../lib/gcc/arm-none-eabi/4.8.3/../../../../arm-none-eabi/lib/armv7-m/libc_s.a(lib_a-refill.o)
 *fill*         0x000000000000806e        0x2 
 .text.__srefill_r
                0x0000000000008070      0x10c /Users/donghee/Dropbox/projects/mbed_nxp1768/gcc-arm-none-eabi/bin/../lib/gcc/arm-none-eabi/4.8.3/../../../../arm-none-eabi/lib/armv7-m/libc_s.a(lib_a-refill.o)
                0x0000000000008070                __srefill_r
 .text.__srget_r
                0x000000000000817c       0x58 /Users/donghee/Dropbox/projects/mbed_nxp1768/gcc-arm-none-eabi/bin/../lib/gcc/arm-none-eabi/4.8.3/../../../../arm-none-eabi/lib/armv7-m/libc_s.a(lib_a-rget.o)
                0x000000000000817c                __srget_r
 .text._sbrk_r  0x00000000000081d4       0x20 /Users/donghee/Dropbox/projects/mbed_nxp1768/gcc-arm-none-eabi/bin/../lib/gcc/arm-none-eabi/4.8.3/../../../../arm-none-eabi/lib/armv7-m/libc_s.a(lib_a-sbrkr.o)
                0x00000000000081d4                _sbrk_r