Archive member included because of file (symbol)

../../mri/mri.ar(mri.o)       LPC1768/gcc4mbed.o (__mriInit)
../../mri/mri.ar(packet.o)    ../../mri/mri.ar(mri.o) (__mriPacket_GetFromGDB)
../../mri/mri.ar(token.o)     ../../mri/mri.ar(mri.o) (__mriToken_Init)
../../mri/mri.ar(try_catch.o)
                              ../../mri/mri.ar(mri.o) (__mriExceptionCode)
../../mri/mri.ar(semihost.o)  ../../mri/mri.ar(mri.o) (__mriSemihost_IsDebuggeeMakingSemihostCall)
../../mri/mri.ar(semihost_newlib.o)
                              ../../mri/mri.ar(semihost.o) (__mriSemihost_HandleNewlibSemihostRequest)
../../mri/mri.ar(newlib_asm.o)
                              LPC1768/gcc4mbed.o (__mriNewlib_SemihostWrite)
../../mri/mri.ar(semihost_mbed.o)
                              ../../mri/mri.ar(semihost.o) (__mriSemihost_HandleMbedSemihostRequest)
../../mri/mri.ar(armv7-m.o)   ../../mri/mri.ar(mri.o) (__mriPlatform_IsSingleStepping)
../../mri/mri.ar(armv7-m_asm.o)
                              ../../mri/mri.ar(armv7-m.o) (__mriARMv7MAsmInit)
../../mri/mri.ar(native-mem.o)
                              ../../mri/mri.ar(armv7-m.o) (__mriPlatform_MemRead16)
../../mri/mri.ar(lpc176x_uart.o)
                              ../../mri/mri.ar(mri.o) (__mriPlatform_CommHasReceiveData)
../../mri/mri.ar(mbed1768.o)  ../../mri/mri.ar(mri.o) (__mriPlatform_Init)
../../mri/mri.ar(mbed1768_asm.o)
                              ../../mri/mri.ar(mbed1768.o) (__mriDisableMbed)
../../mri/mri.ar(buffer.o)    ../../mri/mri.ar(mri.o) (__mriBuffer_Init)
../../mri/mri.ar(cmd_break_watch.o)
                              ../../mri/mri.ar(mri.o) (__mriCmd_HandleBreakpointWatchpointSetCommand)
../../mri/mri.ar(cmd_common.o)
                              ../../mri/mri.ar(cmd_break_watch.o) (__mriCmd_ReadUIntegerArgument)
../../mri/mri.ar(cmd_continue.o)
                              ../../mri/mri.ar(mri.o) (__mriCmd_HandleContinueCommand)
../../mri/mri.ar(cmd_file.o)  ../../mri/mri.ar(semihost_newlib.o) (__mriIssueGdbFileOpenRequest)
../../mri/mri.ar(cmd_memory.o)
                              ../../mri/mri.ar(mri.o) (__mriCmd_HandleMemoryReadCommand)
../../mri/mri.ar(cmd_query.o)
                              ../../mri/mri.ar(mri.o) (__mriCmd_HandleQueryCommand)
../../mri/mri.ar(cmd_registers.o)
                              ../../mri/mri.ar(mri.o) (__mriCmd_Send_T_StopResponse)
../../mri/mri.ar(cmd_step.o)  ../../mri/mri.ar(mri.o) (__mriCmd_HandleSingleStepCommand)
../../mri/mri.ar(gdb_console.o)
                              ../../mri/mri.ar(armv7-m.o) (__mriGdbConsole_WriteString)
../../mri/mri.ar(memory.o)    ../../mri/mri.ar(cmd_memory.o) (__mriMem_ReadMemoryIntoHexBuffer)
../../mri/mri.ar(lpc176x.o)   ../../mri/mri.ar(mbed1768.o) (__mriLpc176x_Init)
../../external/mbed/Debug/NXP_LPC17XX/mbed.a(analogin_api.o)
                              LPC1768/main.o (analogin_init)
../../external/mbed/Debug/NXP_LPC17XX/mbed.a(analogout_api.o)
                              LPC1768/main.o (analogout_init)
../../external/mbed/Debug/NXP_LPC17XX/mbed.a(system_LPC17xx.o)
                              ../../mri/mri.ar(lpc176x_uart.o) (SystemCoreClock)
../../external/mbed/Debug/NXP_LPC17XX/mbed.a(error.o)
                              ../../external/mbed/Debug/NXP_LPC17XX/mbed.a(analogin_api.o) (error)
../../external/mbed/Debug/NXP_LPC17XX/mbed.a(exit.o)
                              LPC1768/gcc4mbed.o (exit)
../../external/mbed/Debug/NXP_LPC17XX/mbed.a(gpio.o)
                              LPC1768/main.o (gpio_init_out)
../../external/mbed/Debug/NXP_LPC17XX/mbed.a(mbed_interface.o)
                              ../../external/mbed/Debug/NXP_LPC17XX/mbed.a(exit.o) (mbed_interface_connected)
../../external/mbed/Debug/NXP_LPC17XX/mbed.a(pinmap_common.o)
                              ../../external/mbed/Debug/NXP_LPC17XX/mbed.a(analogin_api.o) (pinmap_pinout)
../../external/mbed/Debug/NXP_LPC17XX/mbed.a(semihost_api.o)
                              ../../external/mbed/Debug/NXP_LPC17XX/mbed.a(exit.o) (semihost_exit)
../../external/mbed/Debug/NXP_LPC17XX/mbed.a(wait_api.o)
                              LPC1768/main.o (wait)
../../external/mbed/Debug/NXP_LPC17XX/mbed.a(FunctionPointer.o)
                              LPC1768/main.o (mbed::FunctionPointer::attach(void (*)()))
../../external/mbed/Debug/NXP_LPC17XX/mbed.a(InterruptIn.o)
                              LPC1768/main.o (mbed::InterruptIn::InterruptIn(PinName))
../../external/mbed/Debug/NXP_LPC17XX/mbed.a(retarget.o)
                              LPC1768/gcc4mbed.o (_write)
../../external/mbed/Debug/NXP_LPC17XX/mbed.a(Serial.o)
                              LPC1768/main.o (vtable for mbed::Serial)
../../external/mbed/Debug/NXP_LPC17XX/mbed.a(SerialBase.o)
                              ../../external/mbed/Debug/NXP_LPC17XX/mbed.a(Serial.o) (mbed::SerialBase::SerialBase(PinName, PinName))
[...]
Memory Configuration

Name             Origin             Length             Attributes
FLASH            0x00000000         0x00080000         xr
RAM              0x100000c8         0x00007f38         xrw
USB_RAM          0x2007c000         0x00004000         xrw
ETH_RAM          0x20080000         0x00004000         xrw
*default*        0x00000000         0xffffffff

Linker script and memory map

LOAD c:/users/nuc/downloads/mbed2014_sdk85/gcc-arm-none-eabi/bin/../lib/gcc/arm-none-eabi/4.8.3/armv7-m/crti.o
LOAD c:/users/nuc/downloads/mbed2014_sdk85/gcc-arm-none-eabi/bin/../lib/gcc/arm-none-eabi/4.8.3/armv7-m/crtbegin.o
LOAD LPC1768/main.o
LOAD LPC1768/gcc4mbed.o
LOAD ../../mri/mri.ar
LOAD ../../external/mbed/Debug/NXP_LPC17XX/mbed.a
LOAD c:/users/nuc/downloads/mbed2014_sdk85/gcc-arm-none-eabi/bin/../lib/gcc/arm-none-eabi/4.8.3/../../../../arm-none-eabi/lib/armv7-m\libstdc++_s.a
LOAD c:/users/nuc/downloads/mbed2014_sdk85/gcc-arm-none-eabi/bin/../lib/gcc/arm-none-eabi/4.8.3/../../../../arm-none-eabi/lib/armv7-m\libsupc++_s.a
LOAD c:/users/nuc/downloads/mbed2014_sdk85/gcc-arm-none-eabi/bin/../lib/gcc/arm-none-eabi/4.8.3/armv7-m\libgcc.a
LOAD c:/users/nuc/downloads/mbed2014_sdk85/gcc-arm-none-eabi/bin/../lib/gcc/arm-none-eabi/4.8.3/armv7-m\libgcc.a
LOAD c:/users/nuc/downloads/mbed2014_sdk85/gcc-arm-none-eabi/bin/../lib/gcc/arm-none-eabi/4.8.3/../../../../arm-none-eabi/lib/armv7-m\libc_s.a
LOAD c:/users/nuc/downloads/mbed2014_sdk85/gcc-arm-none-eabi/bin/../lib/gcc/arm-none-eabi/4.8.3/../../../../arm-none-eabi/lib/armv7-m\libnosys.a
LOAD c:/users/nuc/downloads/mbed2014_sdk85/gcc-arm-none-eabi/bin/../lib/gcc/arm-none-eabi/4.8.3/../../../../arm-none-eabi/lib/armv7-m\libstdc++_s.a
LOAD c:/users/nuc/downloads/mbed2014_sdk85/gcc-arm-none-eabi/bin/../lib/gcc/arm-none-eabi/4.8.3/../../../../arm-none-eabi/lib/armv7-m\libm.a
LOAD c:/users/nuc/downloads/mbed2014_sdk85/gcc-arm-none-eabi/bin/../lib/gcc/arm-none-eabi/4.8.3/../../../../arm-none-eabi/lib/armv7-m\libc_s.a
START GROUP
LOAD c:/users/nuc/downloads/mbed2014_sdk85/gcc-arm-none-eabi/bin/../lib/gcc/arm-none-eabi/4.8.3/armv7-m\libgcc.a
LOAD c:/users/nuc/downloads/mbed2014_sdk85/gcc-arm-none-eabi/bin/../lib/gcc/arm-none-eabi/4.8.3/../../../../arm-none-eabi/lib/armv7-m\libc_s.a
END GROUP
LOAD c:/users/nuc/downloads/mbed2014_sdk85/gcc-arm-none-eabi/bin/../lib/gcc/arm-none-eabi/4.8.3/armv7-m/crtend.o
LOAD c:/users/nuc/downloads/mbed2014_sdk85/gcc-arm-none-eabi/bin/../lib/gcc/arm-none-eabi/4.8.3/armv7-m/crtn.o

.text           0x00000000     0xe1a0
 *(.isr_vector)
 .isr_vector    0x00000000       0xcc ../../external/mbed/Debug/NXP_LPC17XX/mbed.a(startup_LPC17xx.o)
                0x00000000                __isr_vector
 *(.text*)
 .text          0x000000cc       0x54 c:/users/nuc/downloads/mbed2014_sdk85/gcc-arm-none-eabi/bin/../lib/gcc/arm-none-eabi/4.8.3/armv7-m/crtbegin.o
 .text.NVIC_EnableIRQ
                0x00000120       0x2c LPC1768/main.o
 .text.NVIC_DisableIRQ
                0x0000014c       0x2c LPC1768/main.o
 .text.gpio_write
                0x00000178       0x28 LPC1768/main.o
 .text.gpio_read
                0x000001a0       0x20 LPC1768/main.o
 .text._ZN4mbed10DigitalOutC2E7PinName
                0x000001c0       0x40 LPC1768/main.o
                0x000001c0                mbed::DigitalOut::DigitalOut(PinName)
                0x000001c0                mbed::DigitalOut::DigitalOut(PinName)
 .text._ZN4mbed10DigitalOut5writeEi
                0x00000200       0x18 LPC1768/main.o
                0x00000200                mbed::DigitalOut::write(int)
 .text._ZN4mbed10DigitalOut4readEv
                0x00000218       0x18 LPC1768/main.o
                0x00000218                mbed::DigitalOut::read()
 .text._ZN4mbed10DigitalOutaSEi
                0x00000230       0x1c LPC1768/main.o
                0x00000230                mbed::DigitalOut::operator=(int)
 .text._ZN4mbed10DigitalOutcviEv
                0x0000024c       0x18 LPC1768/main.o
                0x0000024c                mbed::DigitalOut::operator int()
 .text._ZN4mbed8AnalogInC2E7PinName
                0x00000264       0x1c LPC1768/main.o
                0x00000264                mbed::AnalogIn::AnalogIn(PinName)
                0x00000264                mbed::AnalogIn::AnalogIn(PinName)
 .text._ZN4mbed8AnalogIn4readEv
                0x00000280       0x18 LPC1768/main.o
                0x00000280                mbed::AnalogIn::read()
 .text._ZN4mbed8AnalogIncvfEv
                0x00000298       0x18 LPC1768/main.o
                0x00000298                mbed::AnalogIn::operator float()
 .text._ZN4mbed9AnalogOutC2E7PinName
                0x000002b0       0x1c LPC1768/main.o
                0x000002b0                mbed::AnalogOut::AnalogOut(PinName)
                0x000002b0                mbed::AnalogOut::AnalogOut(PinName)
 .text._ZN4mbed9AnalogOut5writeEf
                0x000002cc       0x18 LPC1768/main.o
                0x000002cc                mbed::AnalogOut::write(float)
 .text._ZN4mbed9AnalogOutaSEf
                0x000002e4       0x1c LPC1768/main.o
                0x000002e4                mbed::AnalogOut::operator=(float)
 .text._ZN4mbed10SerialBaseD2Ev
                0x00000300       0x28 LPC1768/main.o
                0x00000300                mbed::SerialBase::~SerialBase()
                0x00000300                mbed::SerialBase::~SerialBase()
 .text._ZN4mbed10SerialBaseD0Ev
                0x00000328       0x1c LPC1768/main.o
                0x00000328                mbed::SerialBase::~SerialBase()
 .text._ZN4mbed6Ticker6attachEPFvvEf
                0x00000344       0x30 LPC1768/main.o
                0x00000344                mbed::Ticker::attach(void (*)(), float)
 .text._ZN4mbed6Ticker9attach_usEPFvvEj
                0x00000374       0x24 LPC1768/main.o
                0x00000374                mbed::Ticker::attach_us(void (*)(), unsigned int)
 .text._Z16init_relay_brakev
                0x00000398       0x1c LPC1768/main.o
                0x00000398                init_relay_brake()
 .text._Z12throttle_setf
                0x000003b4       0x7c LPC1768/main.o
                0x000003b4                throttle_set(float)
 .text._Z14throttle_clearv
                0x00000430       0x50 LPC1768/main.o
                0x00000430                throttle_clear()
 .text._Z19relay_break_processv
                0x00000480       0x9c LPC1768/main.o
                0x00000480                relay_break_process()
 .text._Z4pushf
                0x0000051c       0x34 LPC1768/main.o
                0x0000051c                push(float)
 .text._Z5_stopv
                0x00000550       0x2c LPC1768/main.o
                0x00000550                _stop()
 .text._Z6_breakv
                0x0000057c       0x2c LPC1768/main.o
                0x0000057c                _break()
 .text._Z8relay_onv
                0x000005a8       0x2c LPC1768/main.o
                0x000005a8                relay_on()
 .text._Z4pullf
                0x000005d4       0x34 LPC1768/main.o
                0x000005d4                pull(float)
 .text._Z9send_linev
                0x00000608      0x158 LPC1768/main.o
                0x00000608                send_line()
 .text._Z9read_linev
                0x00000760       0xc0 LPC1768/main.o
                0x00000760                read_line()
 .text._Z12Rx_interruptv
                0x00000820       0xa0 LPC1768/main.o
                0x00000820                Rx_interrupt()
 .text._Z12Tx_interruptv
                0x000008c0       0x88 LPC1768/main.o
                0x000008c0                Tx_interrupt()
 .text._Z21init_serial_interruptv
                0x00000948       0x30 LPC1768/main.o
                0x00000948                init_serial_interrupt()
 .text._Z13parse_commandPc
                0x00000978       0x60 LPC1768/main.o
                0x00000978                parse_command(char*)
 .text._Z10parse_argsPc
                0x000009d8       0x60 LPC1768/main.o
                0x000009d8                parse_args(char*)
 .text._Z7execute9COMMAND_ti
                0x00000a38       0xa0 LPC1768/main.o
                0x00000a38                execute(COMMAND_t, int)
 .text._Z14read_voltage24v
                0x00000ad8       0x68 LPC1768/main.o
                0x00000ad8                read_voltage24()
 .text._Z14read_voltage48v
                0x00000b40       0x5c LPC1768/main.o
                0x00000b40                read_voltage48()
 *fill*         0x00000b9c        0x4 
 .text._Z8read_potv
                0x00000ba0       0x68 LPC1768/main.o
                0x00000ba0                read_pot()
 .text._Z16throttle_in_risev
                0x00000c08       0x10 LPC1768/main.o
                0x00000c08                throttle_in_rise()
 .text._Z16throttle_in_fallv
                0x00000c18       0x20 LPC1768/main.o
                0x00000c18                throttle_in_fall()
 .text._Z12rudo_in_risev
                0x00000c38       0x10 LPC1768/main.o
                0x00000c38                rudo_in_rise()
 .text._Z12rudo_in_fallv
                0x00000c48       0x20 LPC1768/main.o
                0x00000c48                rudo_in_fall()
 .text._Z12elev_in_risev
                0x00000c68       0x10 LPC1768/main.o
                0x00000c68                elev_in_rise()
 .text._Z12elev_in_fallv
                0x00000c78       0x20 LPC1768/main.o
                0x00000c78                elev_in_fall()
 .text._Z7init_rcv
                0x00000c98       0x78 LPC1768/main.o
                0x00000c98                init_rc()
 .text._ZN4mbed6TickerC2Ev
                0x00000d10       0x30 LPC1768/main.o
                0x00000d10                mbed::Ticker::Ticker()
                0x00000d10                mbed::Ticker::Ticker()
 .text._Z15tx_emitter_taskv
                0x00000d40       0x50 LPC1768/main.o
                0x00000d40                tx_emitter_task()
 .text._Z15init_tx_emitterv
                0x00000d90       0x1c LPC1768/main.o
                0x00000d90                init_tx_emitter()
 .text._Z18delayed_break_taskv
                0x00000dac        0x8 LPC1768/main.o
                0x00000dac                delayed_break_task()
 .text._Z23init_relay_brake_tickerv
                0x00000db4       0x1c LPC1768/main.o
                0x00000db4                init_relay_brake_ticker()
 .text.main     0x00000dd0       0x4c LPC1768/main.o
                0x00000dd0                main
 .text._ZN4mbed6SerialD2Ev
                0x00000e1c       0x4c LPC1768/main.o
                0x00000e1c                mbed::Serial::~Serial()
                0x00000e1c                mbed::Serial::~Serial()
 .text._ZN4mbed6SerialD1Ev
                0x00000e68       0x10 LPC1768/main.o
                0x00000e68                non-virtual thunk to mbed::Serial::~Serial()
                0x00000e70                non-virtual thunk to mbed::Serial::~Serial()
 .text._ZN4mbed6SerialD0Ev
                0x00000e78       0x2c LPC1768/main.o
                0x00000e78                mbed::Serial::~Serial()
                0x00000e94                non-virtual thunk to mbed::Serial::~Serial()
                0x00000e9c                non-virtual thunk to mbed::Serial::~Serial()
 .text._ZN4mbed6TickerD2Ev
                0x00000ea4       0x30 LPC1768/main.o
                0x00000ea4                mbed::Ticker::~Ticker()
                0x00000ea4                mbed::Ticker::~Ticker()
 .text._ZN4mbed6TickerD0Ev
                0x00000ed4       0x1c LPC1768/main.o
                0x00000ed4                mbed::Ticker::~Ticker()
 .text._Z41__static_initialization_and_destruction_0ii
                0x00000ef0      0x1a8 LPC1768/main.o
 .text._GLOBAL__sub_I_pc
                0x00001098       0x10 LPC1768/main.o
 .text._start   0x000010a8       0x40 LPC1768/gcc4mbed.o
                0x000010a8                _start
 .text.__wrap__read
                0x000010e8       0x34 LPC1768/gcc4mbed.o
                0x000010e8                __wrap__read
 .text.__wrap__write
                0x0000111c       0x34 LPC1768/gcc4mbed.o
                0x0000111c                __wrap__write
 .text.__wrap__isatty
                0x00001150       0x20 LPC1768/gcc4mbed.o
                0x00001150                __wrap__isatty
 .text.breakOnHeapOpFromInterruptHandler
                0x00001170       0x14 LPC1768/gcc4mbed.o
 .text.__wrap_malloc
                0x00001184       0x1c LPC1768/gcc4mbed.o
                0x00001184                __wrap_malloc
 .text.__wrap_free
                0x000011a0       0x18 LPC1768/gcc4mbed.o
                0x000011a0                __wrap_free
 .text.__wrap_semihost_connected
                0x000011b8        0x8 LPC1768/gcc4mbed.o
                0x000011b8                __wrap_semihost_connected
 .text.abort    0x000011c0        0xc LPC1768/gcc4mbed.o
                0x000011c0                abort
 .text.__cxa_pure_virtual
                0x000011cc        0x8 LPC1768/gcc4mbed.o
                0x000011cc                __cxa_pure_virtual
 .text.__mriInit
                0x000011d4       0x4c ../../mri/mri.ar(mri.o)
                0x000011d4                __mriInit
 .text.__mriCore_InitBuffer
                0x00001220       0x20 ../../mri/mri.ar(mri.o)
                0x00001220                __mriCore_InitBuffer
 .text.__mriCore_PrepareStringResponse
                0x00001240       0x18 ../../mri/mri.ar(mri.o)
                0x00001240                __mriCore_PrepareStringResponse
 .text.__mriCore_WasControlCFlagSentFromGdb
                0x00001258       0x10 ../../mri/mri.ar(mri.o)
                0x00001258                __mriCore_WasControlCFlagSentFromGdb
 .text.__mriCore_IsWaitingForGdbToConnect
                0x00001268       0x1c ../../mri/mri.ar(mri.o)
                0x00001268                __mriCore_IsWaitingForGdbToConnect
 .text.__mriCore_RecordControlCFlagSentFromGdb
                0x00001284       0x18 ../../mri/mri.ar(mri.o)
                0x00001284                __mriCore_RecordControlCFlagSentFromGdb
 .text.__mriCore_WasSemihostCallCancelledByGdb
                0x0000129c       0x10 ../../mri/mri.ar(mri.o)
                0x0000129c                __mriCore_WasSemihostCallCancelledByGdb
 .text.__mriCore_FlagSemihostCallAsHandled
                0x000012ac       0x18 ../../mri/mri.ar(mri.o)
                0x000012ac                __mriCore_FlagSemihostCallAsHandled
 .text.__mriCore_IsFirstException
                0x000012c4       0x10 ../../mri/mri.ar(mri.o)
                0x000012c4                __mriCore_IsFirstException
 .text.__mriCore_SetSignalValue
                0x000012d4        0xc ../../mri/mri.ar(mri.o)
                0x000012d4                __mriCore_SetSignalValue
 .text.__mriCore_GetSignalValue
                0x000012e0        0xc ../../mri/mri.ar(mri.o)
                0x000012e0                __mriCore_GetSignalValue
 .text.__mriCore_SetSemihostReturnValues
                0x000012ec        0xc ../../mri/mri.ar(mri.o)
                0x000012ec                __mriCore_SetSemihostReturnValues
 .text.__mriCore_GetSemihostReturnCode
                0x000012f8        0xc ../../mri/mri.ar(mri.o)
                0x000012f8                __mriCore_GetSemihostReturnCode
 .text.__mriCore_GetBuffer
                0x00001304        0x8 ../../mri/mri.ar(mri.o)
                0x00001304                __mriCore_GetBuffer
 .text.__mriCore_GetInitializedBuffer
                0x0000130c       0x10 ../../mri/mri.ar(mri.o)
                0x0000130c                __mriCore_GetInitializedBuffer
 .text.__mriCore_SendPacketToGdb
                0x0000131c       0x38 ../../mri/mri.ar(mri.o)
                0x0000131c                __mriCore_SendPacketToGdb
 .text.__mriCore_GdbCommandHandlingLoop
                0x00001354       0x60 ../../mri/mri.ar(mri.o)
                0x00001354                __mriCore_GdbCommandHandlingLoop
 .text.__mriDebugException
                0x000013b4       0xa0 ../../mri/mri.ar(mri.o)
                0x000013b4                __mriDebugException
 .text.HexCharToNibble
                0x00001454       0x38 ../../mri/mri.ar(packet.o)
 .text.__mriPacket_GetFromGDB
                0x0000148c       0xc8 ../../mri/mri.ar(packet.o)
                0x0000148c                __mriPacket_GetFromGDB
 .text.__mriPacket_SendToGDB
                0x00001554       0x74 ../../mri/mri.ar(packet.o)
                0x00001554                __mriPacket_SendToGDB
 .text.__mriToken_Init
                0x000015c8       0x20 ../../mri/mri.ar(token.o)
                0x000015c8                __mriToken_Init
 .text.__mriToken_SplitString
                0x000015e8       0xc0 ../../mri/mri.ar(token.o)
                0x000015e8                __mriToken_SplitString
 .text.__mriToken_MatchingString
                0x000016a8       0x2a ../../mri/mri.ar(token.o)
                0x000016a8                __mriToken_MatchingString
 .text.__mriToken_MatchingStringPrefix
                0x000016d2       0x2c ../../mri/mri.ar(token.o)
                0x000016d2                __mriToken_MatchingStringPrefix
 .text.__mriSemihost_IsDebuggeeMakingSemihostCall
                0x000016fe       0x14 ../../mri/mri.ar(semihost.o)
                0x000016fe                __mriSemihost_IsDebuggeeMakingSemihostCall
 .text.__mriSemihost_HandleSemihostRequest
                0x00001712       0x2c ../../mri/mri.ar(semihost.o)
                0x00001712                __mriSemihost_HandleSemihostRequest
 *fill*         0x0000173e        0x2 
 .text.__mriSemihost_HandleNewlibSemihostRequest
                0x00001740      0x120 ../../mri/mri.ar(semihost_newlib.o)
                0x00001740                __mriSemihost_HandleNewlibSemihostRequest
 .text          0x00001860       0x24 ../../mri/mri.ar(newlib_asm.o)
                0x00001860                __mriNewlib_SemihostWrite
                0x00001864                __mriNewlib_SemihostRead
                0x00001868                __mriNewLib_SemihostOpen
                0x0000186c                __mriNewLib_SemihostRename
                0x00001870                __mriNewLib_SemihostUnlink
                0x00001874                __mriNewLib_SemihostStat
                0x00001878                __mriNewlib_SemihostLSeek
                0x0000187c                __mriNewlib_SemihostClose
                0x00001880                __mriNewlib_SemihostFStat
 .text.convertBytesTransferredToBytesNotTransferred
                0x00001884       0x1a ../../mri/mri.ar(semihost_mbed.o)
 .text.__mriSemihost_HandleMbedSemihostRequest
                0x0000189e      0x132 ../../mri/mri.ar(semihost_mbed.o)
                0x0000189e                __mriSemihost_HandleMbedSemihostRequest
 .text.findDWTComparator
                0x000019d0       0x54 ../../mri/mri.ar(armv7-m.o)
 .text.getFPBCodeComparatorCount
                0x00001a24       0x18 ../../mri/mri.ar(armv7-m.o)
 .text.prepareToAccessMPURegion
                0x00001a3c       0x18 ../../mri/mri.ar(armv7-m.o)
 .text.displayMemFaultCauseToGdbConsole
                0x00001a54       0xa4 ../../mri/mri.ar(armv7-m.o)
 .text.displayBusFaultCauseToGdbConsole
                0x00001af8       0xb4 ../../mri/mri.ar(armv7-m.o)
 .text.displayUsageFaultCauseToGdbConsole
                0x00001bac       0x84 ../../mri/mri.ar(armv7-m.o)
 .text.sendRegisterForTResponse
                0x00001c30       0x30 ../../mri/mri.ar(armv7-m.o)
 .text.calculateFPBComparatorValue
                0x00001c60       0x38 ../../mri/mri.ar(armv7-m.o)
 .text.findFPBBreakpointComparator
                0x00001c98       0x38 ../../mri/mri.ar(armv7-m.o)
 .text.isMPUNotPresent
                0x00001cd0       0x18 ../../mri/mri.ar(armv7-m.o)
 .text.disableMPU
                0x00001ce8       0x20 ../../mri/mri.ar(armv7-m.o)
 .text.__mriPlatform_DisableSingleStep
                0x00001d08       0x24 ../../mri/mri.ar(armv7-m.o)
                0x00001d08                __mriPlatform_DisableSingleStep
 .text.__mriCortexMInit
                0x00001d2c       0xb4 ../../mri/mri.ar(armv7-m.o)
                0x00001d2c                __mriCortexMInit
 .text.__mriPlatform_IsSingleStepping
                0x00001de0       0x10 ../../mri/mri.ar(armv7-m.o)
                0x00001de0                __mriPlatform_IsSingleStepping
 .text.__mriPlatform_GetPacketBuffer
                0x00001df0        0x8 ../../mri/mri.ar(armv7-m.o)
                0x00001df0                __mriPlatform_GetPacketBuffer
 .text.__mriPlatform_GetPacketBufferSize
                0x00001df8        0x4 ../../mri/mri.ar(armv7-m.o)
                0x00001df8                __mriPlatform_GetPacketBufferSize
 .text.__mriPlatform_DetermineCauseOfException
                0x00001dfc       0x7c ../../mri/mri.ar(armv7-m.o)
                0x00001dfc                __mriPlatform_DetermineCauseOfException
 .text.__mriPlatform_DisplayFaultCauseToGdbConsole
                0x00001e78       0x8c ../../mri/mri.ar(armv7-m.o)
                0x00001e78                __mriPlatform_DisplayFaultCauseToGdbConsole
 .text.__mriPlatform_LeavingDebugger
                0x00001f04       0x94 ../../mri/mri.ar(armv7-m.o)
                0x00001f04                __mriPlatform_LeavingDebugger
 .text.__mriPlatform_GetProgramCounter
                0x00001f98        0xc ../../mri/mri.ar(armv7-m.o)
                0x00001f98                __mriPlatform_GetProgramCounter
 .text.__mriPlatform_SetProgramCounter
                0x00001fa4        0xc ../../mri/mri.ar(armv7-m.o)
                0x00001fa4                __mriPlatform_SetProgramCounter
 .text.__mriPlatform_WasProgramCounterModifiedByUser
                0x00001fb0       0x18 ../../mri/mri.ar(armv7-m.o)
                0x00001fb0                __mriPlatform_WasProgramCounterModifiedByUser
 .text.__mriPlatform_GetSemihostCallParameters
                0x00001fc8       0x24 ../../mri/mri.ar(armv7-m.o)
                0x00001fc8                __mriPlatform_GetSemihostCallParameters
 .text.__mriPlatform_SetSemihostCallReturnAndErrnoValues
                0x00001fec       0x18 ../../mri/mri.ar(armv7-m.o)
                0x00001fec                __mriPlatform_SetSemihostCallReturnAndErrnoValues
 .text.__mriPlatform_WasMemoryFaultEncountered
                0x00002004       0x20 ../../mri/mri.ar(armv7-m.o)
                0x00002004                __mriPlatform_WasMemoryFaultEncountered
 .text.throwingMemRead16
                0x00002024       0x28 ../../mri/mri.ar(armv7-m.o)
 .text.getFirstHalfWordOfCurrentInstruction
                0x0000204c       0x10 ../../mri/mri.ar(armv7-m.o)
 .text.__mriPlatform_AdvanceProgramCounterToNextInstruction
                0x0000205c       0x48 ../../mri/mri.ar(armv7-m.o)
                0x0000205c                __mriPlatform_AdvanceProgramCounterToNextInstruction
 .text.__mriPlatform_TypeOfCurrentInstruction
                0x000020a4       0x40 ../../mri/mri.ar(armv7-m.o)
                0x000020a4                __mriPlatform_TypeOfCurrentInstruction
 .text.__mriPlatform_WriteTResponseRegistersToBuffer
                0x000020e4       0x3c ../../mri/mri.ar(armv7-m.o)
                0x000020e4                __mriPlatform_WriteTResponseRegistersToBuffer
 .text.__mriPlatform_CopyContextToBuffer
                0x00002120       0x20 ../../mri/mri.ar(armv7-m.o)
                0x00002120                __mriPlatform_CopyContextToBuffer
 .text.__mriPlatform_CopyContextFromBuffer
                0x00002140       0x20 ../../mri/mri.ar(armv7-m.o)
                0x00002140                __mriPlatform_CopyContextFromBuffer
 .text.__mriPlatform_SetHardwareBreakpoint
                0x00002160       0x6c ../../mri/mri.ar(armv7-m.o)
                0x00002160                __mriPlatform_SetHardwareBreakpoint
 .text.__mriPlatform_EnableSingleStep
                0x000021cc       0xd8 ../../mri/mri.ar(armv7-m.o)
                0x000021cc                __mriPlatform_EnableSingleStep
 .text.__mriPlatform_ClearHardwareBreakpoint
                0x000022a4       0x38 ../../mri/mri.ar(armv7-m.o)
                0x000022a4                __mriPlatform_ClearHardwareBreakpoint
 .text.__mriPlatform_EnteringDebugger
                0x000022dc      0x100 ../../mri/mri.ar(armv7-m.o)
                0x000022dc                __mriPlatform_EnteringDebugger
 .text.__mriPlatform_SetHardwareWatchpoint
                0x000023dc       0x94 ../../mri/mri.ar(armv7-m.o)
                0x000023dc                __mriPlatform_SetHardwareWatchpoint
 .text.__mriPlatform_ClearHardwareWatchpoint
                0x00002470       0x54 ../../mri/mri.ar(armv7-m.o)
                0x00002470                __mriPlatform_ClearHardwareWatchpoint
 .text.__mriPlatform_GetTargetXmlSize
                0x000024c4        0x6 ../../mri/mri.ar(armv7-m.o)
                0x000024c4                __mriPlatform_GetTargetXmlSize
 *fill*         0x000024ca        0x2 
 .text.__mriPlatform_GetTargetXml
                0x000024cc        0x8 ../../mri/mri.ar(armv7-m.o)
                0x000024cc                __mriPlatform_GetTargetXml
 .text          0x000024d4      0x188 ../../mri/mri.ar(armv7-m_asm.o)
                0x000024d4                __mriARMv7MAsmInit
                0x0000260a                HardFault_Handler
                0x0000260e                MemManage_Handler
                0x00002612                BusFault_Handler
                0x00002616                UsageFault_Handler
                0x0000261a                DebugMon_Handler
                0x0000261e                UART0_IRQHandler
                0x00002622                UART1_IRQHandler
                0x00002626                UART2_IRQHandler
                0x0000262a                UART3_IRQHandler
 .text.__mriPlatform_MemRead32
                0x0000265c        0x4 ../../mri/mri.ar(native-mem.o)
                0x0000265c                __mriPlatform_MemRead32
 .text.__mriPlatform_MemRead16
                0x00002660        0x6 ../../mri/mri.ar(native-mem.o)
                0x00002660                __mriPlatform_MemRead16
 .text.__mriPlatform_MemRead8
                0x00002666        0x4 ../../mri/mri.ar(native-mem.o)
                0x00002666                __mriPlatform_MemRead8
 .text.__mriPlatform_MemWrite32
                0x0000266a        0x4 ../../mri/mri.ar(native-mem.o)
                0x0000266a                __mriPlatform_MemWrite32
 .text.__mriPlatform_MemWrite16
                0x0000266e        0x4 ../../mri/mri.ar(native-mem.o)
                0x0000266e                __mriPlatform_MemWrite16
 .text.__mriPlatform_MemWrite8
                0x00002672        0x4 ../../mri/mri.ar(native-mem.o)
                0x00002672                __mriPlatform_MemWrite8
 *fill*         0x00002676        0x2 
 .text.__mriPlatform_CommUartIndex
                0x00002678       0x1c ../../mri/mri.ar(lpc176x_uart.o)
                0x00002678                __mriPlatform_CommUartIndex
 .text.__mriPlatform_CommHasReceiveData
                0x00002694       0x14 ../../mri/mri.ar(lpc176x_uart.o)
                0x00002694                __mriPlatform_CommHasReceiveData
 .text.__mriPlatform_CommReceiveChar
                0x000026a8       0x18 ../../mri/mri.ar(lpc176x_uart.o)
                0x000026a8                __mriPlatform_CommReceiveChar
 .text.__mriPlatform_CommSendChar
                0x000026c0       0x18 ../../mri/mri.ar(lpc176x_uart.o)
                0x000026c0                __mriPlatform_CommSendChar
 .text.__mriPlatform_CommCausedInterrupt
                0x000026d8       0x16 ../../mri/mri.ar(lpc176x_uart.o)
                0x000026d8                __mriPlatform_CommCausedInterrupt
 *fill*         0x000026ee        0x2 
 .text.__mriPlatform_CommClearInterrupt
                0x000026f0       0x10 ../../mri/mri.ar(lpc176x_uart.o)
                0x000026f0                __mriPlatform_CommClearInterrupt
 .text.__mriPlatform_CommSharingWithApplication
                0x00002700       0x10 ../../mri/mri.ar(lpc176x_uart.o)
                0x00002700                __mriPlatform_CommSharingWithApplication
 .text.__mriPlatform_CommShouldWaitForGdbConnect
                0x00002710       0x18 ../../mri/mri.ar(lpc176x_uart.o)
                0x00002710                __mriPlatform_CommShouldWaitForGdbConnect
 .text.__mriPlatform_CommIsWaitingForGdbToConnect
                0x00002728       0x1c ../../mri/mri.ar(lpc176x_uart.o)
                0x00002728                __mriPlatform_CommIsWaitingForGdbToConnect
 .text.__mriPlatform_CommPrepareToWaitForGdbConnection
                0x00002744       0x18 ../../mri/mri.ar(lpc176x_uart.o)
                0x00002744                __mriPlatform_CommPrepareToWaitForGdbConnection
 .text.__mriLpc176xUart_Init
                0x0000275c      0x2b0 ../../mri/mri.ar(lpc176x_uart.o)
                0x0000275c                __mriLpc176xUart_Init
 .text.__mriPlatform_CommWaitForReceiveDataToStop
                0x00002a0c       0x54 ../../mri/mri.ar(lpc176x_uart.o)
                0x00002a0c                __mriPlatform_CommWaitForReceiveDataToStop
 .text.__mriPlatform_Init
                0x00002a60       0x90 ../../mri/mri.ar(mbed1768.o)
                0x00002a60                __mriPlatform_Init
 .text.__mriMbed1768_GetMbedUid
                0x00002af0        0x8 ../../mri/mri.ar(mbed1768.o)
                0x00002af0                __mriMbed1768_GetMbedUid
 .text          0x00002af8       0x2c ../../mri/mri.ar(mbed1768_asm.o)
                0x00002af8                __mriDisableMbed
                0x00002b10                __mriGetMbedUid
 .text.HexCharToNibble
                0x00002b24       0x38 ../../mri/mri.ar(buffer.o)
 .text.__mriBuffer_Init
                0x00002b5c        0xa ../../mri/mri.ar(buffer.o)
                0x00002b5c                __mriBuffer_Init
 .text.__mriBuffer_Reset
                0x00002b66        0x6 ../../mri/mri.ar(buffer.o)
                0x00002b66                __mriBuffer_Reset
 .text.__mriBuffer_SetEndOfBuffer
                0x00002b6c        0xc ../../mri/mri.ar(buffer.o)
                0x00002b6c                __mriBuffer_SetEndOfBuffer
 .text.__mriBuffer_BytesLeft
                0x00002b78       0x10 ../../mri/mri.ar(buffer.o)
                0x00002b78                __mriBuffer_BytesLeft
 .text.throwExceptionAndFlagBufferOverrunIfBufferLeftIsSmallerThan
                0x00002b88       0x28 ../../mri/mri.ar(buffer.o)
 .text.__mriBuffer_OverrunDetected
                0x00002bb0        0xe ../../mri/mri.ar(buffer.o)
                0x00002bb0                __mriBuffer_OverrunDetected
 *fill*         0x00002bbe        0x2 
 .text.__mriBuffer_WriteChar
                0x00002bc0       0x24 ../../mri/mri.ar(buffer.o)
                0x00002bc0                __mriBuffer_WriteChar
 .text.__mriBuffer_ReadChar
                0x00002be4       0x28 ../../mri/mri.ar(buffer.o)
                0x00002be4                __mriBuffer_ReadChar
 .text.__mriBuffer_WriteByteAsHex
                0x00002c0c       0x3c ../../mri/mri.ar(buffer.o)
                0x00002c0c                __mriBuffer_WriteByteAsHex
 .text.__mriBuffer_ReadByteAsHex
                0x00002c48       0x48 ../../mri/mri.ar(buffer.o)
                0x00002c48                __mriBuffer_ReadByteAsHex
 .text.__mriBuffer_WriteSizedString
                0x00002c90       0x34 ../../mri/mri.ar(buffer.o)
                0x00002c90                __mriBuffer_WriteSizedString
 .text.__mriBuffer_WriteString
                0x00002cc4       0x1a ../../mri/mri.ar(buffer.o)
                0x00002cc4                __mriBuffer_WriteString
 *fill*         0x00002cde        0x2 
 .text.__mriBuffer_ReadUIntegerAsHex
                0x00002ce0       0x68 ../../mri/mri.ar(buffer.o)
                0x00002ce0                __mriBuffer_ReadUIntegerAsHex
 .text.__mriBuffer_WriteUIntegerAsHex
                0x00002d48       0x58 ../../mri/mri.ar(buffer.o)
                0x00002d48                __mriBuffer_WriteUIntegerAsHex
 .text.__mriBuffer_WriteIntegerAsHex
                0x00002da0       0x30 ../../mri/mri.ar(buffer.o)
                0x00002da0                __mriBuffer_WriteIntegerAsHex
 .text.__mriBuffer_IsNextCharEqualTo
                0x00002dd0       0x34 ../../mri/mri.ar(buffer.o)
                0x00002dd0                __mriBuffer_IsNextCharEqualTo
 .text.__mriBuffer_ReadIntegerAsHex
                0x00002e04       0x50 ../../mri/mri.ar(buffer.o)
                0x00002e04                __mriBuffer_ReadIntegerAsHex
 .text.__mriBuffer_MatchesString
                0x00002e54       0x60 ../../mri/mri.ar(buffer.o)
                0x00002e54                __mriBuffer_MatchesString
 .text.handleBreakpointWatchpointException
                0x00002eb4       0x1c ../../mri/mri.ar(cmd_break_watch.o)
 .text.parseBreakpointWatchpointCommandArguments
                0x00002ed0       0x4c ../../mri/mri.ar(cmd_break_watch.o)
 .text.handleWatchpointSetCommand
                0x00002f1c       0x30 ../../mri/mri.ar(cmd_break_watch.o)
 .text.handleWatchpointRemoveCommand
                0x00002f4c       0x30 ../../mri/mri.ar(cmd_break_watch.o)
 .text.__mriCmd_HandleBreakpointWatchpointSetCommand
                0x00002f7c       0x6c ../../mri/mri.ar(cmd_break_watch.o)
                0x00002f7c                __mriCmd_HandleBreakpointWatchpointSetCommand
 .text.__mriCmd_HandleBreakpointWatchpointRemoveCommand
                0x00002fe8       0x6c ../../mri/mri.ar(cmd_break_watch.o)
                0x00002fe8                __mriCmd_HandleBreakpointWatchpointRemoveCommand
 .text.__mriCmd_ReadUIntegerArgument
                0x00003054       0x1c ../../mri/mri.ar(cmd_common.o)
                0x00003054                __mriCmd_ReadUIntegerArgument
 .text.__mriCmd_ThrowIfNextCharIsNotEqualTo
                0x00003070       0x1c ../../mri/mri.ar(cmd_common.o)
                0x00003070                __mriCmd_ThrowIfNextCharIsNotEqualTo
 .text.__mriCmd_ReadAddressAndLengthArguments
                0x0000308c       0x30 ../../mri/mri.ar(cmd_common.o)
                0x0000308c                __mriCmd_ReadAddressAndLengthArguments
 .text.__mriCmd_ReadAddressAndLengthArgumentsWithColon
                0x000030bc       0x24 ../../mri/mri.ar(cmd_common.o)
                0x000030bc                __mriCmd_ReadAddressAndLengthArgumentsWithColon
 .text.__mriCmd_HandleContinueCommand
                0x000030e0       0x48 ../../mri/mri.ar(cmd_continue.o)
                0x000030e0                __mriCmd_HandleContinueCommand
 .text.processGdbFileResponseCommands
                0x00003128       0x28 ../../mri/mri.ar(cmd_file.o)
 .text.__mriIssueGdbFileOpenRequest
                0x00003150       0x58 ../../mri/mri.ar(cmd_file.o)
                0x00003150                __mriIssueGdbFileOpenRequest
 .text.__mriIssueGdbFileWriteRequest
                0x000031a8       0x48 ../../mri/mri.ar(cmd_file.o)
                0x000031a8                __mriIssueGdbFileWriteRequest
 .text.__mriIssueGdbFileReadRequest
                0x000031f0       0x48 ../../mri/mri.ar(cmd_file.o)
                0x000031f0                __mriIssueGdbFileReadRequest
 .text.__mriIssueGdbFileCloseRequest
                0x00003238       0x28 ../../mri/mri.ar(cmd_file.o)
                0x00003238                __mriIssueGdbFileCloseRequest
 .text.__mriIssueGdbFileSeekRequest
                0x00003260       0x48 ../../mri/mri.ar(cmd_file.o)
                0x00003260                __mriIssueGdbFileSeekRequest
 .text.__mriIssueGdbFileFStatRequest
                0x000032a8       0x3c ../../mri/mri.ar(cmd_file.o)
                0x000032a8                __mriIssueGdbFileFStatRequest
 .text.__mriIssueGdbFileUnlinkRequest
                0x000032e4       0x38 ../../mri/mri.ar(cmd_file.o)
                0x000032e4                __mriIssueGdbFileUnlinkRequest
 .text.__mriIssueGdbFileStatRequest
                0x0000331c       0x48 ../../mri/mri.ar(cmd_file.o)
                0x0000331c                __mriIssueGdbFileStatRequest
 .text.__mriIssueGdbFileRenameRequest
                0x00003364       0x58 ../../mri/mri.ar(cmd_file.o)
                0x00003364                __mriIssueGdbFileRenameRequest
 .text.__mriHandleFileIOCommand
                0x000033bc       0x54 ../../mri/mri.ar(cmd_file.o)
                0x000033bc                __mriHandleFileIOCommand
 .text.__mriCmd_HandleMemoryReadCommand
                0x00003410       0x3c ../../mri/mri.ar(cmd_memory.o)
                0x00003410                __mriCmd_HandleMemoryReadCommand
 .text.__mriCmd_HandleMemoryWriteCommand
                0x0000344c       0x58 ../../mri/mri.ar(cmd_memory.o)
                0x0000344c                __mriCmd_HandleMemoryWriteCommand
 .text.__mriCmd_HandleBinaryMemoryWriteCommand
                0x000034a4       0x58 ../../mri/mri.ar(cmd_memory.o)
                0x000034a4                __mriCmd_HandleBinaryMemoryWriteCommand
 .text.handleQueryTransferReadCommand
                0x000034fc       0x58 ../../mri/mri.ar(cmd_query.o)
 .text.readQueryTransferReadArguments
                0x00003554       0xa0 ../../mri/mri.ar(cmd_query.o)
 .text.__mriCmd_HandleQueryCommand
                0x000035f4      0x100 ../../mri/mri.ar(cmd_query.o)
                0x000035f4                __mriCmd_HandleQueryCommand
 .text.__mriCmd_Send_T_StopResponse
                0x000036f4       0x28 ../../mri/mri.ar(cmd_registers.o)
                0x000036f4                __mriCmd_Send_T_StopResponse
 .text.__mriCmd_HandleRegisterReadCommand
                0x0000371c        0xe ../../mri/mri.ar(cmd_registers.o)
                0x0000371c                __mriCmd_HandleRegisterReadCommand
 *fill*         0x0000372a        0x2 
 .text.__mriCmd_HandleRegisterWriteCommand
                0x0000372c       0x2c ../../mri/mri.ar(cmd_registers.o)
                0x0000372c                __mriCmd_HandleRegisterWriteCommand
 .text.__mriCmd_HandleSingleStepCommand
                0x00003758       0x1a ../../mri/mri.ar(cmd_step.o)
                0x00003758                __mriCmd_HandleSingleStepCommand
 .text.__mriGdbConsole_WriteString
                0x00003772       0x4a ../../mri/mri.ar(gdb_console.o)
                0x00003772                __mriGdbConsole_WriteString
 .text.__mriGdbConsole_WriteHexValue
                0x000037bc       0x38 ../../mri/mri.ar(gdb_console.o)
                0x000037bc                __mriGdbConsole_WriteHexValue
 .text.readMemoryBytesIntoHexBuffer
                0x000037f4       0x2e ../../mri/mri.ar(memory.o)
 *fill*         0x00003822        0x2 
 .text.writeHexBufferToByteMemory
                0x00003824       0x40 ../../mri/mri.ar(memory.o)
 .text.writeBinaryBufferToByteMemory
                0x00003864       0x64 ../../mri/mri.ar(memory.o)
 .text.readBytesFromBinaryBuffer
                0x000038c8       0x54 ../../mri/mri.ar(memory.o)
 .text.__mriMem_ReadMemoryIntoHexBuffer
                0x0000391c       0x74 ../../mri/mri.ar(memory.o)
                0x0000391c                __mriMem_ReadMemoryIntoHexBuffer
 .text.__mriMem_WriteHexBufferToMemory
                0x00003990       0x98 ../../mri/mri.ar(memory.o)
                0x00003990                __mriMem_WriteHexBufferToMemory
 .text.__mriMem_WriteBinaryBufferToMemory
                0x00003a28       0x50 ../../mri/mri.ar(memory.o)
                0x00003a28                __mriMem_WriteBinaryBufferToMemory
 .text.__mriLpc176x_Init
                0x00003a78       0x38 ../../mri/mri.ar(lpc176x.o)
                0x00003a78                __mriLpc176x_Init
 .text.__mriPlatform_GetDeviceMemoryMapXmlSize
                0x00003ab0        0x6 ../../mri/mri.ar(lpc176x.o)
                0x00003ab0                __mriPlatform_GetDeviceMemoryMapXmlSize
 *fill*         0x00003ab6        0x2 
 .text.__mriPlatform_GetDeviceMemoryMapXml
                0x00003ab8        0x8 ../../mri/mri.ar(lpc176x.o)
                0x00003ab8                __mriPlatform_GetDeviceMemoryMapXml
 .text.div_round_up
                0x00003ac0       0x1c ../../external/mbed/Debug/NXP_LPC17XX/mbed.a(analogin_api.o)
 .text.analogin_init
                0x00003adc       0xa4 ../../external/mbed/Debug/NXP_LPC17XX/mbed.a(analogin_api.o)
                0x00003adc                analogin_init
 .text.adc_read
                0x00003b80       0x5c ../../external/mbed/Debug/NXP_LPC17XX/mbed.a(analogin_api.o)
 .text.order    0x00003bdc       0x2c ../../external/mbed/Debug/NXP_LPC17XX/mbed.a(analogin_api.o)
 .text.adc_read_u32
                0x00003c08       0x58 ../../external/mbed/Debug/NXP_LPC17XX/mbed.a(analogin_api.o)
 .text.analogin_read
                0x00003c60       0x2c ../../external/mbed/Debug/NXP_LPC17XX/mbed.a(analogin_api.o)
                0x00003c60                analogin_read
 .text.analogout_init
                0x00003c8c       0x58 ../../external/mbed/Debug/NXP_LPC17XX/mbed.a(analogout_api.o)
                0x00003c8c                analogout_init
 .text.dac_write
                0x00003ce4       0x1c ../../external/mbed/Debug/NXP_LPC17XX/mbed.a(analogout_api.o)
 .text.analogout_write
                0x00003d00       0x5c ../../external/mbed/Debug/NXP_LPC17XX/mbed.a(analogout_api.o)
                0x00003d00                analogout_write
 .text.analogout_write_u16
                0x00003d5c       0x20 ../../external/mbed/Debug/NXP_LPC17XX/mbed.a(analogout_api.o)
                0x00003d5c                analogout_write_u16
 .text.SystemInit
                0x00003d7c       0xe8 ../../external/mbed/Debug/NXP_LPC17XX/mbed.a(system_LPC17xx.o)
                0x00003d7c                SystemInit
 .text.error    0x00003e64       0x24 ../../external/mbed/Debug/NXP_LPC17XX/mbed.a(error.o)
                0x00003e64                error
 .text.exit     0x00003e88       0x3c ../../external/mbed/Debug/NXP_LPC17XX/mbed.a(exit.o)
                0x00003e88                exit
 .text.gpio_write
                0x00003ec4       0x28 ../../external/mbed/Debug/NXP_LPC17XX/mbed.a(gpio.o)
 .text._gpio_init_in
                0x00003eec       0x38 ../../external/mbed/Debug/NXP_LPC17XX/mbed.a(gpio.o)
 .text._gpio_init_out
                0x00003f24       0x44 ../../external/mbed/Debug/NXP_LPC17XX/mbed.a(gpio.o)
 .text.gpio_init_in
                0x00003f68       0x18 ../../external/mbed/Debug/NXP_LPC17XX/mbed.a(gpio.o)
                0x00003f68                gpio_init_in
 .text.gpio_init_in_ex
                0x00003f80       0x24 ../../external/mbed/Debug/NXP_LPC17XX/mbed.a(gpio.o)
                0x00003f80                gpio_init_in_ex
 .text.gpio_init_out
                0x00003fa4       0x18 ../../external/mbed/Debug/NXP_LPC17XX/mbed.a(gpio.o)
                0x00003fa4                gpio_init_out
 .text.gpio_init_out_ex
                0x00003fbc       0x1c ../../external/mbed/Debug/NXP_LPC17XX/mbed.a(gpio.o)
                0x00003fbc                gpio_init_out_ex
 .text.mbed_interface_connected
                0x00003fd8        0xc ../../external/mbed/Debug/NXP_LPC17XX/mbed.a(mbed_interface.o)
                0x00003fd8                mbed_interface_connected
 .text.pinmap_pinout
                0x00003fe4       0x54 ../../external/mbed/Debug/NXP_LPC17XX/mbed.a(pinmap_common.o)
                0x00003fe4                pinmap_pinout
 .text.pinmap_merge
                0x00004038       0x44 ../../external/mbed/Debug/NXP_LPC17XX/mbed.a(pinmap_common.o)
                0x00004038                pinmap_merge
 .text.pinmap_find_peripheral
                0x0000407c       0x34 ../../external/mbed/Debug/NXP_LPC17XX/mbed.a(pinmap_common.o)
                0x0000407c                pinmap_find_peripheral
 .text.pinmap_peripheral
                0x000040b0       0x44 ../../external/mbed/Debug/NXP_LPC17XX/mbed.a(pinmap_common.o)
                0x000040b0                pinmap_peripheral
 .text.__semihost
                0x000040f4       0x20 ../../external/mbed/Debug/NXP_LPC17XX/mbed.a(semihost_api.o)
 .text.semihost_exit
                0x00004114       0x18 ../../external/mbed/Debug/NXP_LPC17XX/mbed.a(semihost_api.o)
                0x00004114                semihost_exit
 .text.wait     0x0000412c       0x28 ../../external/mbed/Debug/NXP_LPC17XX/mbed.a(wait_api.o)
                0x0000412c                wait
 .text.wait_ms  0x00004154       0x1c ../../external/mbed/Debug/NXP_LPC17XX/mbed.a(wait_api.o)
                0x00004154                wait_ms
 .text.wait_us  0x00004170       0x24 ../../external/mbed/Debug/NXP_LPC17XX/mbed.a(wait_api.o)
                0x00004170                wait_us
 .text._ZN4mbed15FunctionPointerC2EPFvvE
                0x00004194       0x2c ../../external/mbed/Debug/NXP_LPC17XX/mbed.a(FunctionPointer.o)
                0x00004194                mbed::FunctionPointer::FunctionPointer(void (*)())
                0x00004194                mbed::FunctionPointer::FunctionPointer(void (*)())
 .text._ZN4mbed15FunctionPointer6attachEPFvvE
                0x000041c0       0x18 ../../external/mbed/Debug/NXP_LPC17XX/mbed.a(FunctionPointer.o)
                0x000041c0                mbed::FunctionPointer::attach(void (*)())
 .text._ZN4mbed15FunctionPointer4callEv
                0x000041d8       0x38 ../../external/mbed/Debug/NXP_LPC17XX/mbed.a(FunctionPointer.o)
                0x000041d8                mbed::FunctionPointer::call()
 .text._ZN4mbed11InterruptInC2E7PinName
                0x00004210       0x8c ../../external/mbed/Debug/NXP_LPC17XX/mbed.a(InterruptIn.o)
                0x00004210                mbed::InterruptIn::InterruptIn(PinName)
                0x00004210                mbed::InterruptIn::InterruptIn(PinName)
 .text._ZN4mbed11InterruptInD2Ev
                0x0000429c       0x30 ../../external/mbed/Debug/NXP_LPC17XX/mbed.a(InterruptIn.o)
                0x0000429c                mbed::InterruptIn::~InterruptIn()
                0x0000429c                mbed::InterruptIn::~InterruptIn()
 .text._ZN4mbed11InterruptInD0Ev
                0x000042cc       0x1c ../../external/mbed/Debug/NXP_LPC17XX/mbed.a(InterruptIn.o)
                0x000042cc                mbed::InterruptIn::~InterruptIn()
 .text._ZN4mbed11InterruptIn4riseEPFvvE
                0x000042e8       0x40 ../../external/mbed/Debug/NXP_LPC17XX/mbed.a(InterruptIn.o)
                0x000042e8                mbed::InterruptIn::rise(void (*)())
 .text._ZN4mbed11InterruptIn4fallEPFvvE
                0x00004328       0x40 ../../external/mbed/Debug/NXP_LPC17XX/mbed.a(InterruptIn.o)
                0x00004328                mbed::InterruptIn::fall(void (*)())
 .text._ZN4mbed11InterruptIn12_irq_handlerEm14gpio_irq_event
                0x00004368       0x40 ../../external/mbed/Debug/NXP_LPC17XX/mbed.a(InterruptIn.o)
                0x00004368                mbed::InterruptIn::_irq_handler(unsigned long, gpio_irq_event)
 .text._ZN4mbed10FileHandle4flenEv
                0x000043a8       0x54 ../../external/mbed/Debug/NXP_LPC17XX/mbed.a(retarget.o)
                0x000043a8                mbed::FileHandle::flen()
 .text._ZN4mbed10FileHandleD2Ev
                0x000043fc       0x58 ../../external/mbed/Debug/NXP_LPC17XX/mbed.a(retarget.o)
                0x000043fc                mbed::FileHandle::~FileHandle()
                0x000043fc                mbed::FileHandle::~FileHandle()
 .text._ZN4mbed10FileHandleD0Ev
                0x00004454       0x1c ../../external/mbed/Debug/NXP_LPC17XX/mbed.a(retarget.o)
                0x00004454                mbed::FileHandle::~FileHandle()
 .text._ZL11init_serialv
                0x00004470       0x28 ../../external/mbed/Debug/NXP_LPC17XX/mbed.a(retarget.o)
 .text._ZL17openmode_to_posixi
                0x00004498       0x10 ../../external/mbed/Debug/NXP_LPC17XX/mbed.a(retarget.o)
 .text._open    0x000044a8      0x140 ../../external/mbed/Debug/NXP_LPC17XX/mbed.a(retarget.o)
                0x000044a8                _open
 .text._close   0x000045e8       0x50 ../../external/mbed/Debug/NXP_LPC17XX/mbed.a(retarget.o)
                0x000045e8                _close
 .text._write   0x00004638       0x88 ../../external/mbed/Debug/NXP_LPC17XX/mbed.a(retarget.o)
                0x00004638                _write
 .text._read    0x000046c0       0x64 ../../external/mbed/Debug/NXP_LPC17XX/mbed.a(retarget.o)
                0x000046c0                _read
 .text._isatty  0x00004724       0x44 ../../external/mbed/Debug/NXP_LPC17XX/mbed.a(retarget.o)
                0x00004724                _isatty
 .text._lseek   0x00004768       0x4c ../../external/mbed/Debug/NXP_LPC17XX/mbed.a(retarget.o)
                0x00004768                _lseek
 .text._fstat   0x000047b4       0x3c ../../external/mbed/Debug/NXP_LPC17XX/mbed.a(retarget.o)
                0x000047b4                _fstat
 .text._sbrk    0x000047f0       0x58 ../../external/mbed/Debug/NXP_LPC17XX/mbed.a(retarget.o)
                0x000047f0                _sbrk
 .text._ZN4mbed6SerialC2E7PinNameS1_PKc
                0x00004848       0x4c ../../external/mbed/Debug/NXP_LPC17XX/mbed.a(Serial.o)
                0x00004848                mbed::Serial::Serial(PinName, PinName, char const*)
                0x00004848                mbed::Serial::Serial(PinName, PinName, char const*)
 .text._ZN4mbed6Serial5_getcEv
                0x00004894       0x18 ../../external/mbed/Debug/NXP_LPC17XX/mbed.a(Serial.o)
                0x00004894                mbed::Serial::_getc()
 .text._ZThn72_N4mbed6Serial5_getcEv
                0x000048ac        0x8 ../../external/mbed/Debug/NXP_LPC17XX/mbed.a(Serial.o)
                0x000048ac                non-virtual thunk to mbed::Serial::_getc()
 .text._ZN4mbed6Serial5_putcEi
                0x000048b4       0x1c ../../external/mbed/Debug/NXP_LPC17XX/mbed.a(Serial.o)
                0x000048b4                mbed::Serial::_putc(int)
 .text._ZThn72_N4mbed6Serial5_putcEi
                0x000048d0        0x8 ../../external/mbed/Debug/NXP_LPC17XX/mbed.a(Serial.o)
                0x000048d0                non-virtual thunk to mbed::Serial::_putc(int)
 .text._ZN4mbed10SerialBaseC2E7PinNameS1_
                0x000048d8       0x70 ../../external/mbed/Debug/NXP_LPC17XX/mbed.a(SerialBase.o)
                0x000048d8                mbed::SerialBase::SerialBase(PinName, PinName)
                0x000048d8                mbed::SerialBase::SerialBase(PinName, PinName)
 .text._ZN4mbed10SerialBase4baudEi
                0x00004948       0x20 ../../external/mbed/Debug/NXP_LPC17XX/mbed.a(SerialBase.o)
                0x00004948                mbed::SerialBase::baud(int)
 .text._ZN4mbed10SerialBase8readableEv
                0x00004968       0x1c ../../external/mbed/Debug/NXP_LPC17XX/mbed.a(SerialBase.o)
                0x00004968                mbed::SerialBase::readable()
 .text._ZN4mbed10SerialBase9writeableEv
                0x00004984       0x1c ../../external/mbed/Debug/NXP_LPC17XX/mbed.a(SerialBase.o)
                0x00004984                mbed::SerialBase::writeable()
 .text._ZN4mbed10SerialBase6attachEPFvvENS0_7IrqTypeE
                0x000049a0       0x5c ../../external/mbed/Debug/NXP_LPC17XX/mbed.a(SerialBase.o)
                0x000049a0                mbed::SerialBase::attach(void (*)(), mbed::SerialBase::IrqType)
 .text._ZN4mbed10SerialBase12_irq_handlerEm9SerialIrq
                0x000049fc       0x30 ../../external/mbed/Debug/NXP_LPC17XX/mbed.a(SerialBase.o)
                0x000049fc                mbed::SerialBase::_irq_handler(unsigned long, SerialIrq)
 .text._ZN4mbed10SerialBase10_base_getcEv
                0x00004a2c       0x1c ../../external/mbed/Debug/NXP_LPC17XX/mbed.a(SerialBase.o)
                0x00004a2c                mbed::SerialBase::_base_getc()
 .text._ZN4mbed10SerialBase10_base_putcEi
                0x00004a48       0x20 ../../external/mbed/Debug/NXP_LPC17XX/mbed.a(SerialBase.o)
                0x00004a48                mbed::SerialBase::_base_putc(int)
 .text._ZN4mbed6StreamC2EPKc
                0x00004a68       0x68 ../../external/mbed/Debug/NXP_LPC17XX/mbed.a(Stream.o)
                0x00004a68                mbed::Stream::Stream(char const*)
                0x00004a68                mbed::Stream::Stream(char const*)
 .text._ZN4mbed6StreamD2Ev
                0x00004ad0       0x44 ../../external/mbed/Debug/NXP_LPC17XX/mbed.a(Stream.o)
                0x00004ad0                mbed::Stream::~Stream()
                0x00004ad0                mbed::Stream::~Stream()
 .text._ZThn4_N4mbed6StreamD1Ev
                0x00004b14        0x8 ../../external/mbed/Debug/NXP_LPC17XX/mbed.a(Stream.o)
                0x00004b14                non-virtual thunk to mbed::Stream::~Stream()
 .text._ZN4mbed6StreamD0Ev
                0x00004b1c       0x1c ../../external/mbed/Debug/NXP_LPC17XX/mbed.a(Stream.o)
                0x00004b1c                mbed::Stream::~Stream()
 .text._ZThn4_N4mbed6StreamD0Ev
                0x00004b38        0x8 ../../external/mbed/Debug/NXP_LPC17XX/mbed.a(Stream.o)
                0x00004b38                non-virtual thunk to mbed::Stream::~Stream()
 .text._ZN4mbed6Stream4putcEi
                0x00004b40       0x28 ../../external/mbed/Debug/NXP_LPC17XX/mbed.a(Stream.o)
                0x00004b40                mbed::Stream::putc(int)
 .text._ZN4mbed6Stream4getcEv
                0x00004b68       0x24 ../../external/mbed/Debug/NXP_LPC17XX/mbed.a(Stream.o)
                0x00004b68                mbed::Stream::getc()
 .text._ZN4mbed6Stream5closeEv
                0x00004b8c        0xc ../../external/mbed/Debug/NXP_LPC17XX/mbed.a(Stream.o)
                0x00004b8c                mbed::Stream::close()
 .text._ZN4mbed6Stream5writeEPKvj
                0x00004b98       0x58 ../../external/mbed/Debug/NXP_LPC17XX/mbed.a(Stream.o)
                0x00004b98                mbed::Stream::write(void const*, unsigned int)
 .text._ZN4mbed6Stream4readEPvj
                0x00004bf0       0x54 ../../external/mbed/Debug/NXP_LPC17XX/mbed.a(Stream.o)
                0x00004bf0                mbed::Stream::read(void*, unsigned int)
 .text._ZN4mbed6Stream5lseekEli
                0x00004c44       0x10 ../../external/mbed/Debug/NXP_LPC17XX/mbed.a(Stream.o)
                0x00004c44                mbed::Stream::lseek(long, int)
 .text._ZN4mbed6Stream6isattyEv
                0x00004c54        0xc ../../external/mbed/Debug/NXP_LPC17XX/mbed.a(Stream.o)
                0x00004c54                mbed::Stream::isatty()
 .text._ZN4mbed6Stream5fsyncEv
                0x00004c60        0xc ../../external/mbed/Debug/NXP_LPC17XX/mbed.a(Stream.o)
                0x00004c60                mbed::Stream::fsync()
 .text._ZN4mbed6Stream4flenEv
                0x00004c6c        0xc ../../external/mbed/Debug/NXP_LPC17XX/mbed.a(Stream.o)
                0x00004c6c                mbed::Stream::flen()
 .text._ZN4mbed6Ticker5setupEj
                0x00004c78       0x30 ../../external/mbed/Debug/NXP_LPC17XX/mbed.a(Ticker.o)
                0x00004c78                mbed::Ticker::setup(unsigned int)
 .text._ZN4mbed6Ticker7handlerEv
                0x00004ca8       0x2c ../../external/mbed/Debug/NXP_LPC17XX/mbed.a(Ticker.o)
                0x00004ca8                mbed::Ticker::handler()
 .text._ZN4mbed5TimerC2Ev
                0x00004cd4       0x28 ../../external/mbed/Debug/NXP_LPC17XX/mbed.a(Timer.o)
                0x00004cd4                mbed::Timer::Timer()
                0x00004cd4                mbed::Timer::Timer()
 .text._ZN4mbed5Timer5startEv
                0x00004cfc       0x1c ../../external/mbed/Debug/NXP_LPC17XX/mbed.a(Timer.o)
                0x00004cfc                mbed::Timer::start()
 .text._ZN4mbed5Timer4stopEv
                0x00004d18       0x24 ../../external/mbed/Debug/NXP_LPC17XX/mbed.a(Timer.o)
                0x00004d18                mbed::Timer::stop()
 .text._ZN4mbed5Timer7read_usEv
                0x00004d3c       0x1c ../../external/mbed/Debug/NXP_LPC17XX/mbed.a(Timer.o)
                0x00004d3c                mbed::Timer::read_us()
 .text._ZN4mbed5Timer7read_msEv
                0x00004d58       0x28 ../../external/mbed/Debug/NXP_LPC17XX/mbed.a(Timer.o)
                0x00004d58                mbed::Timer::read_ms()
 .text._ZN4mbed5Timer9slicetimeEv
                0x00004d80       0x28 ../../external/mbed/Debug/NXP_LPC17XX/mbed.a(Timer.o)
                0x00004d80                mbed::Timer::slicetime()
 .text._ZN4mbed5Timer5resetEv
                0x00004da8       0x1c ../../external/mbed/Debug/NXP_LPC17XX/mbed.a(Timer.o)
                0x00004da8                mbed::Timer::reset()
 .text._ZN4mbed10TimerEventC2Ev
                0x00004dc4       0x38 ../../external/mbed/Debug/NXP_LPC17XX/mbed.a(TimerEvent.o)
                0x00004dc4                mbed::TimerEvent::TimerEvent()
                0x00004dc4                mbed::TimerEvent::TimerEvent()
 .text._ZN4mbed10TimerEvent3irqEm
                0x00004dfc       0x1c ../../external/mbed/Debug/NXP_LPC17XX/mbed.a(TimerEvent.o)
                0x00004dfc                mbed::TimerEvent::irq(unsigned long)
 .text._ZN4mbed10TimerEventD2Ev
                0x00004e18       0x2c ../../external/mbed/Debug/NXP_LPC17XX/mbed.a(TimerEvent.o)
                0x00004e18                mbed::TimerEvent::~TimerEvent()
                0x00004e18                mbed::TimerEvent::~TimerEvent()
 .text._ZN4mbed10TimerEventD0Ev
                0x00004e44       0x1c ../../external/mbed/Debug/NXP_LPC17XX/mbed.a(TimerEvent.o)
                0x00004e44                mbed::TimerEvent::~TimerEvent()
 .text._ZN4mbed10TimerEvent6insertEj
                0x00004e60       0x20 ../../external/mbed/Debug/NXP_LPC17XX/mbed.a(TimerEvent.o)
                0x00004e60                mbed::TimerEvent::insert(unsigned int)
 .text._ZN4mbed10TimerEvent6removeEv
                0x00004e80       0x18 ../../external/mbed/Debug/NXP_LPC17XX/mbed.a(TimerEvent.o)
                0x00004e80                mbed::TimerEvent::remove()
 .text          0x00004e98       0x44 ../../external/mbed/Debug/NXP_LPC17XX/mbed.a(startup_LPC17xx.o)
                0x00004e98                Reset_Handler
                0x00004ec8                NMI_Handler
                0x00004ed2                SVC_Handler
                0x00004ed6                PendSV_Handler
                0x00004ed8                SysTick_Handler
                0x00004eda                PWM1_IRQHandler
                0x00004eda                USBActivity_IRQHandler
                0x00004eda                I2C0_IRQHandler
                0x00004eda                I2C1_IRQHandler
                0x00004eda                EINT2_IRQHandler
                0x00004eda                EINT3_IRQHandler
                0x00004eda                RIT_IRQHandler
                0x00004eda                TIMER3_IRQHandler
                0x00004eda                PLL0_IRQHandler
                0x00004eda                CAN_IRQHandler
                0x00004eda                PLL1_IRQHandler
                0x00004eda                SSP0_IRQHandler
                0x00004eda                I2S_IRQHandler
                0x00004eda                I2C2_IRQHandler
                0x00004eda                RTC_IRQHandler
                0x00004eda                TIMER0_IRQHandler
                0x00004eda                CANActivity_IRQHandler
                0x00004eda                SPI_IRQHandler
                0x00004eda                EINT1_IRQHandler
                0x00004eda                TIMER1_IRQHandler
                0x00004eda                Default_Handler
                0x00004eda                ADC_IRQHandler
                0x00004eda                SSP1_IRQHandler
                0x00004eda                USB_IRQHandler
                0x00004eda                BOD_IRQHandler
                0x00004eda                WDT_IRQHandler
                0x00004eda                TIMER2_IRQHandler
                0x00004eda                QEI_IRQHandler
                0x00004eda                EINT0_IRQHandler
                0x00004eda                DEF_IRQHandler
                0x00004eda                DMA_IRQHandler
                0x00004eda                MCPWM_IRQHandler
                0x00004eda                ENET_IRQHandler
 .text.gpio_set
                0x00004edc       0x24 ../../external/mbed/Debug/NXP_LPC17XX/mbed.a(gpio_api.o)
                0x00004edc                gpio_set
 .text.gpio_init
                0x00004f00       0x58 ../../external/mbed/Debug/NXP_LPC17XX/mbed.a(gpio_api.o)
                0x00004f00                gpio_init
 .text.gpio_mode
                0x00004f58       0x24 ../../external/mbed/Debug/NXP_LPC17XX/mbed.a(gpio_api.o)
                0x00004f58                gpio_mode
 .text.gpio_dir
                0x00004f7c       0x48 ../../external/mbed/Debug/NXP_LPC17XX/mbed.a(gpio_api.o)
                0x00004f7c                gpio_dir
 .text.NVIC_EnableIRQ
                0x00004fc4       0x2c ../../external/mbed/Debug/NXP_LPC17XX/mbed.a(gpio_irq_api.o)
 .text.handle_interrupt_in
                0x00004ff0      0x1d0 ../../external/mbed/Debug/NXP_LPC17XX/mbed.a(gpio_irq_api.o)
 .text.gpio_irq_init
                0x000051c0       0xa8 ../../external/mbed/Debug/NXP_LPC17XX/mbed.a(gpio_irq_api.o)
                0x000051c0                gpio_irq_init
 .text.gpio_irq_free
                0x00005268       0x18 ../../external/mbed/Debug/NXP_LPC17XX/mbed.a(gpio_irq_api.o)
                0x00005268                gpio_irq_free
 .text.gpio_irq_set
                0x00005280      0x14c ../../external/mbed/Debug/NXP_LPC17XX/mbed.a(gpio_irq_api.o)
                0x00005280                gpio_irq_set
 .text.pin_function
                0x000053cc       0x6c ../../external/mbed/Debug/NXP_LPC17XX/mbed.a(pinmap.o)
                0x000053cc                pin_function
 .text.pin_mode
                0x00005438       0xd8 ../../external/mbed/Debug/NXP_LPC17XX/mbed.a(pinmap.o)
                0x00005438                pin_mode
 .text.NVIC_EnableIRQ
                0x00005510       0x2c ../../external/mbed/Debug/NXP_LPC17XX/mbed.a(serial_api.o)
 .text.NVIC_DisableIRQ
                0x0000553c       0x2c ../../external/mbed/Debug/NXP_LPC17XX/mbed.a(serial_api.o)
 .text.gpio_write
                0x00005568       0x28 ../../external/mbed/Debug/NXP_LPC17XX/mbed.a(serial_api.o)
 .text.gpio_read
                0x00005590       0x20 ../../external/mbed/Debug/NXP_LPC17XX/mbed.a(serial_api.o)
 .text.serial_init
                0x000055b0      0x1cc ../../external/mbed/Debug/NXP_LPC17XX/mbed.a(serial_api.o)
                0x000055b0                serial_init
 .text.serial_baud
                0x0000577c      0x2b0 ../../external/mbed/Debug/NXP_LPC17XX/mbed.a(serial_api.o)
                0x0000577c                serial_baud
 .text.serial_format
                0x00005a2c       0xdc ../../external/mbed/Debug/NXP_LPC17XX/mbed.a(serial_api.o)
                0x00005a2c                serial_format
 .text.uart_irq
                0x00005b08       0xdc ../../external/mbed/Debug/NXP_LPC17XX/mbed.a(serial_api.o)
 .text.uart0_irq
                0x00005be4       0x1c ../../external/mbed/Debug/NXP_LPC17XX/mbed.a(serial_api.o)
                0x00005be4                uart0_irq
 .text.uart1_irq
                0x00005c00       0x1c ../../external/mbed/Debug/NXP_LPC17XX/mbed.a(serial_api.o)
                0x00005c00                uart1_irq
 .text.uart2_irq
                0x00005c1c       0x1c ../../external/mbed/Debug/NXP_LPC17XX/mbed.a(serial_api.o)
                0x00005c1c                uart2_irq
 .text.uart3_irq
                0x00005c38       0x1c ../../external/mbed/Debug/NXP_LPC17XX/mbed.a(serial_api.o)
                0x00005c38                uart3_irq
 .text.serial_irq_handler
                0x00005c54       0x30 ../../external/mbed/Debug/NXP_LPC17XX/mbed.a(serial_api.o)
                0x00005c54                serial_irq_handler
 .text.serial_irq_set_internal
                0x00005c84      0x164 ../../external/mbed/Debug/NXP_LPC17XX/mbed.a(serial_api.o)
 .text.serial_irq_set
                0x00005de8       0x48 ../../external/mbed/Debug/NXP_LPC17XX/mbed.a(serial_api.o)
                0x00005de8                serial_irq_set
 .text.serial_flow_irq_set
                0x00005e30       0x38 ../../external/mbed/Debug/NXP_LPC17XX/mbed.a(serial_api.o)
 .text.serial_getc
                0x00005e68       0x70 ../../external/mbed/Debug/NXP_LPC17XX/mbed.a(serial_api.o)
                0x00005e68                serial_getc
 .text.serial_putc
                0x00005ed8       0x54 ../../external/mbed/Debug/NXP_LPC17XX/mbed.a(serial_api.o)
                0x00005ed8                serial_putc
 .text.serial_readable
                0x00005f2c       0x18 ../../external/mbed/Debug/NXP_LPC17XX/mbed.a(serial_api.o)
                0x00005f2c                serial_readable
 .text.serial_writable
                0x00005f44       0xb4 ../../external/mbed/Debug/NXP_LPC17XX/mbed.a(serial_api.o)
                0x00005f44                serial_writable
 .text.serial_set_flow_control
                0x00005ff8      0x17c ../../external/mbed/Debug/NXP_LPC17XX/mbed.a(serial_api.o)
                0x00005ff8                serial_set_flow_control
 .text.NVIC_EnableIRQ
                0x00006174       0x2c ../../external/mbed/Debug/NXP_LPC17XX/mbed.a(us_ticker.o)
 .text.us_ticker_init
                0x000061a0       0x80 ../../external/mbed/Debug/NXP_LPC17XX/mbed.a(us_ticker.o)
                0x000061a0                us_ticker_init
 .text.us_ticker_read
                0x00006220       0x20 ../../external/mbed/Debug/NXP_LPC17XX/mbed.a(us_ticker.o)
                0x00006220                us_ticker_read
 .text.us_ticker_set_interrupt
                0x00006240       0x20 ../../external/mbed/Debug/NXP_LPC17XX/mbed.a(us_ticker.o)
                0x00006240                us_ticker_set_interrupt
 .text.us_ticker_disable_interrupt
                0x00006260       0x14 ../../external/mbed/Debug/NXP_LPC17XX/mbed.a(us_ticker.o)
                0x00006260                us_ticker_disable_interrupt
 .text.us_ticker_clear_interrupt
                0x00006274        0xc ../../external/mbed/Debug/NXP_LPC17XX/mbed.a(us_ticker.o)
                0x00006274                us_ticker_clear_interrupt
 .text.NVIC_SetVector
                0x00006280       0x6c ../../external/mbed/Debug/NXP_LPC17XX/mbed.a(cmsis_nvic.o)
                0x00006280                NVIC_SetVector
 .text.gpio_write
                0x000062ec       0x28 ../../external/mbed/Debug/NXP_LPC17XX/mbed.a(board.o)
 .text.mbed_die
                0x00006314       0x9c ../../external/mbed/Debug/NXP_LPC17XX/mbed.a(board.o)
                0x00006314                mbed_die
 .text.us_ticker_set_handler
                0x000063b0       0x1c ../../external/mbed/Debug/NXP_LPC17XX/mbed.a(us_ticker_api.o)
                0x000063b0                us_ticker_set_handler
 .text.us_ticker_irq_handler
                0x000063cc       0x6c ../../external/mbed/Debug/NXP_LPC17XX/mbed.a(us_ticker_api.o)
                0x000063cc                us_ticker_irq_handler
 .text.us_ticker_insert_event
                0x00006438       0x70 ../../external/mbed/Debug/NXP_LPC17XX/mbed.a(us_ticker_api.o)
                0x00006438                us_ticker_insert_event
 .text.us_ticker_remove_event
                0x000064a8       0x64 ../../external/mbed/Debug/NXP_LPC17XX/mbed.a(us_ticker_api.o)
                0x000064a8                us_ticker_remove_event
 .text._ZN4mbed10FileHandleC2Ev
                0x0000650c       0x18 ../../external/mbed/Debug/NXP_LPC17XX/mbed.a(FileLike.o)
                0x0000650c                mbed::FileHandle::FileHandle()
                0x0000650c                mbed::FileHandle::FileHandle()
 .text._ZN4mbed8FileLikeC2EPKc
                0x00006524       0x3c ../../external/mbed/Debug/NXP_LPC17XX/mbed.a(FileLike.o)
                0x00006524                mbed::FileLike::FileLike(char const*)
                0x00006524                mbed::FileLike::FileLike(char const*)
 .text._ZN4mbed8FileLikeD2Ev
                0x00006560       0x44 ../../external/mbed/Debug/NXP_LPC17XX/mbed.a(FileLike.o)
                0x00006560                mbed::FileLike::~FileLike()
                0x00006560                mbed::FileLike::~FileLike()
 .text._ZThn4_N4mbed8FileLikeD1Ev
                0x000065a4        0x8 ../../external/mbed/Debug/NXP_LPC17XX/mbed.a(FileLike.o)
                0x000065a4                non-virtual thunk to mbed::FileLike::~FileLike()
 .text._ZN4mbed8FileLikeD0Ev
                0x000065ac       0x1c ../../external/mbed/Debug/NXP_LPC17XX/mbed.a(FileLike.o)
                0x000065ac                mbed::FileLike::~FileLike()
 .text._ZThn4_N4mbed8FileLikeD0Ev
                0x000065c8        0x8 ../../external/mbed/Debug/NXP_LPC17XX/mbed.a(FileLike.o)
                0x000065c8                non-virtual thunk to mbed::FileLike::~FileLike()
 .text._ZN4mbed8FilePathC2EPKc
                0x000065d0       0x8c ../../external/mbed/Debug/NXP_LPC17XX/mbed.a(FilePath.o)
                0x000065d0                mbed::FilePath::FilePath(char const*)
                0x000065d0                mbed::FilePath::FilePath(char const*)
 .text._ZN4mbed8FilePath8fileNameEv
                0x0000665c       0x10 ../../external/mbed/Debug/NXP_LPC17XX/mbed.a(FilePath.o)
                0x0000665c                mbed::FilePath::fileName()
 .text._ZN4mbed8FilePath12isFileSystemEv
                0x0000666c       0x30 ../../external/mbed/Debug/NXP_LPC17XX/mbed.a(FilePath.o)
                0x0000666c                mbed::FilePath::isFileSystem()
 .text._ZN4mbed8FilePath10fileSystemEv
                0x0000669c       0x24 ../../external/mbed/Debug/NXP_LPC17XX/mbed.a(FilePath.o)
                0x0000669c                mbed::FilePath::fileSystem()
 .text._ZN4mbed8FilePath6isFileEv
                0x000066c0       0x30 ../../external/mbed/Debug/NXP_LPC17XX/mbed.a(FilePath.o)
                0x000066c0                mbed::FilePath::isFile()
 .text._ZN4mbed8FilePath4fileEv
                0x000066f0       0x30 ../../external/mbed/Debug/NXP_LPC17XX/mbed.a(FilePath.o)
                0x000066f0                mbed::FilePath::file()
 .text._ZN4mbed8FilePath6existsEv
                0x00006720       0x18 ../../external/mbed/Debug/NXP_LPC17XX/mbed.a(FilePath.o)
                0x00006720                mbed::FilePath::exists()
 .text._ZN4mbed8FileBaseC2EPKcNS_8PathTypeE
                0x00006738       0x54 ../../external/mbed/Debug/NXP_LPC17XX/mbed.a(FileBase.o)
                0x00006738                mbed::FileBase::FileBase(char const*, mbed::PathType)
                0x00006738                mbed::FileBase::FileBase(char const*, mbed::PathType)
 .text._ZN4mbed8FileBaseD2Ev
                0x0000678c       0x68 ../../external/mbed/Debug/NXP_LPC17XX/mbed.a(FileBase.o)
                0x0000678c                mbed::FileBase::~FileBase()
                0x0000678c                mbed::FileBase::~FileBase()
 .text._ZN4mbed8FileBaseD0Ev
                0x000067f4       0x1c ../../external/mbed/Debug/NXP_LPC17XX/mbed.a(FileBase.o)
                0x000067f4                mbed::FileBase::~FileBase()
 .text._ZN4mbed8FileBase6lookupEPKcj
                0x00006810       0x5c ../../external/mbed/Debug/NXP_LPC17XX/mbed.a(FileBase.o)
                0x00006810                mbed::FileBase::lookup(char const*, unsigned int)
 .text._ZN4mbed8FileBase11getPathTypeEv
                0x0000686c       0x10 ../../external/mbed/Debug/NXP_LPC17XX/mbed.a(FileBase.o)
                0x0000686c                mbed::FileBase::getPathType()
 .text._ZdlPv   0x0000687c        0x8 c:/users/nuc/downloads/mbed2014_sdk85/gcc-arm-none-eabi/bin/../lib/gcc/arm-none-eabi/4.8.3/../../../../arm-none-eabi/lib/armv7-m\libstdc++_s.a(del_op.o)
                0x0000687c                operator delete(void*)
 .text.__aeabi_atexit
                0x00006884        0xa c:/users/nuc/downloads/mbed2014_sdk85/gcc-arm-none-eabi/bin/../lib/gcc/arm-none-eabi/4.8.3/../../../../arm-none-eabi/lib/armv7-m\libstdc++_s.a(atexit_arm.o)
                0x00006884                __aeabi_atexit
 *fill*         0x0000688e        0x2 
 .text          0x00006890      0x370 c:/users/nuc/downloads/mbed2014_sdk85/gcc-arm-none-eabi/bin/../lib/gcc/arm-none-eabi/4.8.3/armv7-m\libgcc.a(_arm_addsubdf3.o)
                0x00006890                __aeabi_drsub
                0x00006898                __aeabi_dsub
                0x00006898                __subdf3
                0x0000689c                __aeabi_dadd
                0x0000689c                __adddf3
                0x00006b14                __floatunsidf
                0x00006b14                __aeabi_ui2d
                0x00006b34                __floatsidf
                0x00006b34                __aeabi_i2d
                0x00006b58                __aeabi_f2d
                0x00006b58                __extendsfdf2
                0x00006b94                __floatundidf
                0x00006b94                __aeabi_ul2d
                0x00006ba4                __floatdidf
                0x00006ba4                __aeabi_l2d
 .text          0x00006c00      0x424 c:/users/nuc/downloads/mbed2014_sdk85/gcc-arm-none-eabi/bin/../lib/gcc/arm-none-eabi/4.8.3/armv7-m\libgcc.a(_arm_muldivdf3.o)
                0x00006c00                __aeabi_dmul
                0x00006c00                __muldf3
                0x00006e54                __divdf3
                0x00006e54                __aeabi_ddiv
 .text          0x00007024       0x50 c:/users/nuc/downloads/mbed2014_sdk85/gcc-arm-none-eabi/bin/../lib/gcc/arm-none-eabi/4.8.3/armv7-m\libgcc.a(_arm_fixdfsi.o)
                0x00007024                __aeabi_d2iz
                0x00007024                __fixdfsi
 .text          0x00007074       0xa0 c:/users/nuc/downloads/mbed2014_sdk85/gcc-arm-none-eabi/bin/../lib/gcc/arm-none-eabi/4.8.3/armv7-m\libgcc.a(_arm_truncdfsf2.o)
                0x00007074                __truncdfsf2
                0x00007074                __aeabi_d2f
 .text          0x00007114      0x21c c:/users/nuc/downloads/mbed2014_sdk85/gcc-arm-none-eabi/bin/../lib/gcc/arm-none-eabi/4.8.3/armv7-m\libgcc.a(_arm_addsubsf3.o)
                0x00007114                __aeabi_frsub
                0x0000711c                __subsf3
                0x0000711c                __aeabi_fsub
                0x00007120                __aeabi_fadd
                0x00007120                __addsf3
                0x00007280                __aeabi_ui2f
                0x00007280                __floatunsisf
                0x00007288                __aeabi_i2f
                0x00007288                __floatsisf
                0x000072a4                __aeabi_ul2f
                0x000072a4                __floatundisf
                0x000072b4                __aeabi_l2f
                0x000072b4                __floatdisf
 .text          0x00007330      0x2a0 c:/users/nuc/downloads/mbed2014_sdk85/gcc-arm-none-eabi/bin/../lib/gcc/arm-none-eabi/4.8.3/armv7-m\libgcc.a(_arm_muldivsf3.o)
                0x00007330                __mulsf3
                0x00007330                __aeabi_fmul
                0x00007498                __aeabi_fdiv
                0x00007498                __divsf3
 .text          0x000075d0       0xec c:/users/nuc/downloads/mbed2014_sdk85/gcc-arm-none-eabi/bin/../lib/gcc/arm-none-eabi/4.8.3/armv7-m\libgcc.a(_arm_cmpsf2.o)
                0x000075d0                __gesf2
                0x000075d0                __gtsf2
                0x000075d8                __lesf2
                0x000075d8                __ltsf2
                0x000075e0                __nesf2
                0x000075e0                __eqsf2
                0x000075e0                __cmpsf2
                0x00007640                __aeabi_cfrcmple
                0x00007648                __aeabi_cfcmpeq
                0x00007648                __aeabi_cfcmple
                0x00007658                __aeabi_fcmpeq
                0x0000766c                __aeabi_fcmplt
                0x00007680                __aeabi_fcmple
                0x00007694                __aeabi_fcmpge
                0x000076a8                __aeabi_fcmpgt
 .text          0x000076bc       0x4c c:/users/nuc/downloads/mbed2014_sdk85/gcc-arm-none-eabi/bin/../lib/gcc/arm-none-eabi/4.8.3/armv7-m\libgcc.a(_arm_fixsfsi.o)
                0x000076bc                __aeabi_f2iz
                0x000076bc                __fixsfsi
 .text          0x00007708       0x40 c:/users/nuc/downloads/mbed2014_sdk85/gcc-arm-none-eabi/bin/../lib/gcc/arm-none-eabi/4.8.3/armv7-m\libgcc.a(_arm_fixunssfsi.o)
                0x00007708                __fixunssfsi
                0x00007708                __aeabi_f2uiz
 .text.__cxa_atexit
                0x00007748       0x20 c:/users/nuc/downloads/mbed2014_sdk85/gcc-arm-none-eabi/bin/../lib/gcc/arm-none-eabi/4.8.3/../../../../arm-none-eabi/lib/armv7-m\libc_s.a(lib_a-cxa_atexit.o)
                0x00007748                __cxa_atexit
 .text.__errno  0x00007768        0xc c:/users/nuc/downloads/mbed2014_sdk85/gcc-arm-none-eabi/bin/../lib/gcc/arm-none-eabi/4.8.3/../../../../arm-none-eabi/lib/armv7-m\libc_s.a(lib_a-errno.o)
                0x00007768                __errno
 .text._fclose_r
                0x00007774       0xa4 c:/users/nuc/downloads/mbed2014_sdk85/gcc-arm-none-eabi/bin/../lib/gcc/arm-none-eabi/4.8.3/../../../../arm-none-eabi/lib/armv7-m\libc_s.a(lib_a-fclose.o)
                0x00007774                _fclose_r
 .text.fclose   0x00007818       0x10 c:/users/nuc/downloads/mbed2014_sdk85/gcc-arm-none-eabi/bin/../lib/gcc/arm-none-eabi/4.8.3/../../../../arm-none-eabi/lib/armv7-m\libc_s.a(lib_a-fclose.o)
                0x00007818                fclose
 .text.__sflush_r
                0x00007828      0x106 c:/users/nuc/downloads/mbed2014_sdk85/gcc-arm-none-eabi/bin/../lib/gcc/arm-none-eabi/4.8.3/../../../../arm-none-eabi/lib/armv7-m\libc_s.a(lib_a-fflush.o)
                0x00007828                __sflush_r
 *fill*         0x0000792e        0x2 
 .text._fflush_r
                0x00007930       0x54 c:/users/nuc/downloads/mbed2014_sdk85/gcc-arm-none-eabi/bin/../lib/gcc/arm-none-eabi/4.8.3/../../../../arm-none-eabi/lib/armv7-m\libc_s.a(lib_a-fflush.o)
                0x00007930                _fflush_r
 .text.fflush   0x00007984       0x24 c:/users/nuc/downloads/mbed2014_sdk85/gcc-arm-none-eabi/bin/../lib/gcc/arm-none-eabi/4.8.3/../../../../arm-none-eabi/lib/armv7-m\libc_s.a(lib_a-fflush.o)
                0x00007984                fflush
 .text._fgetc_r
                0x000079a8       0x58 c:/users/nuc/downloads/mbed2014_sdk85/gcc-arm-none-eabi/bin/../lib/gcc/arm-none-eabi/4.8.3/../../../../arm-none-eabi/lib/armv7-m\libc_s.a(lib_a-fgetc.o)
                0x000079a8                _fgetc_r
 .text.fgetc    0x00007a00       0x10 c:/users/nuc/downloads/mbed2014_sdk85/gcc-arm-none-eabi/bin/../lib/gcc/arm-none-eabi/4.8.3/../../../../arm-none-eabi/lib/armv7-m\libc_s.a(lib_a-fgetc.o)
                0x00007a00                fgetc
 .text._cleanup_r
                0x00007a10       0x32 c:/users/nuc/downloads/mbed2014_sdk85/gcc-arm-none-eabi/bin/../lib/gcc/arm-none-eabi/4.8.3/../../../../arm-none-eabi/lib/armv7-m\libc_s.a(lib_a-findfp.o)
                0x00007a10                _cleanup_r
 *fill*         0x00007a42        0x2 
 .text.std.isra.0
                0x00007a44       0x48 c:/users/nuc/downloads/mbed2014_sdk85/gcc-arm-none-eabi/bin/../lib/gcc/arm-none-eabi/4.8.3/../../../../arm-none-eabi/lib/armv7-m\libc_s.a(lib_a-findfp.o)
 .text.__sfmoreglue
                0x00007a8c       0x2c c:/users/nuc/downloads/mbed2014_sdk85/gcc-arm-none-eabi/bin/../lib/gcc/arm-none-eabi/4.8.3/../../../../arm-none-eabi/lib/armv7-m\libc_s.a(lib_a-findfp.o)
                0x00007a8c                __sfmoreglue
 .text.__sinit  0x00007ab8       0x60 c:/users/nuc/downloads/mbed2014_sdk85/gcc-arm-none-eabi/bin/../lib/gcc/arm-none-eabi/4.8.3/../../../../arm-none-eabi/lib/armv7-m\libc_s.a(lib_a-findfp.o)
                0x00007ab8                __sinit
 .text.__sfp    0x00007b18       0x74 c:/users/nuc/downloads/mbed2014_sdk85/gcc-arm-none-eabi/bin/../lib/gcc/arm-none-eabi/4.8.3/../../../../arm-none-eabi/lib/armv7-m\libc_s.a(lib_a-findfp.o)
                0x00007b18                __sfp
 .text.__sfp_lock_acquire
                0x00007b8c        0x2 c:/users/nuc/downloads/mbed2014_sdk85/gcc-arm-none-eabi/bin/../lib/gcc/arm-none-eabi/4.8.3/../../../../arm-none-eabi/lib/armv7-m\libc_s.a(lib_a-findfp.o)
                0x00007b8c                __sfp_lock_acquire
 .text.__sfp_lock_release
                0x00007b8e        0x2 c:/users/nuc/downloads/mbed2014_sdk85/gcc-arm-none-eabi/bin/../lib/gcc/arm-none-eabi/4.8.3/../../../../arm-none-eabi/lib/armv7-m\libc_s.a(lib_a-findfp.o)
                0x00007b8e                __sfp_lock_release
 .text._fopen_r
                0x00007b90       0x80 c:/users/nuc/downloads/mbed2014_sdk85/gcc-arm-none-eabi/bin/../lib/gcc/arm-none-eabi/4.8.3/../../../../arm-none-eabi/lib/armv7-m\libc_s.a(lib_a-fopen.o)
                0x00007b90                _fopen_r
 .text.fopen    0x00007c10       0x14 c:/users/nuc/downloads/mbed2014_sdk85/gcc-arm-none-eabi/bin/../lib/gcc/arm-none-eabi/4.8.3/../../../../arm-none-eabi/lib/armv7-m\libc_s.a(lib_a-fopen.o)
                0x00007c10                fopen
 .text._fputc_r
                0x00007c24       0x48 c:/users/nuc/downloads/mbed2014_sdk85/gcc-arm-none-eabi/bin/../lib/gcc/arm-none-eabi/4.8.3/../../../../arm-none-eabi/lib/armv7-m\libc_s.a(lib_a-fputc.o)
                0x00007c24                _fputc_r
 .text.fputc    0x00007c6c       0x14 c:/users/nuc/downloads/mbed2014_sdk85/gcc-arm-none-eabi/bin/../lib/gcc/arm-none-eabi/4.8.3/../../../../arm-none-eabi/lib/armv7-m\libc_s.a(lib_a-fputc.o)
                0x00007c6c                fputc
 .text._fseek_r
                0x00007c80        0x4 c:/users/nuc/downloads/mbed2014_sdk85/gcc-arm-none-eabi/bin/../lib/gcc/arm-none-eabi/4.8.3/../../../../arm-none-eabi/lib/armv7-m\libc_s.a(lib_a-fseek.o)
                0x00007c80                _fseek_r
 .text._fseeko_r
                0x00007c84      0x11c c:/users/nuc/downloads/mbed2014_sdk85/gcc-arm-none-eabi/bin/../lib/gcc/arm-none-eabi/4.8.3/../../../../arm-none-eabi/lib/armv7-m\libc_s.a(lib_a-fseeko.o)
                0x00007c84                _fseeko_r
 .text._fwalk   0x00007da0       0x38 c:/users/nuc/downloads/mbed2014_sdk85/gcc-arm-none-eabi/bin/../lib/gcc/arm-none-eabi/4.8.3/../../../../arm-none-eabi/lib/armv7-m\libc_s.a(lib_a-fwalk.o)
                0x00007da0                _fwalk
 .text._fwalk_reent
                0x00007dd8       0x3c c:/users/nuc/downloads/mbed2014_sdk85/gcc-arm-none-eabi/bin/../lib/gcc/arm-none-eabi/4.8.3/../../../../arm-none-eabi/lib/armv7-m\libc_s.a(lib_a-fwalk.o)
                0x00007dd8                _fwalk_reent
 .text.__libc_init_array
                0x00007e14       0x4c c:/users/nuc/downloads/mbed2014_sdk85/gcc-arm-none-eabi/bin/../lib/gcc/arm-none-eabi/4.8.3/../../../../arm-none-eabi/lib/armv7-m\libc_s.a(lib_a-init.o)
                0x00007e14                __libc_init_array
 .text.__smakebuf_r
                0x00007e60       0x98 c:/users/nuc/downloads/mbed2014_sdk85/gcc-arm-none-eabi/bin/../lib/gcc/arm-none-eabi/4.8.3/../../../../arm-none-eabi/lib/armv7-m\libc_s.a(lib_a-makebuf.o)
                0x00007e60                __smakebuf_r
 .text.malloc   0x00007ef8       0x10 c:/users/nuc/downloads/mbed2014_sdk85/gcc-arm-none-eabi/bin/../lib/gcc/arm-none-eabi/4.8.3/../../../../arm-none-eabi/lib/armv7-m\libc_s.a(lib_a-malloc.o)
                0x00007ef8                malloc
 .text.free     0x00007f08       0x10 c:/users/nuc/downloads/mbed2014_sdk85/gcc-arm-none-eabi/bin/../lib/gcc/arm-none-eabi/4.8.3/../../../../arm-none-eabi/lib/armv7-m\libc_s.a(lib_a-malloc.o)
                0x00007f08                free
 .text.memchr   0x00007f18       0x1c c:/users/nuc/downloads/mbed2014_sdk85/gcc-arm-none-eabi/bin/../lib/gcc/arm-none-eabi/4.8.3/../../../../arm-none-eabi/lib/armv7-m\libc_s.a(lib_a-memchr-stub.o)
                0x00007f18                memchr
 .text.memcpy   0x00007f34       0x12 c:/users/nuc/downloads/mbed2014_sdk85/gcc-arm-none-eabi/bin/../lib/gcc/arm-none-eabi/4.8.3/../../../../arm-none-eabi/lib/armv7-m\libc_s.a(lib_a-memcpy-stub.o)
                0x00007f34                memcpy
 .text.memset   0x00007f46       0x10 c:/users/nuc/downloads/mbed2014_sdk85/gcc-arm-none-eabi/bin/../lib/gcc/arm-none-eabi/4.8.3/../../../../arm-none-eabi/lib/armv7-m\libc_s.a(lib_a-memset.o)
                0x00007f46                memset
 *fill*         0x00007f56        0x2 
 .text._free_r  0x00007f58       0x88 c:/users/nuc/downloads/mbed2014_sdk85/gcc-arm-none-eabi/bin/../lib/gcc/arm-none-eabi/4.8.3/../../../../arm-none-eabi/lib/armv7-m\libc_s.a(lib_a-nano-freer.o)
                0x00007f58                _free_r
 .text._malloc_r
                0x00007fe0       0xa8 c:/users/nuc/downloads/mbed2014_sdk85/gcc-arm-none-eabi/bin/../lib/gcc/arm-none-eabi/4.8.3/../../../../arm-none-eabi/lib/armv7-m\libc_s.a(lib_a-nano-mallocr.o)
                0x00007fe0                _malloc_r
 .text._open_r  0x00008088       0x24 c:/users/nuc/downloads/mbed2014_sdk85/gcc-arm-none-eabi/bin/../lib/gcc/arm-none-eabi/4.8.3/../../../../arm-none-eabi/lib/armv7-m\libc_s.a(lib_a-openr.o)
                0x00008088                _open_r
 .text._putc_r  0x000080ac       0x78 c:/users/nuc/downloads/mbed2014_sdk85/gcc-arm-none-eabi/bin/../lib/gcc/arm-none-eabi/4.8.3/../../../../arm-none-eabi/lib/armv7-m\libc_s.a(lib_a-putc.o)
                0x000080ac                _putc_r
 .text.lflush   0x00008124       0x12 c:/users/nuc/downloads/mbed2014_sdk85/gcc-arm-none-eabi/bin/../lib/gcc/arm-none-eabi/4.8.3/../../../../arm-none-eabi/lib/armv7-m\libc_s.a(lib_a-refill.o)
 *fill*         0x00008136        0x2 
 .text.__srefill_r
                0x00008138      0x10c c:/users/nuc/downloads/mbed2014_sdk85/gcc-arm-none-eabi/bin/../lib/gcc/arm-none-eabi/4.8.3/../../../../arm-none-eabi/lib/armv7-m\libc_s.a(lib_a-refill.o)
                0x00008138                __srefill_r
 .text.__srget_r
                0x00008244       0x58 c:/users/nuc/downloads/mbed2014_sdk85/gcc-arm-none-eabi/bin/../lib/gcc/arm-none-eabi/4.8.3/../../../../arm-none-eabi/lib/armv7-m\libc_s.a(lib_a-rget.o)
                0x00008244                __srget_r
 .text._sbrk_r  0x0000829c       0x20 c:/users/nuc/downloads/mbed2014_sdk85/gcc-arm-none-eabi/bin/../lib/gcc/arm-none-eabi/4.8.3/../../../../arm-none-eabi/lib/armv7-m\libc_s.a(lib_a-sbrkr.o)
                0x0000829c                _sbrk_r
 .text.setbuf   0x000082bc       0x10 c:/users/nuc/downloads/mbed2014_sdk85/gcc-arm-none-eabi/bin/../lib/gcc/arm-none-eabi/4.8.3/../../../../arm-none-eabi/lib/armv7-m\libc_s.a(lib_a-setbuf.o)
                0x000082bc                setbuf
 .text.setvbuf  0x000082cc      0x110 c:/users/nuc/downloads/mbed2014_sdk85/gcc-arm-none-eabi/bin/../lib/gcc/arm-none-eabi/4.8.3/../../../../arm-none-eabi/lib/armv7-m\libc_s.a(lib_a-setvbuf.o)
                0x000082cc                setvbuf
 .text.sprintf  0x000083dc       0x48 c:/users/nuc/downloads/mbed2014_sdk85/gcc-arm-none-eabi/bin/../lib/gcc/arm-none-eabi/4.8.3/../../../../arm-none-eabi/lib/armv7-m\libc_s.a(lib_a-sprintf.o)
                0x000083dc                siprintf
                0x000083dc                sprintf
 .text.sscanf   0x00008424       0x54 c:/users/nuc/downloads/mbed2014_sdk85/gcc-arm-none-eabi/bin/../lib/gcc/arm-none-eabi/4.8.3/../../../../arm-none-eabi/lib/armv7-m\libc_s.a(lib_a-sscanf.o)
                0x00008424                siscanf
                0x00008424                sscanf
 .text.__sread  0x00008478       0x22 c:/users/nuc/downloads/mbed2014_sdk85/gcc-arm-none-eabi/bin/../lib/gcc/arm-none-eabi/4.8.3/../../../../arm-none-eabi/lib/armv7-m\libc_s.a(lib_a-stdio.o)
                0x00008478                __sread
 .text.__seofread
                0x0000849a        0x4 c:/users/nuc/downloads/mbed2014_sdk85/gcc-arm-none-eabi/bin/../lib/gcc/arm-none-eabi/4.8.3/../../../../arm-none-eabi/lib/armv7-m\libc_s.a(lib_a-stdio.o)
                0x0000849a                __seofread
 .text.__swrite
                0x0000849e       0x38 c:/users/nuc/downloads/mbed2014_sdk85/gcc-arm-none-eabi/bin/../lib/gcc/arm-none-eabi/4.8.3/../../../../arm-none-eabi/lib/armv7-m\libc_s.a(lib_a-stdio.o)
                0x0000849e                __swrite
 .text.__sseek  0x000084d6       0x24 c:/users/nuc/downloads/mbed2014_sdk85/gcc-arm-none-eabi/bin/../lib/gcc/arm-none-eabi/4.8.3/../../../../arm-none-eabi/lib/armv7-m\libc_s.a(lib_a-stdio.o)
                0x000084d6                __sseek
 .text.__sclose
                0x000084fa        0x8 c:/users/nuc/downloads/mbed2014_sdk85/gcc-arm-none-eabi/bin/../lib/gcc/arm-none-eabi/4.8.3/../../../../arm-none-eabi/lib/armv7-m\libc_s.a(lib_a-stdio.o)
                0x000084fa                __sclose
 .text          0x00008502       0x14 c:/users/nuc/downloads/mbed2014_sdk85/gcc-arm-none-eabi/bin/../lib/gcc/arm-none-eabi/4.8.3/../../../../arm-none-eabi/lib/armv7-m\libc_s.a(lib_a-strcmp.o)
                0x00008502                strcmp
 .text.strlen   0x00008516       0x10 c:/users/nuc/downloads/mbed2014_sdk85/gcc-arm-none-eabi/bin/../lib/gcc/arm-none-eabi/4.8.3/../../../../arm-none-eabi/lib/armv7-m\libc_s.a(lib_a-strlen.o)
                0x00008516                strlen
 .text.strncmp  0x00008526       0x2c c:/users/nuc/downloads/mbed2014_sdk85/gcc-arm-none-eabi/bin/../lib/gcc/arm-none-eabi/4.8.3/../../../../arm-none-eabi/lib/armv7-m\libc_s.a(lib_a-strncmp.o)
                0x00008526                strncmp
 .text.strstr   0x00008552       0x32 c:/users/nuc/downloads/mbed2014_sdk85/gcc-arm-none-eabi/bin/../lib/gcc/arm-none-eabi/4.8.3/../../../../arm-none-eabi/lib/armv7-m\libc_s.a(lib_a-strstr.o)
                0x00008552                strstr
 .text.__ssputs_r
                0x00008584       0xb8 c:/users/nuc/downloads/mbed2014_sdk85/gcc-arm-none-eabi/bin/../lib/gcc/arm-none-eabi/4.8.3/../../../../arm-none-eabi/lib/armv7-m\libc_s.a(lib_a-svfprintf.o)
                0x00008584                __ssputs_r
 .text._svfprintf_r
                0x0000863c      0x1d8 c:/users/nuc/downloads/mbed2014_sdk85/gcc-arm-none-eabi/bin/../lib/gcc/arm-none-eabi/4.8.3/../../../../arm-none-eabi/lib/armv7-m\libc_s.a(lib_a-svfprintf.o)
                0x0000863c                _svfiprintf_r
                0x0000863c                _svfprintf_r
 .text._sungetc_r
                0x00008814       0x7a c:/users/nuc/downloads/mbed2014_sdk85/gcc-arm-none-eabi/bin/../lib/gcc/arm-none-eabi/4.8.3/../../../../arm-none-eabi/lib/armv7-m\libc_s.a(lib_a-svfscanf.o)
                0x00008814                _sungetc_r
 .text.__ssrefill_r
                0x0000888e       0x3a c:/users/nuc/downloads/mbed2014_sdk85/gcc-arm-none-eabi/bin/../lib/gcc/arm-none-eabi/4.8.3/../../../../arm-none-eabi/lib/armv7-m\libc_s.a(lib_a-svfscanf.o)
                0x0000888e                __ssrefill_r
 .text.__ssvfscanf_r
                0x000088c8      0x29c c:/users/nuc/downloads/mbed2014_sdk85/gcc-arm-none-eabi/bin/../lib/gcc/arm-none-eabi/4.8.3/../../../../arm-none-eabi/lib/armv7-m\libc_s.a(lib_a-svfscanf.o)
                0x000088c8                __ssvfiscanf_r
                0x000088c8                __ssvfscanf_r
 .text.__submore
                0x00008b64       0x72 c:/users/nuc/downloads/mbed2014_sdk85/gcc-arm-none-eabi/bin/../lib/gcc/arm-none-eabi/4.8.3/../../../../arm-none-eabi/lib/armv7-m\libc_s.a(lib_a-ungetc.o)
                0x00008b64                __submore
 .text.__sfputc_r
                0x00008bd6       0x2c c:/users/nuc/downloads/mbed2014_sdk85/gcc-arm-none-eabi/bin/../lib/gcc/arm-none-eabi/4.8.3/../../../../arm-none-eabi/lib/armv7-m\libc_s.a(lib_a-vfprintf.o)
 .text.__sfputs_r
                0x00008c02       0x24 c:/users/nuc/downloads/mbed2014_sdk85/gcc-arm-none-eabi/bin/../lib/gcc/arm-none-eabi/4.8.3/../../../../arm-none-eabi/lib/armv7-m\libc_s.a(lib_a-vfprintf.o)
                0x00008c02                __sfputs_r
 *fill*         0x00008c26        0x2 
 .text._vfprintf_r
                0x00008c28      0x208 c:/users/nuc/downloads/mbed2014_sdk85/gcc-arm-none-eabi/bin/../lib/gcc/arm-none-eabi/4.8.3/../../../../arm-none-eabi/lib/armv7-m\libc_s.a(lib_a-vfprintf.o)
                0x00008c28                _vfprintf_r
                0x00008c28                _vfiprintf_r
 .text.vfprintf
                0x00008e30       0x1c c:/users/nuc/downloads/mbed2014_sdk85/gcc-arm-none-eabi/bin/../lib/gcc/arm-none-eabi/4.8.3/../../../../arm-none-eabi/lib/armv7-m\libc_s.a(lib_a-vfprintf.o)
                0x00008e30                vfprintf
                0x00008e30                vfiprintf
 .text.__cvt    0x00008e4c       0xc0 c:/users/nuc/downloads/mbed2014_sdk85/gcc-arm-none-eabi/bin/../lib/gcc/arm-none-eabi/4.8.3/../../../../arm-none-eabi/lib/armv7-m\libc_s.a(lib_a-vfprintf_float.o)
                0x00008e4c                __cvt
 .text.__exponent